******************************************************************************
             TMS320C2000 Linker PC v18.12.2                    
******************************************************************************
>> Linked Tue Dec 24 15:20:29 2019

OUTPUT FILE NAME:   <_DSPduino(TMS320F28035).out>
ENTRY POINT SYMBOL: "_c_int00"  address: 003ead19


MEMORY CONFIGURATION

         name            origin    length      used     unused   attr    fill
----------------------  --------  ---------  --------  --------  ----  --------
PAGE 0:
  RAML0                 00008000   00000800  00000004  000007fc  RWIX
  RAML1                 00008800   00000400  00000000  00000400  RWIX
  RAML2                 00008c00   00000400  00000000  00000400  RWIX
  OTP                   003d7800   00000400  00000000  00000400  RWIX
  FLASHH                003e8000   00004000  00003177  00000e89  RWIX
  FLASHF                003ec000   00002000  00000000  00002000  RWIX
  FLASHE                003ee000   00002000  00000000  00002000  RWIX
  FLASHD                003f0000   00002000  00000004  00001ffc  RWIX
  FLASHC                003f2000   00002000  00000000  00002000  RWIX
  FLASHA                003f6000   00001f80  00000d1a  00001266  RWIX
  CSM_RSVD              003f7f80   00000076  00000000  00000076  RWIX
  BEGIN                 003f7ff6   00000002  00000002  00000000  RWIX
  CSM_PWL_P0            003f7ff8   00000008  00000000  00000008  RWIX
  IQTABLES              003fe000   00000b50  00000000  00000b50  RWIX
  IQTABLES2             003feb50   0000008c  00000000  0000008c  RWIX
  IQTABLES3             003febdc   000000aa  00000000  000000aa  RWIX
  ROM                   003ff27c   00000d44  00000000  00000d44  RWIX
  RESET                 003fffc0   00000002  00000000  00000002  RWIX
  VECTORS               003fffc2   0000003e  00000000  0000003e  RWIX

PAGE 1:
  BOOT_RSVD             00000000   00000050  00000000  00000050  RWIX
  RAMM0                 00000050   000003b0  00000300  000000b0  RWIX
  RAMM1                 00000400   00000400  00000000  00000400  RWIX
  DEV_EMU               00000880   00000180  00000106  0000007a  RWIX
  FLASH_REGS            00000a80   00000060  00000008  00000058  RWIX
  CSM                   00000ae0   00000010  00000010  00000000  RWIX
  ADC_RESULT            00000b00   00000020  00000020  00000000  RWIX
  CPU_TIMER0            00000c00   00000008  00000008  00000000  RWIX
  CPU_TIMER1            00000c08   00000008  00000008  00000000  RWIX
  CPU_TIMER2            00000c10   00000008  00000008  00000000  RWIX
  PIE_CTRL              00000ce0   00000020  0000001a  00000006  RWIX
  PIE_VECT              00000d00   00000100  00000100  00000000  RWIX
  CLA1                  00001400   00000080  00000040  00000040  RWIX
  ECANA                 00006000   00000040  00000034  0000000c  RWIX
  ECANA_LAM             00006040   00000040  00000040  00000000  RWIX
  ECANA_MOTS            00006080   00000040  00000040  00000000  RWIX
  ECANA_MOTO            000060c0   00000040  00000040  00000000  RWIX
  ECANA_MBOX            00006100   00000100  00000100  00000000  RWIX
  COMP1                 00006400   00000020  00000011  0000000f  RWIX
  COMP2                 00006420   00000020  00000011  0000000f  RWIX
  COMP3                 00006440   00000020  00000011  0000000f  RWIX
  EPWM1                 00006800   00000040  0000003a  00000006  RWIX
  EPWM2                 00006840   00000040  0000003a  00000006  RWIX
  EPWM3                 00006880   00000040  0000003a  00000006  RWIX
  EPWM4                 000068c0   00000040  0000003a  00000006  RWIX
  EPWM5                 00006900   00000040  0000003a  00000006  RWIX
  EPWM6                 00006940   00000040  0000003a  00000006  RWIX
  EPWM7                 00006980   00000040  0000003a  00000006  RWIX
  ECAP1                 00006a00   00000020  00000020  00000000  RWIX
  EQEP1                 00006b00   00000040  00000040  00000000  RWIX
  LINA                  00006c00   00000080  0000004a  00000036  RWIX
  GPIOCTRL              00006f80   00000040  00000040  00000000  RWIX
  GPIODAT               00006fc0   00000020  00000020  00000000  RWIX
  GPIOINT               00006fe0   00000020  0000000c  00000014  RWIX
  SYSTEM                00007010   00000020  00000020  00000000  RWIX
  SPIA                  00007040   00000010  00000010  00000000  RWIX
  SCIA                  00007050   00000010  00000010  00000000  RWIX
  NMIINTRUPT            00007060   00000010  00000010  00000000  RWIX
  XINTRUPT              00007070   00000010  00000010  00000000  RWIX
  ADC                   00007100   00000080  00000050  00000030  RWIX
  SPIB                  00007740   00000010  00000010  00000000  RWIX
  I2CA                  00007900   00000040  00000022  0000001e  RWIX
  RAML3                 00009000   00001000  0000099c  00000664  RWIX
  PARTID                003d7e80   00000001  00000001  00000000  RWIX
  FLASHB                003f4000   00002000  00000000  00002000  RWIX
  CSM_PWL               003f7ff8   00000008  00000008  00000000  RWIX


SECTION ALLOCATION MAP

 output                                  attributes/
section   page    origin      length       input sections
--------  ----  ----------  ----------   ----------------
.text      0    003e8000    00003177     
                  003e8000    0000124b     Adafruit_GFX.obj (.text)
                  003e924b    00000565     main.obj (.text)
                  003e97b0    00000561     Adafruit_SSD1306.obj (.text)
                  003e9d11    000003ee     Print.obj (.text)
                  003ea0ff    000001e5     rts2800_ml.lib : memory.c.obj (.text)
                  003ea2e4    00000172     DSP2803x_DefaultIsr.obj (.text:retain)
                  003ea456    0000015d     Wire.obj (.text)
                  003ea5b3    00000137     DSP2803x_SysCtrl.obj (.text)
                  003ea6ea    00000107     rts2800_ml.lib : ll_div28.asm.obj (.text)
                  003ea7f1    000000ad     WireBase.obj (.text)
                  003ea89e    000000a4     Arduino.obj (.text)
                  003ea942    0000009c     rts2800_ml.lib : fd_add28.asm.obj (.text)
                  003ea9de    0000008b                    : fd_div28.asm.obj (.text)
                  003eaa69    00000083                    : fd_mpy28.asm.obj (.text)
                  003eaaec    00000083                    : fs_div28.asm.obj (.text)
                  003eab6f    00000078                    : fs_add28.asm.obj (.text)
                  003eabe7    00000076     HardwareSerial.obj (.text)
                  003eac5d    00000062     DSP2803x_CpuTimers.obj (.text)
                  003eacbf    0000005a     rts2800_ml.lib : fs_mpy28.asm.obj (.text)
                  003ead19    00000054                    : boot28.asm.obj (.text)
                  003ead6d    00000035     delay.obj (.text)
                  003eada2    00000034     rts2800_ml.lib : dtor_list.c.obj (.text)
                  003eadd6    0000002a                    : fd_cmp28.asm.obj (.text)
                  003eae00    0000002a                    : l_div28.asm.obj (.text)
                  003eae2a    00000029                    : exit.c.obj (.text)
                  003eae53    00000029                    : fs_tol28.asm.obj (.text)
                  003eae7c    00000028     DSP2803x_PieCtrl.obj (.text)
                  003eaea4    00000025     rts2800_ml.lib : fs_toi28.asm.obj (.text)
                  003eaec9    00000024                    : cpy_tbl.c.obj (.text)
                  003eaeed    00000024                    : fs_toll28.asm.obj (.text)
                  003eaf11    00000022                    : i_div28.asm.obj (.text)
                  003eaf33    00000022                    : ll_tofs28.asm.obj (.text)
                  003eaf55    00000021                    : fd_toi28.asm.obj (.text)
                  003eaf76    0000001f                    : fd_tol28.asm.obj (.text)
                  003eaf95    0000001e                    : ll_cmp28.asm.obj (.text)
                  003eafb3    0000001d                    : i_tofd28.asm.obj (.text)
                  003eafd0    0000001d                    : memcpy.c.obj (.text)
                  003eafed    0000001c                    : fs_tofd28.asm.obj (.text)
                  003eb009    0000001c                    : l_tofd28.asm.obj (.text)
                  003eb025    0000001a                    : i_tofs28.asm.obj (.text)
                  003eb03f    0000001a                    : l_tofs28.asm.obj (.text)
                  003eb059    00000019                    : args_main.c.obj (.text)
                  003eb072    00000019                    : prolog28.asm.obj (.text)
                  003eb08b    00000018                    : ll_aox28.asm.obj (.text)
                  003eb0a3    00000017                    : fs_cmp28.asm.obj (.text)
                  003eb0ba    00000015                    : strncpy.c.obj (.text)
                  003eb0cf    00000014                    : rand.c.obj (.text)
                  003eb0e3    00000012     delay.obj (.text:retain)
                  003eb0f5    00000011     DSP2803x_PieVect.obj (.text)
                  003eb106    0000000e     rts2800_ml.lib : fd_sub28.asm.obj (.text)
                  003eb114    0000000e                    : new.c.obj (.text)
                  003eb122    0000000c                    : epilog28.asm.obj (.text)
                  003eb12e    0000000b                    : u_div28.asm.obj (.text)
                  003eb139    00000009                    : fd_neg28.asm.obj (.text)
                  003eb142    00000008     DSP2803x_CodeStartBranch.obj (.text)
                  003eb14a    00000008     rts2800_ml.lib : strlen.c.obj (.text)
                  003eb152    00000007     DSP2803x_DisInt.obj (.text)
                  003eb159    00000007     rts2800_ml.lib : memset.c.obj (.text)
                  003eb160    00000005                    : delete.c.obj (.text)
                  003eb165    00000005                    : fs_neg28.asm.obj (.text)
                  003eb16a    00000003     DSP2803x_DBGIER.obj (.text)
                  003eb16d    00000003     rts2800_ml.lib : error.c.obj (.text)
                  003eb170    00000003                    : pure_virt.c.obj (.text)
                  003eb173    00000002                    : pre_init.c.obj (.text)
                  003eb175    00000001                    : _lock.c.obj (.text)
                  003eb176    00000001                    : startup.c.obj (.text)

ramfuncs   0    003f0000    00000004     RUN ADDR = 00008000
                  003f0000    00000004     DSP2803x_usDelay.obj (ramfuncs)

.econst    0    003f6000    000008b7     
                  003f6000    00000500     Adafruit_GFX.obj (.econst:.string:_font)
                  003f6500    00000100     DSP2803x_PieVect.obj (.econst:_PieVectTableInit)
                  003f6600    00000050     Adafruit_GFX.obj (.econst:___vtbl__10GFXcanvas1)
                  003f6650    00000050     Adafruit_GFX.obj (.econst:___vtbl__10GFXcanvas8)
                  003f66a0    00000050     Adafruit_GFX.obj (.econst:___vtbl__11GFXcanvas16)
                  003f66f0    00000050     Adafruit_GFX.obj (.econst:___vtbl__12Adafruit_GFX)
                  003f6740    00000050     Adafruit_SSD1306.obj (.econst:___vtbl__16Adafruit_SSD1306)
                  003f6790    00000029     main.obj (.econst:.string)
                  003f67b9    00000001     --HOLE-- [fill = 0]
                  003f67ba    00000026     <whole-program> (.econst:.string)
                  003f67e0    00000024     <whole-program> (.econst)
                  003f6804    00000020     main.obj (.econst:.string:_logo16_glcd_bmp)
                  003f6824    00000020     HardwareSerial.obj (.econst:___vtbl__14HardwareSerial)
                  003f6844    00000020     HardwareSerial.obj (.econst:___vtbl__6Stream)
                  003f6864    00000019     Print.obj (.econst:.string)
                  003f687d    00000001     --HOLE-- [fill = 0]
                  003f687e    00000010     Print.obj (.econst:___vtbl__5Print)
                  003f688e    0000000c     Wire.obj (.econst:___vtbl__7TwoWire)
                  003f689a    0000000c     WireBase.obj (.econst:___vtbl__8WireBase)
                  003f68a6    00000009     dtostrf.obj (.econst:.string)
                  003f68af    00000001     --HOLE-- [fill = 0]
                  003f68b0    00000002     rts2800_ml.lib : _lock.c.obj (.econst:__lock)
                  003f68b2    00000002                    : vars.c.obj (.econst)
                  003f68b4    00000001     Stream.obj (.econst:.string)
                  003f68b5    00000001     --HOLE-- [fill = 0]
                  003f68b6    00000001     WString.obj (.econst:.string)

.cinit     0    003f68b7    0000045b     
                  003f68b7    00000403     Adafruit_SSD1306.obj (.cinit:_buffer)
                  003f6cba    00000024     <whole-program> (.cinit)
                  003f6cde    0000000e     rts2800_ml.lib : exit.c.obj (.cinit)
                  003f6cec    0000000b     Adafruit_SSD1306.obj (.cinit:_postmask__L4__drawFastVLineInternal__16Adafruit_SSD1306FiN21Ui)
                  003f6cf7    0000000b     Adafruit_SSD1306.obj (.cinit:_premask__L1__drawFastVLineInternal__16Adafruit_SSD1306FiN21Ui)
                  003f6d02    00000009     Wire.obj (.cinit)
                  003f6d0b    00000005     delay.obj (.cinit)
                  003f6d10    00000002     --HOLE-- [fill = 0]

.pinit     0    003f6d12    00000008     
                  003f6d12    00000002     HardwareSerial.obj (.pinit)
                  003f6d14    00000002     Wire.obj (.pinit)
                  003f6d16    00000002     main.obj (.pinit)
                  003f6d18    00000002     --HOLE-- [fill = 0]

codestart 
*          0    003f7ff6    00000002     
                  003f7ff6    00000002     DSP2803x_CodeStartBranch.obj (codestart)

.stack     1    00000050    00000300     UNINITIALIZED
                  00000050    00000300     --HOLE--

DevEmuRegsFile 
*          1    00000880    00000106     UNINITIALIZED
                  00000880    00000106     DSP2803x_GlobalVariableDefs.obj (DevEmuRegsFile)

FlashRegsFile 
*          1    00000a80    00000008     UNINITIALIZED
                  00000a80    00000008     DSP2803x_GlobalVariableDefs.obj (FlashRegsFile)

CsmRegsFile 
*          1    00000ae0    00000010     UNINITIALIZED
                  00000ae0    00000010     DSP2803x_GlobalVariableDefs.obj (CsmRegsFile)

AdcResultFile 
*          1    00000b00    00000020     UNINITIALIZED
                  00000b00    00000020     DSP2803x_GlobalVariableDefs.obj (AdcResultFile)

CpuTimer0RegsFile 
*          1    00000c00    00000008     UNINITIALIZED
                  00000c00    00000008     DSP2803x_GlobalVariableDefs.obj (CpuTimer0RegsFile)

CpuTimer1RegsFile 
*          1    00000c08    00000008     UNINITIALIZED
                  00000c08    00000008     DSP2803x_GlobalVariableDefs.obj (CpuTimer1RegsFile)

CpuTimer2RegsFile 
*          1    00000c10    00000008     UNINITIALIZED
                  00000c10    00000008     DSP2803x_GlobalVariableDefs.obj (CpuTimer2RegsFile)

PieCtrlRegsFile 
*          1    00000ce0    0000001a     UNINITIALIZED
                  00000ce0    0000001a     DSP2803x_GlobalVariableDefs.obj (PieCtrlRegsFile)

ECanaMOTSRegsFile 
*          1    00006080    00000040     UNINITIALIZED
                  00006080    00000040     DSP2803x_GlobalVariableDefs.obj (ECanaMOTSRegsFile)

ECanaMOTORegsFile 
*          1    000060c0    00000040     UNINITIALIZED
                  000060c0    00000040     DSP2803x_GlobalVariableDefs.obj (ECanaMOTORegsFile)

Comp1RegsFile 
*          1    00006400    00000011     UNINITIALIZED
                  00006400    00000011     DSP2803x_GlobalVariableDefs.obj (Comp1RegsFile)

Comp2RegsFile 
*          1    00006420    00000011     UNINITIALIZED
                  00006420    00000011     DSP2803x_GlobalVariableDefs.obj (Comp2RegsFile)

Comp3RegsFile 
*          1    00006440    00000011     UNINITIALIZED
                  00006440    00000011     DSP2803x_GlobalVariableDefs.obj (Comp3RegsFile)

EPwm1RegsFile 
*          1    00006800    0000003a     UNINITIALIZED
                  00006800    0000003a     DSP2803x_GlobalVariableDefs.obj (EPwm1RegsFile)

EPwm2RegsFile 
*          1    00006840    0000003a     UNINITIALIZED
                  00006840    0000003a     DSP2803x_GlobalVariableDefs.obj (EPwm2RegsFile)

EPwm3RegsFile 
*          1    00006880    0000003a     UNINITIALIZED
                  00006880    0000003a     DSP2803x_GlobalVariableDefs.obj (EPwm3RegsFile)

EPwm4RegsFile 
*          1    000068c0    0000003a     UNINITIALIZED
                  000068c0    0000003a     DSP2803x_GlobalVariableDefs.obj (EPwm4RegsFile)

EPwm5RegsFile 
*          1    00006900    0000003a     UNINITIALIZED
                  00006900    0000003a     DSP2803x_GlobalVariableDefs.obj (EPwm5RegsFile)

EPwm6RegsFile 
*          1    00006940    0000003a     UNINITIALIZED
                  00006940    0000003a     DSP2803x_GlobalVariableDefs.obj (EPwm6RegsFile)

EPwm7RegsFile 
*          1    00006980    0000003a     UNINITIALIZED
                  00006980    0000003a     DSP2803x_GlobalVariableDefs.obj (EPwm7RegsFile)

SciaRegsFile 
*          1    00007050    00000010     UNINITIALIZED
                  00007050    00000010     DSP2803x_GlobalVariableDefs.obj (SciaRegsFile)

NmiIntruptRegsFile 
*          1    00007060    00000010     UNINITIALIZED
                  00007060    00000010     DSP2803x_GlobalVariableDefs.obj (NmiIntruptRegsFile)

XIntruptRegsFile 
*          1    00007070    00000010     UNINITIALIZED
                  00007070    00000010     DSP2803x_GlobalVariableDefs.obj (XIntruptRegsFile)

AdcRegsFile 
*          1    00007100    00000050     UNINITIALIZED
                  00007100    00000050     DSP2803x_GlobalVariableDefs.obj (AdcRegsFile)

.ebss      1    00009000    0000059c     UNINITIALIZED
                  00009000    00000400     Adafruit_SSD1306.obj (.ebss:_buffer)
                  00009400    000000ac     HardwareSerial.obj (.ebss)
                  000094ac    0000000c     rts2800_ml.lib : dtor_list.c.obj (.ebss)
                  000094b8    00000008     Adafruit_SSD1306.obj (.ebss:_postmask__L4__drawFastVLineInternal__16Adafruit_SSD1306FiN21Ui)
                  000094c0    00000090     Wire.obj (.ebss)
                  00009550    0000001a     main.obj (.ebss)
                  0000956a    00000008     Adafruit_SSD1306.obj (.ebss:_premask__L1__drawFastVLineInternal__16Adafruit_SSD1306FiN21Ui)
                  00009572    00000006     rts2800_ml.lib : exit.c.obj (.ebss)
                  00009578    00000004                    : memory.c.obj (.ebss)
                  0000957c    00000002     DSP2803x_Lin.obj (.ebss)
                  0000957e    00000002     delay.obj (.ebss)
                  00009580    00000018     DSP2803x_CpuTimers.obj (.ebss)
                  00009598    00000002     rts2800_ml.lib : rand.c.obj (.ebss)
                  0000959a    00000001     WString.obj (.ebss)
                  0000959b    00000001     rts2800_ml.lib : errno.c.obj (.ebss)

.esysmem   1    0000959c    00000400     UNINITIALIZED
                  0000959c    00000004     rts2800_ml.lib : memory.c.obj (.esysmem)
                  000095a0    000003fc     --HOLE--

.reset     0    003fffc0    00000002     DSECT
                  003fffc0    00000002     rts2800_ml.lib : boot28.asm.obj (.reset)

vectors    0    003fffc2    00000000     DSECT

PieVectTableFile 
*          1    00000d00    00000100     UNINITIALIZED
                  00000d00    00000100     DSP2803x_GlobalVariableDefs.obj (PieVectTableFile)

EmuKeyVar 
*          1    00000d00    00000001     UNINITIALIZED
                  00000d00    00000001     DSP2803x_GlobalVariableDefs.obj (EmuKeyVar)

EmuBModeVar 
*          1    00000d01    00000001     UNINITIALIZED
                  00000d01    00000001     DSP2803x_GlobalVariableDefs.obj (EmuBModeVar)

FlashCallbackVar 
*          1    00000d02    00000002     UNINITIALIZED
                  00000d02    00000002     DSP2803x_GlobalVariableDefs.obj (FlashCallbackVar)

FlashScalingVar 
*          1    00000d04    00000002     UNINITIALIZED
                  00000d04    00000002     DSP2803x_GlobalVariableDefs.obj (FlashScalingVar)

Cla1RegsFile 
*          1    00001400    00000040     UNINITIALIZED
                  00001400    00000040     DSP2803x_GlobalVariableDefs.obj (Cla1RegsFile)

ECanaRegsFile 
*          1    00006000    00000034     UNINITIALIZED
                  00006000    00000034     DSP2803x_GlobalVariableDefs.obj (ECanaRegsFile)

ECanaLAMRegsFile 
*          1    00006040    00000040     UNINITIALIZED
                  00006040    00000040     DSP2803x_GlobalVariableDefs.obj (ECanaLAMRegsFile)

ECanaMboxesFile 
*          1    00006100    00000100     UNINITIALIZED
                  00006100    00000100     DSP2803x_GlobalVariableDefs.obj (ECanaMboxesFile)

ECap1RegsFile 
*          1    00006a00    00000020     UNINITIALIZED
                  00006a00    00000020     DSP2803x_GlobalVariableDefs.obj (ECap1RegsFile)

EQep1RegsFile 
*          1    00006b00    00000040     UNINITIALIZED
                  00006b00    00000040     DSP2803x_GlobalVariableDefs.obj (EQep1RegsFile)

LinaRegsFile 
*          1    00006c00    0000004a     UNINITIALIZED
                  00006c00    0000004a     DSP2803x_GlobalVariableDefs.obj (LinaRegsFile)

GpioCtrlRegsFile 
*          1    00006f80    00000040     UNINITIALIZED
                  00006f80    00000040     DSP2803x_GlobalVariableDefs.obj (GpioCtrlRegsFile)

GpioDataRegsFile 
*          1    00006fc0    00000020     UNINITIALIZED
                  00006fc0    00000020     DSP2803x_GlobalVariableDefs.obj (GpioDataRegsFile)

GpioIntRegsFile 
*          1    00006fe0    0000000c     UNINITIALIZED
                  00006fe0    0000000c     DSP2803x_GlobalVariableDefs.obj (GpioIntRegsFile)

SysCtrlRegsFile 
*          1    00007010    00000020     UNINITIALIZED
                  00007010    00000020     DSP2803x_GlobalVariableDefs.obj (SysCtrlRegsFile)

SpiaRegsFile 
*          1    00007040    00000010     UNINITIALIZED
                  00007040    00000010     DSP2803x_GlobalVariableDefs.obj (SpiaRegsFile)

SpibRegsFile 
*          1    00007740    00000010     UNINITIALIZED
                  00007740    00000010     DSP2803x_GlobalVariableDefs.obj (SpibRegsFile)

I2caRegsFile 
*          1    00007900    00000022     UNINITIALIZED
                  00007900    00000022     DSP2803x_GlobalVariableDefs.obj (I2caRegsFile)

PartIdRegsFile 
*          1    003d7e80    00000001     UNINITIALIZED
                  003d7e80    00000001     DSP2803x_GlobalVariableDefs.obj (PartIdRegsFile)

CsmPwlFile 
*          1    003f7ff8    00000008     UNINITIALIZED
                  003f7ff8    00000008     DSP2803x_GlobalVariableDefs.obj (CsmPwlFile)

MODULE SUMMARY

       Module                                   code    initialized data   uninitialized data
       ------                                   ----    ----------------   ------------------
    .\ArduinoAPI\
       Print.obj                                1006    41                 0                 
       Wire.obj                                 349     23                 144               
       HardwareSerial.obj                       118     66                 172               
       WireBase.obj                             173     12                 0                 
       Arduino.obj                              164     0                  0                 
       dtostrf.obj                              0       9                  0                 
       WString.obj                              0       1                  1                 
       Stream.obj                               0       1                  0                 
    +--+----------------------------------------+-------+------------------+--------------------+
       Total:                                   1810    153                317               
                                                                                             
    .\Core\
       delay.obj                                71      5                  2                 
    +--+----------------------------------------+-------+------------------+--------------------+
       Total:                                   71      5                  2                 
                                                                                             
    .\Core\28035_source\DSP2803x_common\source\
       DSP2803x_DefaultIsr.obj                  370     0                  0                 
       DSP2803x_SysCtrl.obj                     311     0                  0                 
       DSP2803x_PieVect.obj                     17      256                0                 
       DSP2803x_CpuTimers.obj                   98      0                  24                
       DSP2803x_PieCtrl.obj                     40      0                  0                 
       DSP2803x_CodeStartBranch.obj             10      0                  0                 
       DSP2803x_usDelay.obj                     8       0                  0                 
       DSP2803x_DisInt.obj                      7       0                  0                 
       DSP2803x_DBGIER.obj                      3       0                  0                 
       DSP2803x_Lin.obj                         0       0                  2                 
    +--+----------------------------------------+-------+------------------+--------------------+
       Total:                                   864     256                26                
                                                                                             
    .\Core\28035_source\DSP2803x_headers\source\
       DSP2803x_GlobalVariableDefs.obj          0       0                  2164              
    +--+----------------------------------------+-------+------------------+--------------------+
       Total:                                   0       0                  2164              
                                                                                             
    .\Libraries\Adafruit_GFX_Library\
       Adafruit_GFX.obj                         4683    1600               0                 
    +--+----------------------------------------+-------+------------------+--------------------+
       Total:                                   4683    1600               0                 
                                                                                             
    .\Libraries\Adafruit_SSD1306\
       Adafruit_SSD1306.obj                     1377    1129               1040              
    +--+----------------------------------------+-------+------------------+--------------------+
       Total:                                   1377    1129               1040              
                                                                                             
    .\USER\
       main.obj                                 1381    75                 26                
    +--+----------------------------------------+-------+------------------+--------------------+
       Total:                                   1381    75                 26                
                                                                                             
    C:\Users\_VIFEX~1\AppData\Local\Temp\
       {8FDD77FB-745D-4DA7-9872-761CB5C52EC1}   0       110                0                 
    +--+----------------------------------------+-------+------------------+--------------------+
       Total:                                   0       110                0                 
                                                                                             
    C:\ti\ccs910\ccs\tools\compiler\ti-cgt-c2000_18.12.2.LTS\lib\rts2800_ml.lib
       memory.c.obj                             485     0                  4                 
       ll_div28.asm.obj                         263     0                  0                 
       fd_add28.asm.obj                         156     0                  0                 
       fd_div28.asm.obj                         139     0                  0                 
       fd_mpy28.asm.obj                         131     0                  0                 
       fs_div28.asm.obj                         131     0                  0                 
       fs_add28.asm.obj                         120     0                  0                 
       fs_mpy28.asm.obj                         90      0                  0                 
       boot28.asm.obj                           84      0                  0                 
       dtor_list.c.obj                          52      0                  12                
       exit.c.obj                               41      14                 6                 
       fd_cmp28.asm.obj                         42      0                  0                 
       l_div28.asm.obj                          42      0                  0                 
       fs_tol28.asm.obj                         41      0                  0                 
       fs_toi28.asm.obj                         37      0                  0                 
       cpy_tbl.c.obj                            36      0                  0                 
       fs_toll28.asm.obj                        36      0                  0                 
       i_div28.asm.obj                          34      0                  0                 
       ll_tofs28.asm.obj                        34      0                  0                 
       fd_toi28.asm.obj                         33      0                  0                 
       fd_tol28.asm.obj                         31      0                  0                 
       ll_cmp28.asm.obj                         30      0                  0                 
       i_tofd28.asm.obj                         29      0                  0                 
       memcpy.c.obj                             29      0                  0                 
       fs_tofd28.asm.obj                        28      0                  0                 
       l_tofd28.asm.obj                         28      0                  0                 
       i_tofs28.asm.obj                         26      0                  0                 
       l_tofs28.asm.obj                         26      0                  0                 
       args_main.c.obj                          25      0                  0                 
       prolog28.asm.obj                         25      0                  0                 
       ll_aox28.asm.obj                         24      0                  0                 
       fs_cmp28.asm.obj                         23      0                  0                 
       rand.c.obj                               20      0                  2                 
       strncpy.c.obj                            21      0                  0                 
       fd_sub28.asm.obj                         14      0                  0                 
       new.c.obj                                14      0                  0                 
       epilog28.asm.obj                         12      0                  0                 
       u_div28.asm.obj                          11      0                  0                 
       fd_neg28.asm.obj                         9       0                  0                 
       strlen.c.obj                             8       0                  0                 
       memset.c.obj                             7       0                  0                 
       delete.c.obj                             5       0                  0                 
       fs_neg28.asm.obj                         5       0                  0                 
       _lock.c.obj                              1       2                  0                 
       error.c.obj                              3       0                  0                 
       pure_virt.c.obj                          3       0                  0                 
       pre_init.c.obj                           2       0                  0                 
       vars.c.obj                               0       2                  0                 
       errno.c.obj                              0       0                  1                 
       startup.c.obj                            1       0                  0                 
    +--+----------------------------------------+-------+------------------+--------------------+
       Total:                                   2487    18                 25                
                                                                                             
       Heap:                                    0       0                  1024              
       Stack:                                   0       0                  768               
    +--+----------------------------------------+-------+------------------+--------------------+
       Grand Total:                             12673   3346               5392              


GLOBAL DATA SYMBOLS: SORTED BY DATA PAGE

address     data page           name
--------    ----------------    ----
00000050       1 (00000040)     __stack

00000880      22 (00000880)     _DevEmuRegs

00000a80      2a (00000a80)     _FlashRegs

00000ae0      2b (00000ac0)     _CsmRegs

00000b00      2c (00000b00)     _AdcResult

00000c00      30 (00000c00)     _CpuTimer0Regs
00000c08      30 (00000c00)     _CpuTimer1Regs
00000c10      30 (00000c00)     _CpuTimer2Regs

00000ce0      33 (00000cc0)     _PieCtrlRegs

00000d00      34 (00000d00)     _EmuKey
00000d00      34 (00000d00)     _PieVectTable
00000d01      34 (00000d00)     _EmuBMode
00000d02      34 (00000d00)     _Flash_CallbackPtr
00000d04      34 (00000d00)     _Flash_CPUScaleFactor

00001400      50 (00001400)     _Cla1Regs

00006000     180 (00006000)     _ECanaRegs

00006040     181 (00006040)     _ECanaLAMRegs

00006080     182 (00006080)     _ECanaMOTSRegs

000060c0     183 (000060c0)     _ECanaMOTORegs

00006100     184 (00006100)     _ECanaMboxes

00006400     190 (00006400)     _Comp1Regs
00006420     190 (00006400)     _Comp2Regs

00006440     191 (00006440)     _Comp3Regs

00006800     1a0 (00006800)     _EPwm1Regs

00006840     1a1 (00006840)     _EPwm2Regs

00006880     1a2 (00006880)     _EPwm3Regs

000068c0     1a3 (000068c0)     _EPwm4Regs

00006900     1a4 (00006900)     _EPwm5Regs

00006940     1a5 (00006940)     _EPwm6Regs

00006980     1a6 (00006980)     _EPwm7Regs

00006a00     1a8 (00006a00)     _ECap1Regs

00006b00     1ac (00006b00)     _EQep1Regs

00006c00     1b0 (00006c00)     _LinaRegs

00006f80     1be (00006f80)     _GpioCtrlRegs

00006fc0     1bf (00006fc0)     _GpioDataRegs
00006fe0     1bf (00006fc0)     _GpioIntRegs

00007010     1c0 (00007000)     _SysCtrlRegs

00007040     1c1 (00007040)     _SpiaRegs
00007050     1c1 (00007040)     _SciaRegs
00007060     1c1 (00007040)     _NmiIntruptRegs
00007070     1c1 (00007040)     _XIntruptRegs

00007100     1c4 (00007100)     _AdcRegs

00007740     1dd (00007740)     _SpibRegs

00007900     1e4 (00007900)     _I2caRegs

00009400     250 (00009400)     _Serial

00009440     251 (00009440)     _Serial2

00009480     252 (00009480)     _Serial3
000094ac     252 (00009480)     ___atexit_func_id__
000094b0     252 (00009480)     ___dummy_variable_used_to_force_definition_of__link

00009500     254 (00009500)     _Wire

00009550     255 (00009540)     _display
00009572     255 (00009540)     ___TI_enable_exit_profile_output
00009574     255 (00009540)     ___TI_cleanup_ptr
00009576     255 (00009540)     ___TI_dtors_ptr
0000957c     255 (00009540)     _P0
0000957d     255 (00009540)     _P1

00009580     256 (00009580)     _CpuTimer0
00009588     256 (00009580)     _CpuTimer1
00009590     256 (00009580)     _CpuTimer2
0000959b     256 (00009580)     _errno
0000959c     256 (00009580)     __sys_memory

003d7e80    f5fa (003d7e80)     _PartIdRegs

003f6500    fd94 (003f6500)     _PieVectTableInit

003f6600    fd98 (003f6600)     ___vtbl__10GFXcanvas1

003f6650    fd99 (003f6640)     ___vtbl__10GFXcanvas8

003f66a0    fd9a (003f6680)     ___vtbl__11GFXcanvas16

003f66f0    fd9b (003f66c0)     ___vtbl__12Adafruit_GFX

003f6740    fd9d (003f6740)     ___vtbl__16Adafruit_SSD1306

003f6824    fda0 (003f6800)     ___vtbl__14HardwareSerial

003f687e    fda1 (003f6840)     ___vtbl__5Print

003f688e    fda2 (003f6880)     ___vtbl__7TwoWire
003f689a    fda2 (003f6880)     ___vtbl__8WireBase
003f68b0    fda2 (003f6880)     __lock
003f68b2    fda2 (003f6880)     __new_handler

003f7ff8    fdff (003f7fc0)     _CsmPwl


GLOBAL SYMBOLS: SORTED ALPHABETICALLY BY Name 

page  address   name                                                              
----  -------   ----                                                              
0     003e8000  .text                                                             
0     003eae2a  C$$EXIT                                                           
0     003ea942  FD$$ADD                                                           
0     003eadd6  FD$$CMP                                                           
0     003ea9de  FD$$DIV                                                           
0     003eaa69  FD$$MPY                                                           
0     003eb139  FD$$NEG                                                           
0     003eb106  FD$$SUB                                                           
0     003eaf55  FD$$TOI                                                           
0     003eaf76  FD$$TOL                                                           
0     003eab74  FS$$ADD                                                           
0     003eb0a3  FS$$CMP                                                           
0     003eaaec  FS$$DIV                                                           
0     003eacbf  FS$$MPY                                                           
0     003eb165  FS$$NEG                                                           
0     003eab6f  FS$$SUB                                                           
0     003eafed  FS$$TOFD                                                          
0     003eaea4  FS$$TOI                                                           
0     003eae53  FS$$TOL                                                           
0     003eaeed  FS$$TOLL                                                          
0     003eaf11  I$$DIV                                                            
0     003eaf22  I$$MOD                                                            
0     003eafb3  I$$TOFD                                                           
0     003eb025  I$$TOFS                                                           
0     003eae00  L$$DIV                                                            
0     003eae0f  L$$MOD                                                            
0     003eb009  L$$TOFD                                                           
0     003eb03f  L$$TOFS                                                           
0     003eb08b  LL$$AND                                                           
0     003eaf95  LL$$CMP                                                           
0     003ea6ea  LL$$DIV                                                           
0     003ea726  LL$$MOD                                                           
0     003eb093  LL$$OR                                                            
0     003eaf33  LL$$TOFS                                                          
0     003eb09b  LL$$XOR                                                           
0     003eb12e  U$$DIV                                                            
0     003eb133  U$$MOD                                                            
0     003eae1d  UL$$DIV                                                           
0     003eae24  UL$$MOD                                                           
0     003eafa7  ULL$$CMP                                                          
0     003ea760  ULL$$DIV                                                          
0     003ea78f  ULL$$MOD                                                          
0     003ea451  _ADCINT1_ISR                                                      
0     003ea44c  _ADCINT2_ISR                                                      
0     003ea447  _ADCINT3_ISR                                                      
0     003ea442  _ADCINT4_ISR                                                      
0     003ea43d  _ADCINT5_ISR                                                      
0     003ea438  _ADCINT6_ISR                                                      
0     003ea433  _ADCINT7_ISR                                                      
0     003ea42e  _ADCINT8_ISR                                                      
0     003ea429  _ADCINT9_ISR                                                      
1     00007100  _AdcRegs                                                          
1     00000b00  _AdcResult                                                        
0     003ea424  _CLA1_INT1_ISR                                                    
0     003ea41f  _CLA1_INT2_ISR                                                    
0     003ea41a  _CLA1_INT3_ISR                                                    
0     003ea415  _CLA1_INT4_ISR                                                    
0     003ea410  _CLA1_INT5_ISR                                                    
0     003ea40b  _CLA1_INT6_ISR                                                    
0     003ea406  _CLA1_INT7_ISR                                                    
0     003ea401  _CLA1_INT8_ISR                                                    
1     00001400  _Cla1Regs                                                         
1     00006400  _Comp1Regs                                                        
1     00006420  _Comp2Regs                                                        
1     00006440  _Comp3Regs                                                        
0     003eac9a  _ConfigCpuTimer                                                   
1     00009580  _CpuTimer0                                                        
1     00000c00  _CpuTimer0Regs                                                    
1     00009588  _CpuTimer1                                                        
1     00000c08  _CpuTimer1Regs                                                    
1     00009590  _CpuTimer2                                                        
1     00000c10  _CpuTimer2Regs                                                    
1     003f7ff8  _CsmPwl                                                           
1     00000ae0  _CsmRegs                                                          
0     003ea6bc  _CsmUnlock                                                        
0     003ea3fc  _DATALOG_ISR                                                      
0     003eb152  _DSP28x_DisableInt                                                
0     003eb156  _DSP28x_RestoreInt                                                
0     00008000  _DSP28x_usDelay                                                   
0     003ead7d  _Delay_Init                                                       
1     00000880  _DevEmuRegs                                                       
0     003ea5f2  _DisableDog                                                       
0     003ea3f7  _ECAN0INTA_ISR                                                    
0     003ea3f2  _ECAN1INTA_ISR                                                    
0     003ea3ed  _ECAP1_INT_ISR                                                    
1     00006040  _ECanaLAMRegs                                                     
1     000060c0  _ECanaMOTORegs                                                    
1     00006080  _ECanaMOTSRegs                                                    
1     00006100  _ECanaMboxes                                                      
1     00006000  _ECanaRegs                                                        
1     00006a00  _ECap1Regs                                                        
0     003ea3e8  _EMPTY_ISR                                                        
0     003ea3e3  _EMUINT_ISR                                                       
0     003ea3de  _EPWM1_INT_ISR                                                    
0     003ea3d9  _EPWM1_TZINT_ISR                                                  
0     003ea3d4  _EPWM2_INT_ISR                                                    
0     003ea3cf  _EPWM2_TZINT_ISR                                                  
0     003ea3ca  _EPWM3_INT_ISR                                                    
0     003ea3c5  _EPWM3_TZINT_ISR                                                  
0     003ea3c0  _EPWM4_INT_ISR                                                    
0     003ea3bb  _EPWM4_TZINT_ISR                                                  
0     003ea3b6  _EPWM5_INT_ISR                                                    
0     003ea3b1  _EPWM5_TZINT_ISR                                                  
0     003ea3ac  _EPWM6_INT_ISR                                                    
0     003ea3a7  _EPWM6_TZINT_ISR                                                  
0     003ea3a2  _EPWM7_INT_ISR                                                    
0     003ea39d  _EPWM7_TZINT_ISR                                                  
1     00006800  _EPwm1Regs                                                        
1     00006840  _EPwm2Regs                                                        
1     00006880  _EPwm3Regs                                                        
1     000068c0  _EPwm4Regs                                                        
1     00006900  _EPwm5Regs                                                        
1     00006940  _EPwm6Regs                                                        
1     00006980  _EPwm7Regs                                                        
0     003ea398  _EQEP1_INT_ISR                                                    
1     00006b00  _EQep1Regs                                                        
1     00000d01  _EmuBMode                                                         
1     00000d00  _EmuKey                                                           
0     003eae9b  _EnableInterrupts                                                 
0     003ea6a7  _ExtOscSel                                                        
1     00000a80  _FlashRegs                                                        
1     00000d04  _Flash_CPUScaleFactor                                             
1     00000d02  _Flash_CallbackPtr                                                
1     00006f80  _GpioCtrlRegs                                                     
1     00006fc0  _GpioDataRegs                                                     
1     00006fe0  _GpioIntRegs                                                      
0     003ea393  _I2CINT1A_ISR                                                     
0     003ea38e  _I2CINT2A_ISR                                                     
1     00007900  _I2caRegs                                                         
0     003ea389  _ILLEGAL_ISR                                                      
0     003ea384  _INT13_ISR                                                        
0     003ea37f  _INT14_ISR                                                        
0     003eac5c  _IRQHandler__14HardwareSerialFv                                   
0     003eac5d  _InitCpuTimers                                                    
0     003ea64c  _InitPeripheralClocks                                             
0     003eae7c  _InitPieCtrl                                                      
0     003eb0f5  _InitPieVectTable                                                 
0     003ea5fa  _InitPll                                                          
0     003ea68f  _InitSysCtrl                                                      
0     003ea5e2  _IntOsc1Sel                                                       
0     003ea5ce  _IntOsc2Sel                                                       
0     003ea37a  _LIN0INTA_ISR                                                     
0     003ea375  _LIN1INTA_ISR                                                     
0     003ea370  _LUF_ISR                                                          
0     003ea36b  _LVF_ISR                                                          
1     00006c00  _LinaRegs                                                         
0     003ea366  _NMI_ISR                                                          
1     00007060  _NmiIntruptRegs                                                   
1     0000957c  _P0                                                               
1     0000957d  _P1                                                               
0     003ea361  _PIE_RESERVED                                                     
1     003d7e80  _PartIdRegs                                                       
1     00000ce0  _PieCtrlRegs                                                      
1     00000d00  _PieVectTable                                                     
0     003f6500  _PieVectTableInit                                                 
0     003ea35c  _RTOSINT_ISR                                                      
0     003f0004  _RamfuncsLoadEnd                                                  
0     003f0000  _RamfuncsLoadStart                                                
0     00008000  _RamfuncsRunStart                                                 
0     003ea357  _SCIRXINTA_ISR                                                    
0     003ea352  _SCITXINTA_ISR                                                    
0     003ea34d  _SPIRXINTA_ISR                                                    
0     003ea348  _SPIRXINTB_ISR                                                    
0     003ea343  _SPITXINTA_ISR                                                    
0     003ea33e  _SPITXINTB_ISR                                                    
1     00007050  _SciaRegs                                                         
1     00009400  _Serial                                                           
1     00009440  _Serial2                                                          
1     00009480  _Serial3                                                          
0     003ea5c4  _ServiceDog                                                       
0     003eb16a  _SetDBGIER                                                        
1     00007040  _SpiaRegs                                                         
1     00007740  _SpibRegs                                                         
1     00007010  _SysCtrlRegs                                                      
0     003ea339  _TINT0_ISR                                                        
0     003ea334  _USER10_ISR                                                       
0     003ea32f  _USER11_ISR                                                       
0     003ea32a  _USER12_ISR                                                       
0     003ea325  _USER1_ISR                                                        
0     003ea320  _USER2_ISR                                                        
0     003ea31b  _USER3_ISR                                                        
0     003ea316  _USER4_ISR                                                        
0     003ea311  _USER5_ISR                                                        
0     003ea30c  _USER6_ISR                                                        
0     003ea307  _USER7_ISR                                                        
0     003ea302  _USER8_ISR                                                        
0     003ea2fd  _USER9_ISR                                                        
0     003ea2f8  _WAKEINT_ISR                                                      
1     00009500  _Wire                                                             
0     003ea2f3  _XINT1_ISR                                                        
0     003ea2ee  _XINT2_ISR                                                        
0     003ea2e9  _XINT3_ISR                                                        
1     00007070  _XIntruptRegs                                                     
0     003ea5b3  _XtalOscSel                                                       
1     00000350  __STACK_END                                                       
abs   00000300  __STACK_SIZE                                                      
abs   00000400  __SYSMEM_SIZE                                                     
1     00009574  ___TI_cleanup_ptr                                                 
1     00009576  ___TI_dtors_ptr                                                   
1     00009572  ___TI_enable_exit_profile_output                                  
abs   ffffffff  ___TI_pprof_out_hndl                                              
abs   ffffffff  ___TI_prof_data_size                                              
abs   ffffffff  ___TI_prof_data_start                                             
0     003eb16d  ___abort_execution                                                
0     003eadba  ___already_marked_for_destruction                                 
1     000094ac  ___atexit_func_id__                                               
abs   ffffffff  ___binit__                                                        
abs   ffffffff  ___c_args__                                                       
0     003f68b7  ___cinit__                                                        
0     003e921f  ___ct__10GFXcanvas1FUiT1                                          
0     003e91f6  ___ct__10GFXcanvas8FUiT1                                          
0     003e91cb  ___ct__11GFXcanvas16FUiT1                                         
0     003e9199  ___ct__12Adafruit_GFXFiT1                                         
0     003eac24  ___ct__14HardwareSerialFv                                         
0     003e9cec  ___ct__16Adafruit_SSD1306FSc                                      
0     003e9cc6  ___ct__16Adafruit_SSD1306FScN21                                   
0     003e9c99  ___ct__16Adafruit_SSD1306FScN41                                   
0     003e918f  ___ct__19Adafruit_GFX_ButtonFv                                    
0     003ea57c  ___ct__7TwoWireFUcN21                                             
0     003eb160  ___dl__FPv                                                        
0     003e9178  ___dt__10GFXcanvas1Fv                                             
0     003e9161  ___dt__10GFXcanvas8Fv                                             
0     003e914a  ___dt__11GFXcanvas16Fv                                            
0     003ea5a7  ___dt__7TwoWireFv                                                 
1     000094b0  ___dummy_variable_used_to_force_definition_of__link               
0     003eb177  ___etext__                                                        
0     003eb114  ___nw__FUl                                                        
0     003f6d12  ___pinit__                                                        
0     003eada2  ___process_needed_destructions__Fv                                
0     003eb170  ___pure_virtual_called                                            
0     003eadbd  ___record_needed_destruction                                      
0     003eac4f  ___sti___18_HardwareSerial_cpp_03a1b6ba                           
0     003ea59b  ___sti___8_Wire_cpp_f4351d5e                                      
0     003e97a9  ___sti___8_main_cpp_display                                       
0     003e8000  ___text__                                                         
0     003f6600  ___vtbl__10GFXcanvas1                                             
0     003f6650  ___vtbl__10GFXcanvas8                                             
0     003f66a0  ___vtbl__11GFXcanvas16                                            
0     003f66f0  ___vtbl__12Adafruit_GFX                                           
0     003f6824  ___vtbl__14HardwareSerial                                         
0     003f6740  ___vtbl__16Adafruit_SSD1306                                       
0     003f687e  ___vtbl__5Print                                                   
0     003f688e  ___vtbl__7TwoWire                                                 
0     003f689a  ___vtbl__8WireBase                                                
0     003eb059  __args_main                                                       
0     003f68b0  __lock                                                            
0     003f68b2  __new_handler                                                     
0     003eb175  __nop                                                             
1     00000050  __stack                                                           
1     0000959c  __sys_memory                                                      
0     003eb176  __system_post_cinit                                               
0     003eb173  __system_pre_init                                                 
0     003eae2a  _abort                                                            
0     003ea259  _aligned_alloc                                                    
0     003ea940  _analogRead                                                       
0     003ea93e  _analogRead_DMA                                                   
0     003ea93c  _analogWrite                                                      
0     003eac21  _attachInterrupt__14HardwareSerialFPFv_v                          
0     003eac19  _available__14HardwareSerialFv                                    
0     003ea897  _available__8WireBaseFv                                           
0     003ea88b  _beginTransmission__8WireBaseFUc                                  
0     003ea894  _beginTransmission__8WireBaseFi                                   
0     003eac18  _begin__14HardwareSerialFUl                                       
0     003eac17  _begin__14HardwareSerialFUl13SERIAL_Config                        
0     003eac16  _begin__14HardwareSerialFUl13SERIAL_ConfigUcT3                    
0     003e9bd6  _begin__16Adafruit_SSD1306FUcT1b                                  
0     003ea55e  _begin__7TwoWireFUc                                               
0     003ea826  _begin__8WireBaseFUc                                              
0     003ead19  _c_int00                                                          
0     003e85cc  _charBounds__12Adafruit_GFXFcPiN52                                
0     003e9bcd  _clearDisplay__16Adafruit_SSD1306Fv                               
0     003e9135  _contains__19Adafruit_GFX_ButtonFiT1                              
0     003eaec9  _copy_in                                                          
0     003e9132  _cp437__12Adafruit_GFXFb                                          
0     003eb0e3  _cpu_timer0_isr                                                   
0     003ead73  _delay_ms                                                         
0     003ea924  _digitalRead                                                      
0     003ea908  _digitalWrite                                                     
0     003e9bb5  _dim__16Adafruit_SSD1306Fb                                        
1     00009550  _display                                                          
0     003e9b35  _display__16Adafruit_SSD1306Fv                                    
0     003e90cd  _drawBitmap__12Adafruit_GFXFiT1PCUcN21Ui                          
0     003e9063  _drawBitmap__12Adafruit_GFXFiT1PCUcN21UiT6                        
0     003e8ffe  _drawBitmap__12Adafruit_GFXFiT1PUcN21Ui                           
0     003e8f94  _drawBitmap__12Adafruit_GFXFiT1PUcN21UiT6                         
0     003e8f3c  _drawButton__19Adafruit_GFX_ButtonFb                              
0     003e8387  _drawChar__12Adafruit_GFXFiT1UcUiT4T3                             
0     003e8a17  _drawCircleHelper__12Adafruit_GFXFiN21UcUi                        
0     003e8e51  _drawCircle__12Adafruit_GFXFiN21Ui                                
0     003e824b  _drawFastHLine__12Adafruit_GFXFiN21Ui                             
0     003e9a3a  _drawFastHLine__16Adafruit_SSD1306FiN21Ui                         
0     003e821a  _drawFastVLine__12Adafruit_GFXFiN21Ui                             
0     003e9949  _drawFastVLine__16Adafruit_SSD1306FiN21Ui                         
0     003e8e04  _drawGrayscaleBitmap__12Adafruit_GFXFiT1PCUcN21                   
0     003e8d97  _drawGrayscaleBitmap__12Adafruit_GFXFiT1PCUcT3N21                 
0     003e8d4a  _drawGrayscaleBitmap__12Adafruit_GFXFiT1PUcN21                    
0     003e8cdd  _drawGrayscaleBitmap__12Adafruit_GFXFiT1PUcT3N21                  
0     003e82c7  _drawLine__12Adafruit_GFXFiN31Ui                                  
0     003e80fc  _drawPixel__10GFXcanvas1FiT1Ui                                    
0     003e80ae  _drawPixel__10GFXcanvas8FiT1Ui                                    
0     003e802f  _drawPixel__11GFXcanvas16FiT1Ui                                   
0     003e98c0  _drawPixel__16Adafruit_SSD1306FiT1Ui                              
0     003e8c90  _drawRGBBitmap__12Adafruit_GFXFiT1PCUiN21                         
0     003e8c23  _drawRGBBitmap__12Adafruit_GFXFiT1PCUiPCUcN21                     
0     003e8bd6  _drawRGBBitmap__12Adafruit_GFXFiT1PUiN21                          
0     003e8b69  _drawRGBBitmap__12Adafruit_GFXFiT1PUiPUcN21                       
0     003e832e  _drawRect__12Adafruit_GFXFiN31Ui                                  
0     003e8acd  _drawRoundRect__12Adafruit_GFXFiN41Ui                             
0     003e89d9  _drawTriangle__12Adafruit_GFXFiN51Ui                              
0     003e8974  _drawXBitmap__12Adafruit_GFXFiT1PCUcN21Ui                         
0     003ea876  _endTransmission__8WireBaseFv                                     
0     003e815f  _endWrite__12Adafruit_GFXFv                                       
0     003eac15  _end__14HardwareSerialFv                                          
0     003eb122  _epilog_c28x_1                                                    
0     003eb126  _epilog_c28x_2                                                    
1     0000959b  _errno                                                            
0     003eae2c  _exit                                                             
0     003e8847  _fillCircleHelper__12Adafruit_GFXFiN21UcT1Ui                      
0     003e8937  _fillCircle__12Adafruit_GFXFiN21Ui                                
0     003e827d  _fillRect__12Adafruit_GFXFiN31Ui                                  
0     003e88dd  _fillRoundRect__12Adafruit_GFXFiN41Ui                             
0     003e80e2  _fillScreen__10GFXcanvas1FUi                                      
0     003e8063  _fillScreen__10GFXcanvas8FUi                                      
0     003e8000  _fillScreen__11GFXcanvas16FUi                                     
0     003e82b5  _fillScreen__12Adafruit_GFXFUi                                    
0     003e8732  _fillTriangle__12Adafruit_GFXFiN51Ui                              
0     003eac10  _flush__14HardwareSerialFv                                        
0     003ea8e3  _fmap                                                             
0     003ea134  _free                                                             
0     003e872f  _getBuffer__10GFXcanvas1Fv                                        
0     003e872c  _getBuffer__10GFXcanvas8Fv                                        
0     003e8729  _getBuffer__11GFXcanvas16Fv                                       
0     003e8726  _getCursorX__12Adafruit_GFXCFv                                    
0     003e8723  _getCursorY__12Adafruit_GFXCFv                                    
0     003e8720  _getRotation__12Adafruit_GFXCFv                                   
0     003e86c6  _getTextBounds__12Adafruit_GFXFPC19__FlashStringHelperiT2PiT4PUiT6
0     003e8670  _getTextBounds__12Adafruit_GFXFPciT2PiT4PUiT6                     
0     003e85ca  _height__12Adafruit_GFXCFv                                        
0     003ea49e  _i2c_get_ack__7TwoWireFv                                          
0     003ea4fe  _i2c_send_ack__7TwoWireFv                                         
0     003ea4ef  _i2c_send_nack__7TwoWireFv                                        
0     003ea4cb  _i2c_shift_in__7TwoWireFv                                         
0     003ea47b  _i2c_shift_out__7TwoWireFUc                                       
0     003ea470  _i2c_start__7TwoWireFv                                            
0     003ea4bc  _i2c_stop__7TwoWireFv                                             
0     003e858f  _initButtonUL__19Adafruit_GFX_ButtonFP12Adafruit_GFXiT2UiN44PcUc  
0     003e85a9  _initButton__19Adafruit_GFX_ButtonFP12Adafruit_GFXiT2UiN44PcUc    
0     003e814b  _invertDisplay__12Adafruit_GFXFb                                  
0     003e98b8  _invertDisplay__16Adafruit_SSD1306Fb                              
0     003e858c  _isPressed__19Adafruit_GFX_ButtonFv                               
0     003e8583  _justPressed__19Adafruit_GFX_ButtonFv                             
0     003e857a  _justReleased__19Adafruit_GFX_ButtonFv                            
0     003e97a8  _loop__Fv                                                         
0     003e9797  _main                                                             
0     003ea0ff  _malloc                                                           
0     003ea8cf  _map                                                              
0     003ea259  _memalign                                                         
0     003eafd0  _memcpy                                                           
0     003eb159  _memset                                                           
0     003ead71  _micros                                                           
0     003ead6d  _millis                                                           
0     003eac00  _peek__14HardwareSerialFv                                         
0     003ea8a4  _pinMode                                                          
0     003e8572  _press__19Adafruit_GFX_ButtonFb                                   
0     003e9f76  _printFloat__5PrintFdUc                                           
0     003e9eb4  _printNumber__5PrintFULUc                                         
0     003e9f22  _print__5PrintFLi                                                 
0     003ea0cc  _print__5PrintFPC19__FlashStringHelper                            
0     003e9f6c  _print__5PrintFPCc                                                
0     003ea0a6  _print__5PrintFRC6String                                          
0     003ea090  _print__5PrintFRC9Printable                                       
0     003ea03c  _print__5PrintFULi                                                
0     003ea06f  _print__5PrintFUci                                                
0     003ea05b  _print__5PrintFUii                                                
0     003ea0fa  _print__5PrintFUli                                                
0     003e9e9b  _print__5PrintFc                                                  
0     003ea01f  _print__5PrintFdi                                                 
0     003e9f57  _print__5PrintFiT1                                                
0     003ea0f5  _print__5PrintFli                                                 
0     003ea0e9  _printf__5PrintFPCce                                              
0     003ea0dc  _println__5PrintFLi                                               
0     003ea0cf  _println__5PrintFPC19__FlashStringHelper                          
0     003ea0bf  _println__5PrintFPCc                                              
0     003ea0b2  _println__5PrintFRC6String                                        
0     003ea099  _println__5PrintFRC9Printable                                     
0     003ea083  _println__5PrintFULi                                              
0     003ea076  _println__5PrintFUci                                              
0     003ea062  _println__5PrintFUii                                              
0     003ea04c  _println__5PrintFUli                                              
0     003ea02f  _println__5PrintFc                                                
0     003ea022  _println__5PrintFdi                                               
0     003e9f5f  _println__5PrintFiT1                                              
0     003e9f48  _println__5PrintFli                                               
0     003e9ea5  _println__5PrintFv                                                
0     003ea50d  _process__7TwoWireFv                                              
0     003eb072  _prolog_c28x_1                                                    
0     003eb076  _prolog_c28x_2                                                    
0     003eb07e  _prolog_c28x_3                                                    
0     003ea8a2  _pulseIn                                                          
0     003eb0d4  _rand                                                             
0     003eabe9  _read__14HardwareSerialFv                                         
0     003ea851  _read__8WireBaseFv                                                
0     003ea1ef  _realloc                                                          
0     003ea82f  _requestFrom__8WireBaseFUci                                       
0     003ea84e  _requestFrom__8WireBaseFiT1                                       
0     003ea2e4  _rsvd_ISR                                                         
0     003ea825  _setClock__8WireBaseFUl                                           
0     003e856d  _setCursor__12Adafruit_GFXFiT1                                    
0     003e8559  _setFont__12Adafruit_GFXFPC7GFXfont                               
0     003e814c  _setRotation__12Adafruit_GFXFUc                                   
0     003e8554  _setTextColor__12Adafruit_GFXFUi                                  
0     003e854f  _setTextColor__12Adafruit_GFXFUiT1                                
0     003e8549  _setTextSize__12Adafruit_GFXFUc                                   
0     003e8546  _setTextWrap__12Adafruit_GFXFb                                    
0     003ea45c  _set_scl__7TwoWireFb                                              
0     003ea456  _set_sda__7TwoWireFb                                              
0     003e9664  _setup__Fv                                                        
0     003ea8a0  _shiftIn                                                          
0     003ea89f  _shiftOut                                                         
0     003e9e8c  _sprintf__5PrintFPcPCce                                           
0     003eb0cf  _srand                                                            
0     003e97b0  _ssd1306_command__16Adafruit_SSD1306FUc                           
0     003e8160  _startWrite__12Adafruit_GFXFv                                     
0     003e9887  _startscrolldiagleft__16Adafruit_SSD1306FUcT1                     
0     003e9856  _startscrolldiagright__16Adafruit_SSD1306FUcT1                    
0     003e982d  _startscrollleft__16Adafruit_SSD1306FUcT1                         
0     003e9804  _startscrollright__16Adafruit_SSD1306FUcT1                        
0     003e9800  _stopscroll__16Adafruit_SSD1306Fv                                 
0     003eb14a  _strlen                                                           
0     003eb0ba  _strncpy                                                          
0     003e95d5  _testdrawbitmap__FPCUcUcT2                                        
0     003e95a6  _testdrawchar__Fv                                                 
0     003e9579  _testdrawcircle__Fv                                               
0     003e9469  _testdrawline__Fv                                                 
0     003e9439  _testdrawrect__Fv                                                 
0     003e93fd  _testdrawroundrect__Fv                                            
0     003e9392  _testdrawtriangle__Fv                                             
0     003e935e  _testfillrect__Fv                                                 
0     003e931a  _testfillroundrect__Fv                                            
0     003e92a6  _testfilltriangle__Fv                                             
0     003e924b  _testscrolltext__Fv                                               
0     003e8544  _width__12Adafruit_GFXCFv                                         
0     003e8070  _writeFastHLine__10GFXcanvas8FiN21Ui                              
0     003e8195  _writeFastHLine__12Adafruit_GFXFiN21Ui                            
0     003e8183  _writeFastVLine__12Adafruit_GFXFiN21Ui                            
0     003e816f  _writeFillRect__12Adafruit_GFXFiN31Ui                             
0     003e81a7  _writeLine__12Adafruit_GFXFiN31Ui                                 
0     003e8161  _writePixel__12Adafruit_GFXFiT1Ui                                 
0     003e84b3  _write__12Adafruit_GFXFUc                                         
0     003eabe7  _write__14HardwareSerialFUc                                       
0     003e9d11  _write__5PrintFPCc                                                
0     003e9d28  _write__5PrintFPCvUl                                              
0     003ea809  _write__8WireBaseFPUci                                            
0     003ea81b  _write__8WireBaseFPc                                              
0     003ea818  _write__8WireBaseFPii                                             
0     003ea7f1  _write__8WireBaseFUc                                              
0     003ea806  _write__8WireBaseFi                                               
0     003e9e07  _xprint__5PrintFPPcPCcPc                                          
0     003e9d47  _xprintchar__5PrintFPPci                                          
0     003e9da6  _xprinti__5PrintFPPciN52                                          
0     003e9d59  _xprints__5PrintFPPcPCciT3                                        
0     003ea89e  _yield                                                            
abs   ffffffff  binit                                                             
0     003f68b7  cinit                                                             
0     003f7ff6  code_start                                                        
0     003eb177  etext                                                             
0     003f6d12  pinit                                                             


GLOBAL SYMBOLS: SORTED BY Symbol Address 

page  address   name                                                              
----  -------   ----                                                              
0     00008000  _DSP28x_usDelay                                                   
0     00008000  _RamfuncsRunStart                                                 
0     003e8000  .text                                                             
0     003e8000  ___text__                                                         
0     003e8000  _fillScreen__11GFXcanvas16FUi                                     
0     003e802f  _drawPixel__11GFXcanvas16FiT1Ui                                   
0     003e8063  _fillScreen__10GFXcanvas8FUi                                      
0     003e8070  _writeFastHLine__10GFXcanvas8FiN21Ui                              
0     003e80ae  _drawPixel__10GFXcanvas8FiT1Ui                                    
0     003e80e2  _fillScreen__10GFXcanvas1FUi                                      
0     003e80fc  _drawPixel__10GFXcanvas1FiT1Ui                                    
0     003e814b  _invertDisplay__12Adafruit_GFXFb                                  
0     003e814c  _setRotation__12Adafruit_GFXFUc                                   
0     003e815f  _endWrite__12Adafruit_GFXFv                                       
0     003e8160  _startWrite__12Adafruit_GFXFv                                     
0     003e8161  _writePixel__12Adafruit_GFXFiT1Ui                                 
0     003e816f  _writeFillRect__12Adafruit_GFXFiN31Ui                             
0     003e8183  _writeFastVLine__12Adafruit_GFXFiN21Ui                            
0     003e8195  _writeFastHLine__12Adafruit_GFXFiN21Ui                            
0     003e81a7  _writeLine__12Adafruit_GFXFiN31Ui                                 
0     003e821a  _drawFastVLine__12Adafruit_GFXFiN21Ui                             
0     003e824b  _drawFastHLine__12Adafruit_GFXFiN21Ui                             
0     003e827d  _fillRect__12Adafruit_GFXFiN31Ui                                  
0     003e82b5  _fillScreen__12Adafruit_GFXFUi                                    
0     003e82c7  _drawLine__12Adafruit_GFXFiN31Ui                                  
0     003e832e  _drawRect__12Adafruit_GFXFiN31Ui                                  
0     003e8387  _drawChar__12Adafruit_GFXFiT1UcUiT4T3                             
0     003e84b3  _write__12Adafruit_GFXFUc                                         
0     003e8544  _width__12Adafruit_GFXCFv                                         
0     003e8546  _setTextWrap__12Adafruit_GFXFb                                    
0     003e8549  _setTextSize__12Adafruit_GFXFUc                                   
0     003e854f  _setTextColor__12Adafruit_GFXFUiT1                                
0     003e8554  _setTextColor__12Adafruit_GFXFUi                                  
0     003e8559  _setFont__12Adafruit_GFXFPC7GFXfont                               
0     003e856d  _setCursor__12Adafruit_GFXFiT1                                    
0     003e8572  _press__19Adafruit_GFX_ButtonFb                                   
0     003e857a  _justReleased__19Adafruit_GFX_ButtonFv                            
0     003e8583  _justPressed__19Adafruit_GFX_ButtonFv                             
0     003e858c  _isPressed__19Adafruit_GFX_ButtonFv                               
0     003e858f  _initButtonUL__19Adafruit_GFX_ButtonFP12Adafruit_GFXiT2UiN44PcUc  
0     003e85a9  _initButton__19Adafruit_GFX_ButtonFP12Adafruit_GFXiT2UiN44PcUc    
0     003e85ca  _height__12Adafruit_GFXCFv                                        
0     003e85cc  _charBounds__12Adafruit_GFXFcPiN52                                
[...]
0     003ea442  _ADCINT4_ISR                                                      
0     003ea447  _ADCINT3_ISR                                                      
0     003ea44c  _ADCINT2_ISR                                                      
0     003ea451  _ADCINT1_ISR                                                      
0     003ea456  _set_sda__7TwoWireFb                                              
0     003ea45c  _set_scl__7TwoWireFb                                              
0     003ea470  _i2c_start__7TwoWireFv                                            
0     003ea47b  _i2c_shift_out__7TwoWireFUc                                       
0     003ea49e  _i2c_get_ack__7TwoWireFv                                          
0     003ea4bc  _i2c_stop__7TwoWireFv                                             
0     003ea4cb  _i2c_shift_in__7TwoWireFv                                         
0     003ea4ef  _i2c_send_nack__7TwoWireFv                                        
0     003ea4fe  _i2c_send_ack__7TwoWireFv                                         
0     003ea50d  _process__7TwoWireFv                                              
0     003ea55e  _begin__7TwoWireFUc                                               
0     003ea57c  ___ct__7TwoWireFUcN21                                             
0     003ea59b  ___sti___8_Wire_cpp_f4351d5e                                      
0     003ea5a7  ___dt__7TwoWireFv                                                 
0     003ea5b3  _XtalOscSel                                                       
0     003ea5c4  _ServiceDog                                                       
0     003ea5ce  _IntOsc2Sel                                                       
0     003ea5e2  _IntOsc1Sel                                                       
0     003ea5f2  _DisableDog                                                       
0     003ea5fa  _InitPll                                                          
0     003ea64c  _InitPeripheralClocks                                             
0     003ea68f  _InitSysCtrl                                                      
0     003ea6a7  _ExtOscSel                                                        
0     003ea6bc  _CsmUnlock                                                        
0     003ea6ea  LL$$DIV                                                           
0     003ea726  LL$$MOD                                                           
0     003ea760  ULL$$DIV                                                          
0     003ea78f  ULL$$MOD                                                          
0     003ea7f1  _write__8WireBaseFUc                                              
0     003ea806  _write__8WireBaseFi                                               
0     003ea809  _write__8WireBaseFPUci                                            
0     003ea818  _write__8WireBaseFPii                                             
0     003ea81b  _write__8WireBaseFPc                                              
0     003ea825  _setClock__8WireBaseFUl                                           
0     003ea826  _begin__8WireBaseFUc                                              
0     003ea82f  _requestFrom__8WireBaseFUci                                       
0     003ea84e  _requestFrom__8WireBaseFiT1                                       
0     003ea851  _read__8WireBaseFv                                                
0     003ea876  _endTransmission__8WireBaseFv                                     
0     003ea88b  _beginTransmission__8WireBaseFUc                                  
0     003ea894  _beginTransmission__8WireBaseFi                                   
0     003ea897  _available__8WireBaseFv                                           
0     003ea89e  _yield                                                            
0     003ea89f  _shiftOut                                                         
0     003ea8a0  _shiftIn                                                          
0     003ea8a2  _pulseIn                                                          
0     003ea8a4  _pinMode                                                          
0     003ea8cf  _map                                                              
0     003ea8e3  _fmap                                                             
0     003ea908  _digitalWrite                                                     
0     003ea924  _digitalRead                                                      
0     003ea93c  _analogWrite                                                      
0     003ea93e  _analogRead_DMA                                                   
0     003ea940  _analogRead                                                       
0     003ea942  FD$$ADD                                                           
0     003ea9de  FD$$DIV                                                           
0     003eaa69  FD$$MPY                                                           
0     003eaaec  FS$$DIV                                                           
0     003eab6f  FS$$SUB                                                           
0     003eab74  FS$$ADD                                                           
0     003eabe7  _write__14HardwareSerialFUc                                       
0     003eabe9  _read__14HardwareSerialFv                                         
0     003eac00  _peek__14HardwareSerialFv                                         
0     003eac10  _flush__14HardwareSerialFv                                        
0     003eac15  _end__14HardwareSerialFv                                          
0     003eac16  _begin__14HardwareSerialFUl13SERIAL_ConfigUcT3                    
0     003eac17  _begin__14HardwareSerialFUl13SERIAL_Config                        
0     003eac18  _begin__14HardwareSerialFUl                                       
0     003eac19  _available__14HardwareSerialFv                                    
0     003eac21  _attachInterrupt__14HardwareSerialFPFv_v                          
0     003eac24  ___ct__14HardwareSerialFv                                         
0     003eac4f  ___sti___18_HardwareSerial_cpp_03a1b6ba                           
0     003eac5c  _IRQHandler__14HardwareSerialFv                                   
0     003eac5d  _InitCpuTimers                                                    
0     003eac9a  _ConfigCpuTimer                                                   
0     003eacbf  FS$$MPY                                                           
0     003ead19  _c_int00                                                          
0     003ead6d  _millis                                                           
0     003ead71  _micros                                                           
0     003ead73  _delay_ms                                                         
0     003ead7d  _Delay_Init                                                       
0     003eada2  ___process_needed_destructions__Fv                                
0     003eadba  ___already_marked_for_destruction                                 
0     003eadbd  ___record_needed_destruction                                      
0     003eadd6  FD$$CMP                                                           
0     003eae00  L$$DIV                                                            
0     003eae0f  L$$MOD                                                            
0     003eae1d  UL$$DIV                                                           
0     003eae24  UL$$MOD                                                           
0     003eae2a  C$$EXIT                                                           
0     003eae2a  _abort                                                            
0     003eae2c  _exit                                                             
0     003eae53  FS$$TOL                                                           
0     003eae7c  _InitPieCtrl                                                      
0     003eae9b  _EnableInterrupts                                                 
0     003eaea4  FS$$TOI                                                           
0     003eaec9  _copy_in                                                          
0     003eaeed  FS$$TOLL                                                          
0     003eaf11  I$$DIV                                                            
0     003eaf22  I$$MOD                                                            
0     003eaf33  LL$$TOFS                                                          
0     003eaf55  FD$$TOI                                                           
0     003eaf76  FD$$TOL                                                           
0     003eaf95  LL$$CMP                                                           
0     003eafa7  ULL$$CMP                                                          
0     003eafb3  I$$TOFD                                                           
0     003eafd0  _memcpy                                                           
0     003eafed  FS$$TOFD                                                          
0     003eb009  L$$TOFD                                                           
0     003eb025  I$$TOFS                                                           
0     003eb03f  L$$TOFS                                                           
0     003eb059  __args_main                                                       
0     003eb072  _prolog_c28x_1                                                    
0     003eb076  _prolog_c28x_2                                                    
0     003eb07e  _prolog_c28x_3                                                    
0     003eb08b  LL$$AND                                                           
0     003eb093  LL$$OR                                                            
0     003eb09b  LL$$XOR                                                           
0     003eb0a3  FS$$CMP                                                           
0     003eb0ba  _strncpy                                                          
0     003eb0cf  _srand                                                            
0     003eb0d4  _rand                                                             
0     003eb0e3  _cpu_timer0_isr                                                   
0     003eb0f5  _InitPieVectTable                                                 
0     003eb106  FD$$SUB                                                           
0     003eb114  ___nw__FUl                                                        
0     003eb122  _epilog_c28x_1                                                    
0     003eb126  _epilog_c28x_2                                                    
0     003eb12e  U$$DIV                                                            
0     003eb133  U$$MOD                                                            
0     003eb139  FD$$NEG                                                           
0     003eb14a  _strlen                                                           
0     003eb152  _DSP28x_DisableInt                                                
0     003eb156  _DSP28x_RestoreInt                                                
0     003eb159  _memset                                                           
0     003eb160  ___dl__FPv                                                        
0     003eb165  FS$$NEG                                                           
0     003eb16a  _SetDBGIER                                                        
0     003eb16d  ___abort_execution                                                
0     003eb170  ___pure_virtual_called                                            
0     003eb173  __system_pre_init                                                 
0     003eb175  __nop                                                             
0     003eb176  __system_post_cinit                                               
0     003eb177  ___etext__                                                        
0     003eb177  etext                                                             
0     003f0000  _RamfuncsLoadStart                                                
0     003f0004  _RamfuncsLoadEnd                                                  
0     003f6500  _PieVectTableInit                                                 
0     003f6600  ___vtbl__10GFXcanvas1                                             
0     003f6650  ___vtbl__10GFXcanvas8                                             
0     003f66a0  ___vtbl__11GFXcanvas16                                            
0     003f66f0  ___vtbl__12Adafruit_GFX                                           
0     003f6740  ___vtbl__16Adafruit_SSD1306                                       
0     003f6824  ___vtbl__14HardwareSerial                                         
0     003f687e  ___vtbl__5Print                                                   
0     003f688e  ___vtbl__7TwoWire                                                 
0     003f689a  ___vtbl__8WireBase                                                
0     003f68b0  __lock                                                            
0     003f68b2  __new_handler                                                     
0     003f68b7  ___cinit__                                                        
0     003f68b7  cinit                                                             
0     003f6d12  ___pinit__                                                        
0     003f6d12  pinit                                                             
0     003f7ff6  code_start                                                        
1     00000050  __stack                                                           
1     00000350  __STACK_END                                                       
1     00000880  _DevEmuRegs                                                       
1     00000a80  _FlashRegs                                                        
1     00000ae0  _CsmRegs                                                          
1     00000b00  _AdcResult                                                        
1     00000c00  _CpuTimer0Regs                                                    
1     00000c08  _CpuTimer1Regs                                                    
1     00000c10  _CpuTimer2Regs                                                    
1     00000ce0  _PieCtrlRegs                                                      
1     00000d00  _EmuKey                                                           
1     00000d00  _PieVectTable                                                     
1     00000d01  _EmuBMode                                                         
1     00000d02  _Flash_CallbackPtr                                                
1     00000d04  _Flash_CPUScaleFactor                                             
1     00001400  _Cla1Regs                                                         
1     00006000  _ECanaRegs                                                        
1     00006040  _ECanaLAMRegs                                                     
1     00006080  _ECanaMOTSRegs                                                    
1     000060c0  _ECanaMOTORegs                                                    
1     00006100  _ECanaMboxes                                                      
1     00006400  _Comp1Regs                                                        
1     00006420  _Comp2Regs                                                        
1     00006440  _Comp3Regs                                                        
1     00006800  _EPwm1Regs                                                        
1     00006840  _EPwm2Regs                                                        
1     00006880  _EPwm3Regs                                                        
1     000068c0  _EPwm4Regs                                                        
1     00006900  _EPwm5Regs                                                        
1     00006940  _EPwm6Regs                                                        
1     00006980  _EPwm7Regs                                                        
1     00006a00  _ECap1Regs                                                        
1     00006b00  _EQep1Regs                                                        
1     00006c00  _LinaRegs                                                         
1     00006f80  _GpioCtrlRegs                                                     
1     00006fc0  _GpioDataRegs                                                     
1     00006fe0  _GpioIntRegs                                                      
1     00007010  _SysCtrlRegs                                                      
1     00007040  _SpiaRegs                                                         
1     00007050  _SciaRegs                                                         
1     00007060  _NmiIntruptRegs                                                   
1     00007070  _XIntruptRegs                                                     
1     00007100  _AdcRegs                                                          
1     00007740  _SpibRegs                                                         
1     00007900  _I2caRegs                                                         
1     00009400  _Serial                                                           
1     00009440  _Serial2                                                          
1     00009480  _Serial3                                                          
1     000094ac  ___atexit_func_id__                                               
1     000094b0  ___dummy_variable_used_to_force_definition_of__link               
1     00009500  _Wire                                                             
1     00009550  _display                                                          
1     00009572  ___TI_enable_exit_profile_output                                  
1     00009574  ___TI_cleanup_ptr                                                 
1     00009576  ___TI_dtors_ptr                                                   
1     0000957c  _P0                                                               
1     0000957d  _P1                                                               
1     00009580  _CpuTimer0                                                        
1     00009588  _CpuTimer1                                                        
1     00009590  _CpuTimer2                                                        
1     0000959b  _errno                                                            
1     0000959c  __sys_memory                                                      
1     003d7e80  _PartIdRegs                                                       
1     003f7ff8  _CsmPwl                                                           
abs   00000300  __STACK_SIZE                                                      
abs   00000400  __SYSMEM_SIZE                                                     
abs   ffffffff  ___TI_pprof_out_hndl                                              
abs   ffffffff  ___TI_prof_data_size                                              
abs   ffffffff  ___TI_prof_data_start                                             
abs   ffffffff  ___binit__                                                        
abs   ffffffff  ___c_args__                                                       
abs   ffffffff  binit                                                             

[467 symbols]
