<?xml version="1.0" encoding="ISO-8859-1" ?>
<link_info>
   <banner>TMS320C2000 Linker PC v18.12.2.LTS</banner>
   <copyright>Copyright (c) 1996-2018 Texas Instruments Incorporated</copyright>
   <link_time>0x5e01bc3d</link_time>
   <link_errors>0x0</link_errors>
   <output_file>_DSPduino(TMS320F28035).out</output_file>
   <entry_point>
      <name>_c_int00</name>
      <address>0x3ead19</address>
   </entry_point>
   <input_file_list>
      <input_file id="fl-3a">
         <path>C:\ti\ccs910\ccs\tools\compiler\ti-cgt-c2000_18.12.2.LTS\lib\</path>
         <kind>archive</kind>
         <file>rts2800_ml.lib</file>
         <name>delete.c.obj</name>
      </input_file>
      <input_file id="fl-3b">
         <path>C:\ti\ccs910\ccs\tools\compiler\ti-cgt-c2000_18.12.2.LTS\lib\</path>
         <kind>archive</kind>
         <file>rts2800_ml.lib</file>
         <name>dtor_list.c.obj</name>
      </input_file>
      <input_file id="fl-3c">
         <path>C:\ti\ccs910\ccs\tools\compiler\ti-cgt-c2000_18.12.2.LTS\lib\</path>
         <kind>archive</kind>
         <file>rts2800_ml.lib</file>
         <name>error.c.obj</name>
      </input_file>
      <input_file id="fl-3d">
         <path>C:\ti\ccs910\ccs\tools\compiler\ti-cgt-c2000_18.12.2.LTS\lib\</path>
         <kind>archive</kind>
         <file>rts2800_ml.lib</file>
         <name>new.c.obj</name>
      </input_file>
      <input_file id="fl-3e">
         <path>C:\ti\ccs910\ccs\tools\compiler\ti-cgt-c2000_18.12.2.LTS\lib\</path>
         <kind>archive</kind>
         <file>rts2800_ml.lib</file>
         <name>newhandler.c.obj</name>
      </input_file>
      <input_file id="fl-3f">
         <path>C:\ti\ccs910\ccs\tools\compiler\ti-cgt-c2000_18.12.2.LTS\lib\</path>
         <kind>archive</kind>
         <file>rts2800_ml.lib</file>
         <name>pure_virt.c.obj</name>
      </input_file>
      <input_file id="fl-40">
         <path>C:\ti\ccs910\ccs\tools\compiler\ti-cgt-c2000_18.12.2.LTS\lib\</path>
         <kind>archive</kind>
         <file>rts2800_ml.lib</file>
         <name>vars.c.obj</name>
      </input_file>
      <input_file id="fl-41">
         <path>C:\ti\ccs910\ccs\tools\compiler\ti-cgt-c2000_18.12.2.LTS\lib\</path>
         <kind>archive</kind>
         <file>rts2800_ml.lib</file>
         <name>sprintf.c.obj</name>
      </input_file>
      <input_file id="fl-42">
         <path>C:\ti\ccs910\ccs\tools\compiler\ti-cgt-c2000_18.12.2.LTS\lib\</path>
         <kind>archive</kind>
         <file>rts2800_ml.lib</file>
         <name>vsnprintf.c.obj</name>
      </input_file>
      <input_file id="fl-56">
         <path>C:\ti\ccs910\ccs\tools\compiler\ti-cgt-c2000_18.12.2.LTS\lib\</path>
         <kind>archive</kind>
         <file>rts2800_ml.lib</file>
         <name>cpy_tbl.c.obj</name>
      </input_file>
      <input_file id="fl-57">
         <path>C:\ti\ccs910\ccs\tools\compiler\ti-cgt-c2000_18.12.2.LTS\lib\</path>
         <kind>archive</kind>
         <file>rts2800_ml.lib</file>
         <name>memcpy.c.obj</name>
      </input_file>
      <input_file id="fl-58">
         <path>C:\ti\ccs910\ccs\tools\compiler\ti-cgt-c2000_18.12.2.LTS\lib\</path>
         <kind>archive</kind>
         <file>rts2800_ml.lib</file>
         <name>pre_init.c.obj</name>
      </input_file>
      <input_file id="fl-5b">
         <path>C:\ti\ccs910\ccs\tools\compiler\ti-cgt-c2000_18.12.2.LTS\lib\</path>
         <kind>archive</kind>
         <file>rts2800_ml.lib</file>
         <name>_lock.c.obj</name>
      </input_file>
      <input_file id="fl-5d">
         <path>C:\ti\ccs910\ccs\tools\compiler\ti-cgt-c2000_18.12.2.LTS\lib\</path>
         <kind>archive</kind>
         <file>rts2800_ml.lib</file>
         <name>atol.c.obj</name>
      </input_file>
      <input_file id="fl-5e">
         <path>C:\ti\ccs910\ccs\tools\compiler\ti-cgt-c2000_18.12.2.LTS\lib\</path>
         <kind>archive</kind>
         <file>rts2800_ml.lib</file>
         <name>ctype.c.obj</name>
      </input_file>
      <input_file id="fl-5f">
         <path>C:\ti\ccs910\ccs\tools\compiler\ti-cgt-c2000_18.12.2.LTS\lib\</path>
         <kind>archive</kind>
         <file>rts2800_ml.lib</file>
         <name>ltoa.c.obj</name>
      </input_file>
      <input_file id="fl-60">
         <path>C:\ti\ccs910\ccs\tools\compiler\ti-cgt-c2000_18.12.2.LTS\lib\</path>
         <kind>archive</kind>
         <file>rts2800_ml.lib</file>
         <name>memmov.c.obj</name>
      </input_file>
      <input_file id="fl-61">
         <path>C:\ti\ccs910\ccs\tools\compiler\ti-cgt-c2000_18.12.2.LTS\lib\</path>
         <kind>archive</kind>
         <file>rts2800_ml.lib</file>
         <name>memory.c.obj</name>
      </input_file>
      <input_file id="fl-62">
         <path>C:\ti\ccs910\ccs\tools\compiler\ti-cgt-c2000_18.12.2.LTS\lib\</path>
         <kind>archive</kind>
         <file>rts2800_ml.lib</file>
         <name>memset.c.obj</name>
      </input_file>
      <input_file id="fl-63">
         <path>C:\ti\ccs910\ccs\tools\compiler\ti-cgt-c2000_18.12.2.LTS\lib\</path>
         <kind>archive</kind>
         <file>rts2800_ml.lib</file>
         <name>rand.c.obj</name>
      </input_file>
      <input_file id="fl-64">
         <path>C:\ti\ccs910\ccs\tools\compiler\ti-cgt-c2000_18.12.2.LTS\lib\</path>
         <kind>archive</kind>
         <file>rts2800_ml.lib</file>
         <name>strchr.c.obj</name>
      </input_file>
      <input_file id="fl-65">
         <path>C:\ti\ccs910\ccs\tools\compiler\ti-cgt-c2000_18.12.2.LTS\lib\</path>
         <kind>archive</kind>
         <file>rts2800_ml.lib</file>
         <name>strcmp.c.obj</name>
      </input_file>
      <input_file id="fl-66">
         <path>C:\ti\ccs910\ccs\tools\compiler\ti-cgt-c2000_18.12.2.LTS\lib\</path>
         <kind>archive</kind>
         <file>rts2800_ml.lib</file>
         <name>strcpy.c.obj</name>
      </input_file>
      <input_file id="fl-67">
         <path>C:\ti\ccs910\ccs\tools\compiler\ti-cgt-c2000_18.12.2.LTS\lib\</path>
         <kind>archive</kind>
         <file>rts2800_ml.lib</file>
         <name>strlen.c.obj</name>
      </input_file>
      <input_file id="fl-68">
         <path>C:\ti\ccs910\ccs\tools\compiler\ti-cgt-c2000_18.12.2.LTS\lib\</path>
         <kind>archive</kind>
         <file>rts2800_ml.lib</file>
         <name>strncmp.c.obj</name>
      </input_file>
      <input_file id="fl-69">
         <path>C:\ti\ccs910\ccs\tools\compiler\ti-cgt-c2000_18.12.2.LTS\lib\</path>
         <kind>archive</kind>
         <file>rts2800_ml.lib</file>
         <name>strncpy.c.obj</name>
      </input_file>
      <input_file id="fl-6a">
         <path>C:\ti\ccs910\ccs\tools\compiler\ti-cgt-c2000_18.12.2.LTS\lib\</path>
         <kind>archive</kind>
         <file>rts2800_ml.lib</file>
         <name>strrchr.c.obj</name>
      </input_file>
      <input_file id="fl-6b">
         <path>C:\ti\ccs910\ccs\tools\compiler\ti-cgt-c2000_18.12.2.LTS\lib\</path>
         <kind>archive</kind>
         <file>rts2800_ml.lib</file>
         <name>strstr.c.obj</name>
      </input_file>
      <input_file id="fl-6c">
         <path>C:\ti\ccs910\ccs\tools\compiler\ti-cgt-c2000_18.12.2.LTS\lib\</path>
         <kind>archive</kind>
         <file>rts2800_ml.lib</file>
         <name>strtod.c.obj</name>
      </input_file>
      <input_file id="fl-6d">
         <path>C:\ti\ccs910\ccs\tools\compiler\ti-cgt-c2000_18.12.2.LTS\lib\</path>
         <kind>archive</kind>
         <file>rts2800_ml.lib</file>
         <name>errno.c.obj</name>
      </input_file>
      <input_file id="fl-6e">
         <path>C:\ti\ccs910\ccs\tools\compiler\ti-cgt-c2000_18.12.2.LTS\lib\</path>
         <kind>archive</kind>
         <file>rts2800_ml.lib</file>
         <name>_printfi.c.obj</name>
      </input_file>
      <input_file id="fl-6f">
         <path>C:\ti\ccs910\ccs\tools\compiler\ti-cgt-c2000_18.12.2.LTS\lib\</path>
         <kind>archive</kind>
         <file>rts2800_ml.lib</file>
         <name>s_scalbnf.c.obj</name>
      </input_file>
      <input_file id="fl-70">
         <path>C:\ti\ccs910\ccs\tools\compiler\ti-cgt-c2000_18.12.2.LTS\lib\</path>
         <kind>archive</kind>
         <file>rts2800_ml.lib</file>
         <name>s_copysignf.c.obj</name>
      </input_file>
      <input_file id="fl-71">
         <path>C:\ti\ccs910\ccs\tools\compiler\ti-cgt-c2000_18.12.2.LTS\lib\</path>
         <kind>archive</kind>
         <file>rts2800_ml.lib</file>
         <name>wcslen.c.obj</name>
      </input_file>
      <input_file id="fl-7d">
         <path>C:\ti\ccs910\ccs\tools\compiler\ti-cgt-c2000_18.12.2.LTS\lib\</path>
         <kind>archive</kind>
         <file>rts2800_ml.lib</file>
         <name>atoi.c.obj</name>
      </input_file>
      <input_file id="fl-7e">
         <path>C:\ti\ccs910\ccs\tools\compiler\ti-cgt-c2000_18.12.2.LTS\lib\</path>
         <kind>archive</kind>
         <file>rts2800_ml.lib</file>
         <name>memccpy.c.obj</name>
      </input_file>
      <input_file id="fl-7f">
         <path>C:\ti\ccs910\ccs\tools\compiler\ti-cgt-c2000_18.12.2.LTS\lib\</path>
         <kind>archive</kind>
         <file>rts2800_ml.lib</file>
         <name>s_frexp.c.obj</name>
      </input_file>
      <input_file id="fl-80">
         <path>C:\ti\ccs910\ccs\tools\compiler\ti-cgt-c2000_18.12.2.LTS\lib\</path>
         <kind>archive</kind>
         <file>rts2800_ml.lib</file>
         <name>s_scalbn.c.obj</name>
      </input_file>
      <input_file id="fl-82">
         <path>C:\ti\ccs910\ccs\tools\compiler\ti-cgt-c2000_18.12.2.LTS\lib\</path>
         <kind>archive</kind>
         <file>rts2800_ml.lib</file>
         <name>s_copysign.c.obj</name>
      </input_file>
      <input_file id="fl-83">
         <path>C:\Users\_VIFEX~1\AppData\Local\Temp\</path>
         <kind>object</kind>
         <file>{8FDD77FB-745D-4DA7-9872-761CB5C52EC1}</file>
         <name>{8FDD77FB-745D-4DA7-9872-761CB5C52EC1}</name>
      </input_file>
      <input_file id="fl-2">
         <path>.\ArduinoAPI\</path>
         <kind>object</kind>
         <file>Arduino.obj</file>
         <name>Arduino.obj</name>
      </input_file>
      <input_file id="fl-3">
         <path>.\ArduinoAPI\</path>
         <kind>object</kind>
         <file>HardwareSerial.obj</file>
         <name>HardwareSerial.obj</name>
      </input_file>
      <input_file id="fl-4">
         <path>.\ArduinoAPI\</path>
         <kind>object</kind>
         <file>Print.obj</file>
         <name>Print.obj</name>
      </input_file>
      <input_file id="fl-5">
         <path>.\ArduinoAPI\</path>
         <kind>object</kind>
         <file>Stream.obj</file>
         <name>Stream.obj</name>
      </input_file>
      <input_file id="fl-6">
         <path>.\ArduinoAPI\</path>
         <kind>object</kind>
         <file>WMath.obj</file>
         <name>WMath.obj</name>
      </input_file>
      <input_file id="fl-7">
         <path>.\ArduinoAPI\</path>
         <kind>object</kind>
         <file>WString.obj</file>
         <name>WString.obj</name>
      </input_file>
      <input_file id="fl-8">
         <path>.\ArduinoAPI\</path>
         <kind>object</kind>
         <file>Wire.obj</file>
         <name>Wire.obj</name>
      </input_file>
      <input_file id="fl-9">
         <path>.\ArduinoAPI\</path>
         <kind>object</kind>
         <file>WireBase.obj</file>
         <name>WireBase.obj</name>
      </input_file>
      <input_file id="fl-a">
         <path>.\ArduinoAPI\</path>
         <kind>object</kind>
         <file>dtostrf.obj</file>
         <name>dtostrf.obj</name>
      </input_file>
      <input_file id="fl-b">
         <path>.\ArduinoAPI\</path>
         <kind>object</kind>
         <file>itoa.obj</file>
         <name>itoa.obj</name>
      </input_file>
      <input_file id="fl-c">
         <path>.\Core\28035_source\DSP2803x_common\source\</path>
         <kind>object</kind>
         <file>DSP2803x_Adc.obj</file>
         <name>DSP2803x_Adc.obj</name>
      </input_file>
      <input_file id="fl-d">
         <path>.\Core\28035_source\DSP2803x_common\source\</path>
         <kind>object</kind>
         <file>DSP2803x_CodeStartBranch.obj</file>
         <name>DSP2803x_CodeStartBranch.obj</name>
      </input_file>
      <input_file id="fl-e">
         <path>.\Core\28035_source\DSP2803x_common\source\</path>
         <kind>object</kind>
         <file>DSP2803x_Comp.obj</file>
         <name>DSP2803x_Comp.obj</name>
      </input_file>
      <input_file id="fl-f">
         <path>.\Core\28035_source\DSP2803x_common\source\</path>
         <kind>object</kind>
         <file>DSP2803x_CpuTimers.obj</file>
         <name>DSP2803x_CpuTimers.obj</name>
      </input_file>
      <input_file id="fl-10">
         <path>.\Core\28035_source\DSP2803x_common\source\</path>
         <kind>object</kind>
         <file>DSP2803x_DBGIER.obj</file>
         <name>DSP2803x_DBGIER.obj</name>
      </input_file>
      <input_file id="fl-11">
         <path>.\Core\28035_source\DSP2803x_common\source\</path>
         <kind>object</kind>
         <file>DSP2803x_DefaultIsr.obj</file>
         <name>DSP2803x_DefaultIsr.obj</name>
      </input_file>
      <input_file id="fl-12">
         <path>.\Core\28035_source\DSP2803x_common\source\</path>
         <kind>object</kind>
         <file>DSP2803x_DisInt.obj</file>
         <name>DSP2803x_DisInt.obj</name>
      </input_file>
      <input_file id="fl-13">
         <path>.\Core\28035_source\DSP2803x_common\source\</path>
         <kind>object</kind>
         <file>DSP2803x_ECan.obj</file>
         <name>DSP2803x_ECan.obj</name>
      </input_file>
      <input_file id="fl-14">
         <path>.\Core\28035_source\DSP2803x_common\source\</path>
         <kind>object</kind>
         <file>DSP2803x_ECap.obj</file>
         <name>DSP2803x_ECap.obj</name>
      </input_file>
      <input_file id="fl-15">
         <path>.\Core\28035_source\DSP2803x_common\source\</path>
         <kind>object</kind>
         <file>DSP2803x_EPwm.obj</file>
         <name>DSP2803x_EPwm.obj</name>
      </input_file>
      <input_file id="fl-16">
         <path>.\Core\28035_source\DSP2803x_common\source\</path>
         <kind>object</kind>
         <file>DSP2803x_EQep.obj</file>
         <name>DSP2803x_EQep.obj</name>
      </input_file>
      <input_file id="fl-17">
         <path>.\Core\28035_source\DSP2803x_common\source\</path>
         <kind>object</kind>
         <file>DSP2803x_Gpio.obj</file>
         <name>DSP2803x_Gpio.obj</name>
      </input_file>
      <input_file id="fl-18">
         <path>.\Core\28035_source\DSP2803x_common\source\</path>
         <kind>object</kind>
         <file>DSP2803x_I2C.obj</file>
         <name>DSP2803x_I2C.obj</name>
      </input_file>
      <input_file id="fl-19">
         <path>.\Core\28035_source\DSP2803x_common\source\</path>
         <kind>object</kind>
         <file>DSP2803x_Lin.obj</file>
         <name>DSP2803x_Lin.obj</name>
      </input_file>
      <input_file id="fl-1a">
         <path>.\Core\28035_source\DSP2803x_common\source\</path>
         <kind>object</kind>
         <file>DSP2803x_MemCopy.obj</file>
         <name>DSP2803x_MemCopy.obj</name>
      </input_file>
      <input_file id="fl-1b">
         <path>.\Core\28035_source\DSP2803x_common\source\</path>
         <kind>object</kind>
         <file>DSP2803x_PieCtrl.obj</file>
         <name>DSP2803x_PieCtrl.obj</name>
      </input_file>
      <input_file id="fl-1c">
         <path>.\Core\28035_source\DSP2803x_common\source\</path>
         <kind>object</kind>
         <file>DSP2803x_PieVect.obj</file>
         <name>DSP2803x_PieVect.obj</name>
      </input_file>
      <input_file id="fl-1d">
         <path>.\Core\28035_source\DSP2803x_common\source\</path>
         <kind>object</kind>
         <file>DSP2803x_Sci.obj</file>
         <name>DSP2803x_Sci.obj</name>
      </input_file>
      <input_file id="fl-1e">
         <path>.\Core\28035_source\DSP2803x_common\source\</path>
         <kind>object</kind>
         <file>DSP2803x_Spi.obj</file>
         <name>DSP2803x_Spi.obj</name>
      </input_file>
      <input_file id="fl-1f">
         <path>.\Core\28035_source\DSP2803x_common\source\</path>
         <kind>object</kind>
         <file>DSP2803x_SysCtrl.obj</file>
         <name>DSP2803x_SysCtrl.obj</name>
      </input_file>
      <input_file id="fl-20">
         <path>.\Core\28035_source\DSP2803x_common\source\</path>
         <kind>object</kind>
         <file>DSP2803x_usDelay.obj</file>
         <name>DSP2803x_usDelay.obj</name>
      </input_file>
      <input_file id="fl-21">
         <path>.\Core\28035_source\DSP2803x_headers\source\</path>
         <kind>object</kind>
         <file>DSP2803x_GlobalVariableDefs.obj</file>
         <name>DSP2803x_GlobalVariableDefs.obj</name>
      </input_file>
      <input_file id="fl-22">
         <path>.\Core\</path>
         <kind>object</kind>
         <file>delay.obj</file>
         <name>delay.obj</name>
      </input_file>
      <input_file id="fl-23">
         <path>.\Core\</path>
         <kind>object</kind>
         <file>gpio.obj</file>
         <name>gpio.obj</name>
      </input_file>
      <input_file id="fl-24">
         <path>.\Libraries\Adafruit_GFX_Library\</path>
         <kind>object</kind>
         <file>Adafruit_GFX.obj</file>
         <name>Adafruit_GFX.obj</name>
      </input_file>
      <input_file id="fl-25">
         <path>.\Libraries\Adafruit_GFX_Library\</path>
         <kind>object</kind>
         <file>glcdfont.obj</file>
         <name>glcdfont.obj</name>
      </input_file>
      <input_file id="fl-26">
         <path>.\Libraries\Adafruit_SSD1306\</path>
         <kind>object</kind>
         <file>Adafruit_SSD1306.obj</file>
         <name>Adafruit_SSD1306.obj</name>
      </input_file>
      <input_file id="fl-27">
         <path>.\USER\</path>
         <kind>object</kind>
         <file>main.obj</file>
         <name>main.obj</name>
      </input_file>
      <input_file id="fl-2e">
         <kind>object</kind>
         <file>&lt;internal&gt;</file>
         <name>&lt;internal&gt;</name>
      </input_file>
      <input_file id="fl-43">
         <path>C:\ti\ccs910\ccs\tools\compiler\ti-cgt-c2000_18.12.2.LTS\lib\</path>
         <kind>archive</kind>
         <file>rts2800_ml.lib</file>
         <name>boot28.asm.obj</name>
      </input_file>
      <input_file id="fl-44">
         <path>C:\ti\ccs910\ccs\tools\compiler\ti-cgt-c2000_18.12.2.LTS\lib\</path>
         <kind>archive</kind>
         <file>rts2800_ml.lib</file>
         <name>epilog28.asm.obj</name>
      </input_file>
      <input_file id="fl-45">
         <path>C:\ti\ccs910\ccs\tools\compiler\ti-cgt-c2000_18.12.2.LTS\lib\</path>
         <kind>archive</kind>
         <file>rts2800_ml.lib</file>
         <name>fs_add28.asm.obj</name>
      </input_file>
      <input_file id="fl-46">
         <path>C:\ti\ccs910\ccs\tools\compiler\ti-cgt-c2000_18.12.2.LTS\lib\</path>
         <kind>archive</kind>
         <file>rts2800_ml.lib</file>
         <name>fs_cmp28.asm.obj</name>
      </input_file>
      <input_file id="fl-47">
         <path>C:\ti\ccs910\ccs\tools\compiler\ti-cgt-c2000_18.12.2.LTS\lib\</path>
         <kind>archive</kind>
         <file>rts2800_ml.lib</file>
         <name>fs_div28.asm.obj</name>
      </input_file>
      <input_file id="fl-48">
         <path>C:\ti\ccs910\ccs\tools\compiler\ti-cgt-c2000_18.12.2.LTS\lib\</path>
         <kind>archive</kind>
         <file>rts2800_ml.lib</file>
         <name>fs_mpy28.asm.obj</name>
      </input_file>
      <input_file id="fl-49">
         <path>C:\ti\ccs910\ccs\tools\compiler\ti-cgt-c2000_18.12.2.LTS\lib\</path>
         <kind>archive</kind>
         <file>rts2800_ml.lib</file>
         <name>fs_neg28.asm.obj</name>
      </input_file>
      <input_file id="fl-4a">
         <path>C:\ti\ccs910\ccs\tools\compiler\ti-cgt-c2000_18.12.2.LTS\lib\</path>
         <kind>archive</kind>
         <file>rts2800_ml.lib</file>
         <name>fs_toi28.asm.obj</name>
      </input_file>
      <input_file id="fl-4b">
         <path>C:\ti\ccs910\ccs\tools\compiler\ti-cgt-c2000_18.12.2.LTS\lib\</path>
         <kind>archive</kind>
         <file>rts2800_ml.lib</file>
         <name>fs_tol28.asm.obj</name>
      </input_file>
      <input_file id="fl-4c">
         <path>C:\ti\ccs910\ccs\tools\compiler\ti-cgt-c2000_18.12.2.LTS\lib\</path>
         <kind>archive</kind>
         <file>rts2800_ml.lib</file>
         <name>ll_cmp28.asm.obj</name>
      </input_file>
      <input_file id="fl-4d">
         <path>C:\ti\ccs910\ccs\tools\compiler\ti-cgt-c2000_18.12.2.LTS\lib\</path>
         <kind>archive</kind>
         <file>rts2800_ml.lib</file>
         <name>ll_div28.asm.obj</name>
      </input_file>
      <input_file id="fl-4e">
         <path>C:\ti\ccs910\ccs\tools\compiler\ti-cgt-c2000_18.12.2.LTS\lib\</path>
         <kind>archive</kind>
         <file>rts2800_ml.lib</file>
         <name>i_div28.asm.obj</name>
      </input_file>
      <input_file id="fl-4f">
         <path>C:\ti\ccs910\ccs\tools\compiler\ti-cgt-c2000_18.12.2.LTS\lib\</path>
         <kind>archive</kind>
         <file>rts2800_ml.lib</file>
         <name>i_tofs28.asm.obj</name>
      </input_file>
      <input_file id="fl-50">
         <path>C:\ti\ccs910\ccs\tools\compiler\ti-cgt-c2000_18.12.2.LTS\lib\</path>
         <kind>archive</kind>
         <file>rts2800_ml.lib</file>
         <name>u_div28.asm.obj</name>
      </input_file>
      <input_file id="fl-51">
         <path>C:\ti\ccs910\ccs\tools\compiler\ti-cgt-c2000_18.12.2.LTS\lib\</path>
         <kind>archive</kind>
         <file>rts2800_ml.lib</file>
         <name>l_tofs28.asm.obj</name>
      </input_file>
      <input_file id="fl-52">
         <path>C:\ti\ccs910\ccs\tools\compiler\ti-cgt-c2000_18.12.2.LTS\lib\</path>
         <kind>archive</kind>
         <file>rts2800_ml.lib</file>
         <name>l_div28.asm.obj</name>
      </input_file>
      <input_file id="fl-53">
         <path>C:\ti\ccs910\ccs\tools\compiler\ti-cgt-c2000_18.12.2.LTS\lib\</path>
         <kind>archive</kind>
         <file>rts2800_ml.lib</file>
         <name>prolog28.asm.obj</name>
      </input_file>
      <input_file id="fl-54">
         <path>C:\ti\ccs910\ccs\tools\compiler\ti-cgt-c2000_18.12.2.LTS\lib\</path>
         <kind>archive</kind>
         <file>rts2800_ml.lib</file>
         <name>fs_toll28.asm.obj</name>
      </input_file>
      <input_file id="fl-55">
         <path>C:\ti\ccs910\ccs\tools\compiler\ti-cgt-c2000_18.12.2.LTS\lib\</path>
         <kind>archive</kind>
         <file>rts2800_ml.lib</file>
         <name>ll_tofs28.asm.obj</name>
      </input_file>
      <input_file id="fl-59">
         <path>C:\ti\ccs910\ccs\tools\compiler\ti-cgt-c2000_18.12.2.LTS\lib\</path>
         <kind>archive</kind>
         <file>rts2800_ml.lib</file>
         <name>startup.c.obj</name>
      </input_file>
      <input_file id="fl-5a">
         <path>C:\ti\ccs910\ccs\tools\compiler\ti-cgt-c2000_18.12.2.LTS\lib\</path>
         <kind>archive</kind>
         <file>rts2800_ml.lib</file>
         <name>exit.c.obj</name>
      </input_file>
      <input_file id="fl-5c">
         <path>C:\ti\ccs910\ccs\tools\compiler\ti-cgt-c2000_18.12.2.LTS\lib\</path>
         <kind>archive</kind>
         <file>rts2800_ml.lib</file>
         <name>args_main.c.obj</name>
      </input_file>
      <input_file id="fl-72">
         <path>C:\ti\ccs910\ccs\tools\compiler\ti-cgt-c2000_18.12.2.LTS\lib\</path>
         <kind>archive</kind>
         <file>rts2800_ml.lib</file>
         <name>fd_cmp28.asm.obj</name>
      </input_file>
      <input_file id="fl-73">
         <path>C:\ti\ccs910\ccs\tools\compiler\ti-cgt-c2000_18.12.2.LTS\lib\</path>
         <kind>archive</kind>
         <file>rts2800_ml.lib</file>
         <name>fd_mpy28.asm.obj</name>
      </input_file>
      <input_file id="fl-74">
         <path>C:\ti\ccs910\ccs\tools\compiler\ti-cgt-c2000_18.12.2.LTS\lib\</path>
         <kind>archive</kind>
         <file>rts2800_ml.lib</file>
         <name>fd_neg28.asm.obj</name>
      </input_file>
      <input_file id="fl-75">
         <path>C:\ti\ccs910\ccs\tools\compiler\ti-cgt-c2000_18.12.2.LTS\lib\</path>
         <kind>archive</kind>
         <file>rts2800_ml.lib</file>
         <name>fd_sub28.asm.obj</name>
      </input_file>
      <input_file id="fl-76">
         <path>C:\ti\ccs910\ccs\tools\compiler\ti-cgt-c2000_18.12.2.LTS\lib\</path>
         <kind>archive</kind>
         <file>rts2800_ml.lib</file>
         <name>fd_toi28.asm.obj</name>
      </input_file>
      <input_file id="fl-77">
         <path>C:\ti\ccs910\ccs\tools\compiler\ti-cgt-c2000_18.12.2.LTS\lib\</path>
         <kind>archive</kind>
         <file>rts2800_ml.lib</file>
         <name>fd_tol28.asm.obj</name>
      </input_file>
      <input_file id="fl-78">
         <path>C:\ti\ccs910\ccs\tools\compiler\ti-cgt-c2000_18.12.2.LTS\lib\</path>
         <kind>archive</kind>
         <file>rts2800_ml.lib</file>
         <name>ll_aox28.asm.obj</name>
      </input_file>
      <input_file id="fl-79">
         <path>C:\ti\ccs910\ccs\tools\compiler\ti-cgt-c2000_18.12.2.LTS\lib\</path>
         <kind>archive</kind>
         <file>rts2800_ml.lib</file>
         <name>i_tofd28.asm.obj</name>
      </input_file>
      <input_file id="fl-7a">
         <path>C:\ti\ccs910\ccs\tools\compiler\ti-cgt-c2000_18.12.2.LTS\lib\</path>
         <kind>archive</kind>
         <file>rts2800_ml.lib</file>
         <name>l_tofd28.asm.obj</name>
      </input_file>
      <input_file id="fl-7b">
         <path>C:\ti\ccs910\ccs\tools\compiler\ti-cgt-c2000_18.12.2.LTS\lib\</path>
         <kind>archive</kind>
         <file>rts2800_ml.lib</file>
         <name>fs_tofd28.asm.obj</name>
      </input_file>
      <input_file id="fl-7c">
         <path>C:\ti\ccs910\ccs\tools\compiler\ti-cgt-c2000_18.12.2.LTS\lib\</path>
         <kind>archive</kind>
         <file>rts2800_ml.lib</file>
         <name>fd_div28.asm.obj</name>
      </input_file>
      <input_file id="fl-81">
         <path>C:\ti\ccs910\ccs\tools\compiler\ti-cgt-c2000_18.12.2.LTS\lib\</path>
         <kind>archive</kind>
         <file>rts2800_ml.lib</file>
         <name>fd_add28.asm.obj</name>
      </input_file>
   </input_file_list>
   <object_component_list>
      <object_component id="oc-21e">
         <name>.cinit:_buffer</name>
         <load_address>0x3f68b7</load_address>
         <run_address>0x3f68b7</run_address>
         <size>0x403</size>
         <input_file_ref idref="fl-26"/>
      </object_component>
      <object_component id="oc-44">
         <name>.cinit</name>
         <load_address>0x3f6cba</load_address>
         <run_address>0x3f6cba</run_address>
         <size>0x24</size>
         <input_file_ref idref="fl-83"/>
      </object_component>
      <object_component id="oc-1ad">
         <name>.cinit</name>
         <load_address>0x3f6cde</load_address>
         <run_address>0x3f6cde</run_address>
         <size>0xe</size>
         <input_file_ref idref="fl-5a"/>
      </object_component>
      <object_component id="oc-222">
         <name>.cinit:_postmask__L4__drawFastVLineInternal__16Adafruit_SSD1306FiN21Ui</name>
         <load_address>0x3f6cec</load_address>
         <run_address>0x3f6cec</run_address>
         <size>0xb</size>
         <input_file_ref idref="fl-26"/>
      </object_component>
      <object_component id="oc-220">
         <name>.cinit:_premask__L1__drawFastVLineInternal__16Adafruit_SSD1306FiN21Ui</name>
         <load_address>0x3f6cf7</load_address>
         <run_address>0x3f6cf7</run_address>
         <size>0xb</size>
         <input_file_ref idref="fl-26"/>
      </object_component>
      <object_component id="oc-76">
         <name>.cinit</name>
         <load_address>0x3f6d02</load_address>
         <run_address>0x3f6d02</run_address>
         <size>0x9</size>
         <input_file_ref idref="fl-8"/>
      </object_component>
      <object_component id="oc-12a">
         <name>.cinit</name>
         <load_address>0x3f6d0b</load_address>
         <run_address>0x3f6d0b</run_address>
         <size>0x5</size>
         <input_file_ref idref="fl-22"/>
      </object_component>
      <object_component id="oc-58">
         <name>.pinit</name>
         <load_address>0x3f6d12</load_address>
         <run_address>0x3f6d12</run_address>
         <size>0x2</size>
         <input_file_ref idref="fl-3"/>
      </object_component>
      <object_component id="oc-78">
         <name>.pinit</name>
         <load_address>0x3f6d14</load_address>
         <run_address>0x3f6d14</run_address>
         <size>0x2</size>
         <input_file_ref idref="fl-8"/>
      </object_component>
      <object_component id="oc-141">
         <name>.pinit</name>
         <load_address>0x3f6d16</load_address>
         <run_address>0x3f6d16</run_address>
         <size>0x2</size>
         <input_file_ref idref="fl-27"/>
      </object_component>
      <object_component id="oc-208">
         <name>.text</name>
         <load_address>0x3e8000</load_address>
         <run_address>0x3e8000</run_address>
         <size>0x124b</size>
         <input_file_ref idref="fl-24"/>
      </object_component>
      <object_component id="oc-1fc">
         <name>.text</name>
         <load_address>0x3e924b</load_address>
         <run_address>0x3e924b</run_address>
         <size>0x565</size>
         <input_file_ref idref="fl-27"/>
      </object_component>
      <object_component id="oc-209">
         <name>.text</name>
         <load_address>0x3e97b0</load_address>
         <run_address>0x3e97b0</run_address>
         <size>0x561</size>
         <input_file_ref idref="fl-26"/>
      </object_component>
      <object_component id="oc-20a">
         <name>.text</name>
         <load_address>0x3e9d11</load_address>
         <run_address>0x3e9d11</run_address>
         <size>0x3ee</size>
         <input_file_ref idref="fl-4"/>
      </object_component>
      <object_component id="oc-212">
         <name>.text</name>
         <load_address>0x3ea0ff</load_address>
         <run_address>0x3ea0ff</run_address>
         <size>0x1e5</size>
         <input_file_ref idref="fl-61"/>
      </object_component>
      <object_component id="oc-a9">
         <name>.text:retain</name>
         <load_address>0x3ea2e4</load_address>
         <run_address>0x3ea2e4</run_address>
         <size>0x172</size>
         <input_file_ref idref="fl-11"/>
      </object_component>
      <object_component id="oc-1fb">
         <name>.text</name>
         <load_address>0x3ea456</load_address>
         <run_address>0x3ea456</run_address>
         <size>0x15d</size>
         <input_file_ref idref="fl-8"/>
      </object_component>
      <object_component id="oc-20e">
         <name>.text</name>
         <load_address>0x3ea5b3</load_address>
         <run_address>0x3ea5b3</run_address>
         <size>0x137</size>
         <input_file_ref idref="fl-1f"/>
      </object_component>
      <object_component id="oc-17a">
         <name>.text</name>
         <load_address>0x3ea6ea</load_address>
         <run_address>0x3ea6ea</run_address>
         <size>0x107</size>
         <input_file_ref idref="fl-4d"/>
      </object_component>
      <object_component id="oc-214">
         <name>.text</name>
         <load_address>0x3ea7f1</load_address>
         <run_address>0x3ea7f1</run_address>
         <size>0xad</size>
         <input_file_ref idref="fl-9"/>
      </object_component>
      <object_component id="oc-204">
         <name>.text</name>
         <load_address>0x3ea89e</load_address>
         <run_address>0x3ea89e</run_address>
         <size>0xa4</size>
         <input_file_ref idref="fl-2"/>
      </object_component>
      <object_component id="oc-1ef">
         <name>.text</name>
         <load_address>0x3ea942</load_address>
         <run_address>0x3ea942</run_address>
         <size>0x9c</size>
         <input_file_ref idref="fl-81"/>
      </object_component>
      <object_component id="oc-1ea">
         <name>.text</name>
         <load_address>0x3ea9de</load_address>
         <run_address>0x3ea9de</run_address>
         <size>0x8b</size>
         <input_file_ref idref="fl-7c"/>
      </object_component>
      <object_component id="oc-1bd">
         <name>.text</name>
         <load_address>0x3eaa69</load_address>
         <run_address>0x3eaa69</run_address>
         <size>0x83</size>
         <input_file_ref idref="fl-73"/>
      </object_component>
      <object_component id="oc-15c">
         <name>.text</name>
         <load_address>0x3eaaec</load_address>
         <run_address>0x3eaaec</run_address>
         <size>0x83</size>
         <input_file_ref idref="fl-47"/>
      </object_component>
      <object_component id="oc-152">
         <name>.text</name>
         <load_address>0x3eab6f</load_address>
         <run_address>0x3eab6f</run_address>
         <size>0x78</size>
         <input_file_ref idref="fl-45"/>
      </object_component>
      <object_component id="oc-1fa">
         <name>.text</name>
         <load_address>0x3eabe7</load_address>
         <run_address>0x3eabe7</run_address>
         <size>0x76</size>
         <input_file_ref idref="fl-3"/>
      </object_component>
      <object_component id="oc-224">
         <name>.text</name>
         <load_address>0x3eac5d</load_address>
         <run_address>0x3eac5d</run_address>
         <size>0x62</size>
         <input_file_ref idref="fl-f"/>
      </object_component>
      <object_component id="oc-161">
         <name>.text</name>
         <load_address>0x3eacbf</load_address>
         <run_address>0x3eacbf</run_address>
         <size>0x5a</size>
         <input_file_ref idref="fl-48"/>
      </object_component>
      <object_component id="oc-42">
         <name>.text</name>
         <load_address>0x3ead19</load_address>
         <run_address>0x3ead19</run_address>
         <size>0x54</size>
         <input_file_ref idref="fl-43"/>
      </object_component>
      <object_component id="oc-20b">
         <name>.text</name>
         <load_address>0x3ead6d</load_address>
         <run_address>0x3ead6d</run_address>
         <size>0x35</size>
         <input_file_ref idref="fl-22"/>
      </object_component>
      <object_component id="oc-1f9">
         <name>.text</name>
         <load_address>0x3eada2</load_address>
         <run_address>0x3eada2</run_address>
         <size>0x34</size>
         <input_file_ref idref="fl-3b"/>
      </object_component>
      <object_component id="oc-1b8">
         <name>.text</name>
         <load_address>0x3eadd6</load_address>
         <run_address>0x3eadd6</run_address>
         <size>0x2a</size>
         <input_file_ref idref="fl-72"/>
      </object_component>
      <object_component id="oc-193">
         <name>.text</name>
         <load_address>0x3eae00</load_address>
         <run_address>0x3eae00</run_address>
         <size>0x2a</size>
         <input_file_ref idref="fl-52"/>
      </object_component>
      <object_component id="oc-1f8">
         <name>.text</name>
         <load_address>0x3eae2a</load_address>
         <run_address>0x3eae2a</run_address>
         <size>0x29</size>
         <input_file_ref idref="fl-5a"/>
      </object_component>
      <object_component id="oc-170">
         <name>.text</name>
         <load_address>0x3eae53</load_address>
         <run_address>0x3eae53</run_address>
         <size>0x29</size>
         <input_file_ref idref="fl-4b"/>
      </object_component>
      <object_component id="oc-20f">
         <name>.text</name>
         <load_address>0x3eae7c</load_address>
         <run_address>0x3eae7c</run_address>
         <size>0x28</size>
         <input_file_ref idref="fl-1b"/>
      </object_component>
      <object_component id="oc-16b">
         <name>.text</name>
         <load_address>0x3eaea4</load_address>
         <run_address>0x3eaea4</run_address>
         <size>0x25</size>
         <input_file_ref idref="fl-4a"/>
      </object_component>
      <object_component id="oc-1f5">
         <name>.text</name>
         <load_address>0x3eaec9</load_address>
         <run_address>0x3eaec9</run_address>
         <size>0x24</size>
         <input_file_ref idref="fl-56"/>
      </object_component>
      <object_component id="oc-19d">
         <name>.text</name>
         <load_address>0x3eaeed</load_address>
         <run_address>0x3eaeed</run_address>
         <size>0x24</size>
         <input_file_ref idref="fl-54"/>
      </object_component>
      <object_component id="oc-17f">
         <name>.text</name>
         <load_address>0x3eaf11</load_address>
         <run_address>0x3eaf11</run_address>
         <size>0x22</size>
         <input_file_ref idref="fl-4e"/>
      </object_component>
      <object_component id="oc-1a2">
         <name>.text</name>
         <load_address>0x3eaf33</load_address>
         <run_address>0x3eaf33</run_address>
         <size>0x22</size>
         <input_file_ref idref="fl-55"/>
      </object_component>
      <object_component id="oc-1cc">
         <name>.text</name>
         <load_address>0x3eaf55</load_address>
         <run_address>0x3eaf55</run_address>
         <size>0x21</size>
         <input_file_ref idref="fl-76"/>
      </object_component>
      <object_component id="oc-1d1">
         <name>.text</name>
         <load_address>0x3eaf76</load_address>
         <run_address>0x3eaf76</run_address>
         <size>0x1f</size>
         <input_file_ref idref="fl-77"/>
      </object_component>
      <object_component id="oc-175">
         <name>.text</name>
         <load_address>0x3eaf95</load_address>
         <run_address>0x3eaf95</run_address>
         <size>0x1e</size>
         <input_file_ref idref="fl-4c"/>
      </object_component>
      <object_component id="oc-1db">
         <name>.text</name>
         <load_address>0x3eafb3</load_address>
         <run_address>0x3eafb3</run_address>
         <size>0x1d</size>
         <input_file_ref idref="fl-79"/>
      </object_component>
      <object_component id="oc-1fd">
         <name>.text</name>
         <load_address>0x3eafd0</load_address>
         <run_address>0x3eafd0</run_address>
         <size>0x1d</size>
         <input_file_ref idref="fl-57"/>
      </object_component>
      <object_component id="oc-1e5">
         <name>.text</name>
         <load_address>0x3eafed</load_address>
         <run_address>0x3eafed</run_address>
         <size>0x1c</size>
         <input_file_ref idref="fl-7b"/>
      </object_component>
      <object_component id="oc-1e0">
         <name>.text</name>
         <load_address>0x3eb009</load_address>
         <run_address>0x3eb009</run_address>
         <size>0x1c</size>
         <input_file_ref idref="fl-7a"/>
      </object_component>
      <object_component id="oc-184">
         <name>.text</name>
         <load_address>0x3eb025</load_address>
         <run_address>0x3eb025</run_address>
         <size>0x1a</size>
         <input_file_ref idref="fl-4f"/>
      </object_component>
      <object_component id="oc-18e">
         <name>.text</name>
         <load_address>0x3eb03f</load_address>
         <run_address>0x3eb03f</run_address>
         <size>0x1a</size>
         <input_file_ref idref="fl-51"/>
      </object_component>
      <object_component id="oc-1f7">
         <name>.text</name>
         <load_address>0x3eb059</load_address>
         <run_address>0x3eb059</run_address>
         <size>0x19</size>
         <input_file_ref idref="fl-5c"/>
      </object_component>
      <object_component id="oc-198">
         <name>.text</name>
         <load_address>0x3eb072</load_address>
         <run_address>0x3eb072</run_address>
         <size>0x19</size>
         <input_file_ref idref="fl-53"/>
      </object_component>
      <object_component id="oc-1d6">
         <name>.text</name>
         <load_address>0x3eb08b</load_address>
         <run_address>0x3eb08b</run_address>
         <size>0x18</size>
         <input_file_ref idref="fl-78"/>
      </object_component>
      <object_component id="oc-157">
         <name>.text</name>
         <load_address>0x3eb0a3</load_address>
         <run_address>0x3eb0a3</run_address>
         <size>0x17</size>
         <input_file_ref idref="fl-46"/>
      </object_component>
      <object_component id="oc-217">
         <name>.text</name>
         <load_address>0x3eb0ba</load_address>
         <run_address>0x3eb0ba</run_address>
         <size>0x15</size>
         <input_file_ref idref="fl-69"/>
      </object_component>
      <object_component id="oc-20c">
         <name>.text</name>
         <load_address>0x3eb0cf</load_address>
         <run_address>0x3eb0cf</run_address>
         <size>0x14</size>
         <input_file_ref idref="fl-63"/>
      </object_component>
      <object_component id="oc-12c">
         <name>.text:retain</name>
         <load_address>0x3eb0e3</load_address>
         <run_address>0x3eb0e3</run_address>
         <size>0x12</size>
         <input_file_ref idref="fl-22"/>
      </object_component>
      <object_component id="oc-210">
         <name>.text</name>
         <load_address>0x3eb0f5</load_address>
         <run_address>0x3eb0f5</run_address>
         <size>0x11</size>
         <input_file_ref idref="fl-1c"/>
      </object_component>
      <object_component id="oc-1c7">
         <name>.text</name>
         <load_address>0x3eb106</load_address>
         <run_address>0x3eb106</run_address>
         <size>0xe</size>
         <input_file_ref idref="fl-75"/>
      </object_component>
      <object_component id="oc-200">
         <name>.text</name>
         <load_address>0x3eb114</load_address>
         <run_address>0x3eb114</run_address>
         <size>0xe</size>
         <input_file_ref idref="fl-3d"/>
      </object_component>
      <object_component id="oc-14d">
         <name>.text</name>
         <load_address>0x3eb122</load_address>
         <run_address>0x3eb122</run_address>
         <size>0xc</size>
         <input_file_ref idref="fl-44"/>
      </object_component>
      <object_component id="oc-189">
         <name>.text</name>
         <load_address>0x3eb12e</load_address>
         <run_address>0x3eb12e</run_address>
         <size>0xb</size>
         <input_file_ref idref="fl-50"/>
      </object_component>
      <object_component id="oc-1c2">
         <name>.text</name>
         <load_address>0x3eb139</load_address>
         <run_address>0x3eb139</run_address>
         <size>0x9</size>
         <input_file_ref idref="fl-74"/>
      </object_component>
      <object_component id="oc-92">
         <name>.text</name>
         <load_address>0x3eb142</load_address>
         <run_address>0x3eb142</run_address>
         <size>0x8</size>
         <input_file_ref idref="fl-d"/>
      </object_component>
      <object_component id="oc-218">
         <name>.text</name>
         <load_address>0x3eb14a</load_address>
         <run_address>0x3eb14a</run_address>
         <size>0x8</size>
         <input_file_ref idref="fl-67"/>
      </object_component>
      <object_component id="oc-ae">
         <name>.text</name>
         <load_address>0x3eb152</load_address>
         <run_address>0x3eb152</run_address>
         <size>0x7</size>
         <input_file_ref idref="fl-12"/>
      </object_component>
      <object_component id="oc-215">
         <name>.text</name>
         <load_address>0x3eb159</load_address>
         <run_address>0x3eb159</run_address>
         <size>0x7</size>
         <input_file_ref idref="fl-62"/>
      </object_component>
      <object_component id="oc-207">
         <name>.text</name>
         <load_address>0x3eb160</load_address>
         <run_address>0x3eb160</run_address>
         <size>0x5</size>
         <input_file_ref idref="fl-3a"/>
      </object_component>
      <object_component id="oc-166">
         <name>.text</name>
         <load_address>0x3eb165</load_address>
         <run_address>0x3eb165</run_address>
         <size>0x5</size>
         <input_file_ref idref="fl-49"/>
      </object_component>
      <object_component id="oc-a3">
         <name>.text</name>
         <load_address>0x3eb16a</load_address>
         <run_address>0x3eb16a</run_address>
         <size>0x3</size>
         <input_file_ref idref="fl-10"/>
      </object_component>
      <object_component id="oc-1ff">
         <name>.text</name>
         <load_address>0x3eb16d</load_address>
         <run_address>0x3eb16d</run_address>
         <size>0x3</size>
         <input_file_ref idref="fl-3c"/>
      </object_component>
      <object_component id="oc-213">
         <name>.text</name>
         <load_address>0x3eb170</load_address>
         <run_address>0x3eb170</run_address>
         <size>0x3</size>
         <input_file_ref idref="fl-3f"/>
      </object_component>
      <object_component id="oc-1f4">
         <name>.text</name>
         <load_address>0x3eb173</load_address>
         <run_address>0x3eb173</run_address>
         <size>0x2</size>
         <input_file_ref idref="fl-58"/>
      </object_component>
      <object_component id="oc-211">
         <name>.text</name>
         <load_address>0x3eb175</load_address>
         <run_address>0x3eb175</run_address>
         <size>0x1</size>
         <input_file_ref idref="fl-5b"/>
      </object_component>
      <object_component id="oc-1f6">
         <name>.text</name>
         <load_address>0x3eb176</load_address>
         <run_address>0x3eb176</run_address>
         <size>0x1</size>
         <input_file_ref idref="fl-59"/>
      </object_component>
      <object_component id="oc-93">
         <name>codestart</name>
         <load_address>0x3f7ff6</load_address>
         <run_address>0x3f7ff6</run_address>
         <size>0x2</size>
         <input_file_ref idref="fl-d"/>
      </object_component>
      <object_component id="oc-f5">
         <name>ramfuncs</name>
         <load_address>0x3f0000</load_address>
         <run_address>0x8000</run_address>
         <size>0x4</size>
         <input_file_ref idref="fl-20"/>
      </object_component>
      <object_component id="oc-147">
         <name>.stack</name>
         <uninitialized>true</uninitialized>
         <run_address>0x50</run_address>
         <size>0x0</size>
         <input_file_ref idref="fl-43"/>
      </object_component>
      <object_component id="oc-270">
         <name>.stack</name>
         <uninitialized>true</uninitialized>
         <run_address>0x50</run_address>
         <size>0x0</size>
      </object_component>
      <object_component id="oc-57">
         <name>.ebss</name>
         <uninitialized>true</uninitialized>
         <run_address>0x9400</run_address>
         <size>0xac</size>
         <input_file_ref idref="fl-3"/>
      </object_component>
      <object_component id="oc-6f">
         <name>.ebss</name>
         <uninitialized>true</uninitialized>
         <run_address>0x959a</run_address>
         <size>0x1</size>
         <input_file_ref idref="fl-7"/>
      </object_component>
      <object_component id="oc-77">
         <name>.ebss</name>
         <uninitialized>true</uninitialized>
         <run_address>0x94c0</run_address>
         <size>0x90</size>
         <input_file_ref idref="fl-8"/>
      </object_component>
      <object_component id="oc-9e">
         <name>.ebss</name>
         <uninitialized>true</uninitialized>
         <run_address>0x9580</run_address>
         <size>0x18</size>
         <input_file_ref idref="fl-f"/>
      </object_component>
      <object_component id="oc-d2">
         <name>.ebss</name>
         <uninitialized>true</uninitialized>
         <run_address>0x957c</run_address>
         <size>0x2</size>
         <input_file_ref idref="fl-19"/>
      </object_component>
      <object_component id="oc-12b">
         <name>.ebss</name>
         <uninitialized>true</uninitialized>
         <run_address>0x957e</run_address>
         <size>0x2</size>
         <input_file_ref idref="fl-22"/>
      </object_component>
      <object_component id="oc-21f">
         <name>.ebss:_premask__L1__drawFastVLineInternal__16Adafruit_SSD1306FiN21Ui</name>
         <uninitialized>true</uninitialized>
         <run_address>0x956a</run_address>
         <size>0x8</size>
         <input_file_ref idref="fl-26"/>
      </object_component>
      <object_component id="oc-221">
         <name>.ebss:_postmask__L4__drawFastVLineInternal__16Adafruit_SSD1306FiN21Ui</name>
         <uninitialized>true</uninitialized>
         <run_address>0x94b8</run_address>
         <size>0x8</size>
         <input_file_ref idref="fl-26"/>
      </object_component>
      <object_component id="oc-21d">
         <name>.ebss:_buffer</name>
         <uninitialized>true</uninitialized>
         <run_address>0x9000</run_address>
         <size>0x400</size>
         <input_file_ref idref="fl-26"/>
      </object_component>
      <object_component id="oc-140">
         <name>.ebss</name>
         <uninitialized>true</uninitialized>
         <run_address>0x9550</run_address>
         <size>0x1a</size>
         <input_file_ref idref="fl-27"/>
      </object_component>
      <object_component id="oc-1ae">
         <name>.ebss</name>
         <uninitialized>true</uninitialized>
         <run_address>0x9572</run_address>
         <size>0x6</size>
         <input_file_ref idref="fl-5a"/>
      </object_component>
      <object_component id="oc-45">
         <name>.ebss</name>
         <uninitialized>true</uninitialized>
         <run_address>0x94ac</run_address>
         <size>0xc</size>
         <input_file_ref idref="fl-3b"/>
      </object_component>
      <object_component id="oc-46">
         <name>.ebss</name>
         <uninitialized>true</uninitialized>
         <run_address>0x9578</run_address>
         <size>0x4</size>
         <input_file_ref idref="fl-61"/>
      </object_component>
      <object_component id="oc-47">
         <name>.ebss</name>
         <uninitialized>true</uninitialized>
         <run_address>0x959b</run_address>
         <size>0x1</size>
         <input_file_ref idref="fl-6d"/>
      </object_component>
      <object_component id="oc-49">
         <name>.ebss</name>
         <uninitialized>true</uninitialized>
         <run_address>0x9598</run_address>
         <size>0x2</size>
         <input_file_ref idref="fl-63"/>
      </object_component>
      <object_component id="oc-4a">
         <name>.esysmem</name>
         <uninitialized>true</uninitialized>
         <run_address>0x959c</run_address>
         <size>0x4</size>
         <input_file_ref idref="fl-61"/>
      </object_component>
      <object_component id="oc-271">
         <name>.esysmem</name>
         <uninitialized>true</uninitialized>
         <run_address>0x959c</run_address>
         <size>0x0</size>
      </object_component>
      <object_component id="oc-216">
         <name>.econst:.string:_font</name>
         <load_address>0x3f6000</load_address>
         <run_address>0x3f6000</run_address>
         <size>0x500</size>
         <input_file_ref idref="fl-24"/>
      </object_component>
      <object_component id="oc-225">
         <name>.econst:_PieVectTableInit</name>
         <load_address>0x3f6500</load_address>
         <run_address>0x3f6500</run_address>
         <size>0x100</size>
         <input_file_ref idref="fl-1c"/>
      </object_component>
      <object_component id="oc-21b">
         <name>.econst:___vtbl__10GFXcanvas1</name>
         <load_address>0x3f6600</load_address>
         <run_address>0x3f6600</run_address>
         <size>0x50</size>
         <input_file_ref idref="fl-24"/>
      </object_component>
      <object_component id="oc-21a">
         <name>.econst:___vtbl__10GFXcanvas8</name>
         <load_address>0x3f6650</load_address>
         <run_address>0x3f6650</run_address>
         <size>0x50</size>
         <input_file_ref idref="fl-24"/>
      </object_component>
      <object_component id="oc-219">
         <name>.econst:___vtbl__11GFXcanvas16</name>
         <load_address>0x3f66a0</load_address>
         <run_address>0x3f66a0</run_address>
         <size>0x50</size>
         <input_file_ref idref="fl-24"/>
      </object_component>
      <object_component id="oc-21c">
         <name>.econst:___vtbl__12Adafruit_GFX</name>
         <load_address>0x3f66f0</load_address>
         <run_address>0x3f66f0</run_address>
         <size>0x50</size>
         <input_file_ref idref="fl-24"/>
      </object_component>
      <object_component id="oc-223">
         <name>.econst:___vtbl__16Adafruit_SSD1306</name>
         <load_address>0x3f6740</load_address>
         <run_address>0x3f6740</run_address>
         <size>0x50</size>
         <input_file_ref idref="fl-26"/>
      </object_component>
      <object_component id="oc-142">
         <name>.econst:.string</name>
         <load_address>0x3f6790</load_address>
         <run_address>0x3f6790</run_address>
         <size>0x29</size>
         <input_file_ref idref="fl-27"/>
      </object_component>
      <object_component id="oc-4c">
         <name>.econst:.string</name>
         <load_address>0x3f67ba</load_address>
         <run_address>0x3f67ba</run_address>
         <size>0x26</size>
         <input_file_ref idref="fl-83"/>
      </object_component>
      <object_component id="oc-4b">
         <name>.econst</name>
         <load_address>0x3f67e0</load_address>
         <run_address>0x3f67e0</run_address>
         <size>0x24</size>
         <input_file_ref idref="fl-83"/>
      </object_component>
      <object_component id="oc-20d">
         <name>.econst:.string:_logo16_glcd_bmp</name>
         <load_address>0x3f6804</load_address>
         <run_address>0x3f6804</run_address>
         <size>0x20</size>
         <input_file_ref idref="fl-27"/>
      </object_component>
      <object_component id="oc-203">
         <name>.econst:___vtbl__14HardwareSerial</name>
         <load_address>0x3f6824</load_address>
         <run_address>0x3f6824</run_address>
         <size>0x20</size>
         <input_file_ref idref="fl-3"/>
      </object_component>
      <object_component id="oc-202">
         <name>.econst:___vtbl__6Stream</name>
         <load_address>0x3f6844</load_address>
         <run_address>0x3f6844</run_address>
         <size>0x20</size>
         <input_file_ref idref="fl-3"/>
      </object_component>
      <object_component id="oc-5e">
         <name>.econst:.string</name>
         <load_address>0x3f6864</load_address>
         <run_address>0x3f6864</run_address>
         <size>0x19</size>
         <input_file_ref idref="fl-4"/>
      </object_component>
      <object_component id="oc-201">
         <name>.econst:___vtbl__5Print</name>
         <load_address>0x3f687e</load_address>
         <run_address>0x3f687e</run_address>
         <size>0x10</size>
         <input_file_ref idref="fl-4"/>
      </object_component>
      <object_component id="oc-206">
         <name>.econst:___vtbl__7TwoWire</name>
         <load_address>0x3f688e</load_address>
         <run_address>0x3f688e</run_address>
         <size>0xc</size>
         <input_file_ref idref="fl-8"/>
      </object_component>
      <object_component id="oc-205">
         <name>.econst:___vtbl__8WireBase</name>
         <load_address>0x3f689a</load_address>
         <run_address>0x3f689a</run_address>
         <size>0xc</size>
         <input_file_ref idref="fl-9"/>
      </object_component>
      <object_component id="oc-83">
         <name>.econst:.string</name>
         <load_address>0x3f68a6</load_address>
         <run_address>0x3f68a6</run_address>
         <size>0x9</size>
         <input_file_ref idref="fl-a"/>
      </object_component>
      <object_component id="oc-1fe">
         <name>.econst:__lock</name>
         <load_address>0x3f68b0</load_address>
         <run_address>0x3f68b0</run_address>
         <size>0x2</size>
         <input_file_ref idref="fl-5b"/>
      </object_component>
      <object_component id="oc-48">
         <name>.econst</name>
         <load_address>0x3f68b2</load_address>
         <run_address>0x3f68b2</run_address>
         <size>0x2</size>
         <input_file_ref idref="fl-40"/>
      </object_component>
      <object_component id="oc-64">
         <name>.econst:.string</name>
         <load_address>0x3f68b4</load_address>
         <run_address>0x3f68b4</run_address>
         <size>0x1</size>
         <input_file_ref idref="fl-5"/>
      </object_component>
      <object_component id="oc-70">
         <name>.econst:.string</name>
         <load_address>0x3f68b6</load_address>
         <run_address>0x3f68b6</run_address>
         <size>0x1</size>
         <input_file_ref idref="fl-7"/>
      </object_component>
      <object_component id="oc-148">
         <name>.reset</name>
         <load_address>0x3fffc0</load_address>
         <run_address>0x3fffc0</run_address>
         <size>0x2</size>
         <input_file_ref idref="fl-43"/>
      </object_component>
      <object_component id="oc-126">
         <name>PieVectTableFile</name>
         <uninitialized>true</uninitialized>
         <run_address>0xd00</run_address>
         <size>0x100</size>
         <input_file_ref idref="fl-21"/>
      </object_component>
      <object_component id="oc-fc">
         <name>EmuKeyVar</name>
         <uninitialized>true</uninitialized>
         <run_address>0xd00</run_address>
         <size>0x1</size>
         <input_file_ref idref="fl-21"/>
      </object_component>
      <object_component id="oc-fd">
         <name>EmuBModeVar</name>
         <uninitialized>true</uninitialized>
         <run_address>0xd01</run_address>
         <size>0x1</size>
         <input_file_ref idref="fl-21"/>
      </object_component>
      <object_component id="oc-ff">
         <name>FlashCallbackVar</name>
         <uninitialized>true</uninitialized>
         <run_address>0xd02</run_address>
         <size>0x2</size>
         <input_file_ref idref="fl-21"/>
      </object_component>
      <object_component id="oc-fe">
         <name>FlashScalingVar</name>
         <uninitialized>true</uninitialized>
         <run_address>0xd04</run_address>
         <size>0x2</size>
         <input_file_ref idref="fl-21"/>
      </object_component>
      <object_component id="oc-127">
         <name>DevEmuRegsFile</name>
         <uninitialized>true</uninitialized>
         <run_address>0x880</run_address>
         <size>0x106</size>
         <input_file_ref idref="fl-21"/>
      </object_component>
      <object_component id="oc-104">
         <name>FlashRegsFile</name>
         <uninitialized>true</uninitialized>
         <run_address>0xa80</run_address>
         <size>0x8</size>
         <input_file_ref idref="fl-21"/>
      </object_component>
      <object_component id="oc-106">
         <name>CsmRegsFile</name>
         <uninitialized>true</uninitialized>
         <run_address>0xae0</run_address>
         <size>0x10</size>
         <input_file_ref idref="fl-21"/>
      </object_component>
      <object_component id="oc-110">
         <name>AdcResultFile</name>
         <uninitialized>true</uninitialized>
         <run_address>0xb00</run_address>
         <size>0x20</size>
         <input_file_ref idref="fl-21"/>
      </object_component>
      <object_component id="oc-100">
         <name>CpuTimer0RegsFile</name>
         <uninitialized>true</uninitialized>
         <run_address>0xc00</run_address>
         <size>0x8</size>
         <input_file_ref idref="fl-21"/>
      </object_component>
      <object_component id="oc-101">
         <name>CpuTimer1RegsFile</name>
         <uninitialized>true</uninitialized>
         <run_address>0xc08</run_address>
         <size>0x8</size>
         <input_file_ref idref="fl-21"/>
      </object_component>
      <object_component id="oc-102">
         <name>CpuTimer2RegsFile</name>
         <uninitialized>true</uninitialized>
         <run_address>0xc10</run_address>
         <size>0x8</size>
         <input_file_ref idref="fl-21"/>
      </object_component>
      <object_component id="oc-10f">
         <name>PieCtrlRegsFile</name>
         <uninitialized>true</uninitialized>
         <run_address>0xce0</run_address>
         <size>0x1a</size>
         <input_file_ref idref="fl-21"/>
      </object_component>
      <object_component id="oc-120">
         <name>Cla1RegsFile</name>
         <uninitialized>true</uninitialized>
         <run_address>0x1400</run_address>
         <size>0x40</size>
         <input_file_ref idref="fl-21"/>
      </object_component>
      <object_component id="oc-115">
         <name>ECanaRegsFile</name>
         <uninitialized>true</uninitialized>
         <run_address>0x6000</run_address>
         <size>0x34</size>
         <input_file_ref idref="fl-21"/>
      </object_component>
      <object_component id="oc-11d">
         <name>ECanaLAMRegsFile</name>
         <uninitialized>true</uninitialized>
         <run_address>0x6040</run_address>
         <size>0x40</size>
         <input_file_ref idref="fl-21"/>
      </object_component>
      <object_component id="oc-125">
         <name>ECanaMboxesFile</name>
         <uninitialized>true</uninitialized>
         <run_address>0x6100</run_address>
         <size>0x100</size>
         <input_file_ref idref="fl-21"/>
      </object_component>
      <object_component id="oc-11e">
         <name>ECanaMOTSRegsFile</name>
         <uninitialized>true</uninitialized>
         <run_address>0x6080</run_address>
         <size>0x40</size>
         <input_file_ref idref="fl-21"/>
      </object_component>
      <object_component id="oc-11f">
         <name>ECanaMOTORegsFile</name>
         <uninitialized>true</uninitialized>
         <run_address>0x60c0</run_address>
         <size>0x40</size>
         <input_file_ref idref="fl-21"/>
      </object_component>
      <object_component id="oc-111">
         <name>ECap1RegsFile</name>
         <uninitialized>true</uninitialized>
         <run_address>0x6a00</run_address>
         <size>0x20</size>
         <input_file_ref idref="fl-21"/>
      </object_component>
      <object_component id="oc-121">
         <name>EQep1RegsFile</name>
         <uninitialized>true</uninitialized>
         <run_address>0x6b00</run_address>
         <size>0x40</size>
         <input_file_ref idref="fl-21"/>
      </object_component>
      <object_component id="oc-123">
         <name>LinaRegsFile</name>
         <uninitialized>true</uninitialized>
         <run_address>0x6c00</run_address>
         <size>0x4a</size>
         <input_file_ref idref="fl-21"/>
      </object_component>
      <object_component id="oc-122">
         <name>GpioCtrlRegsFile</name>
         <uninitialized>true</uninitialized>
         <run_address>0x6f80</run_address>
         <size>0x40</size>
         <input_file_ref idref="fl-21"/>
      </object_component>
      <object_component id="oc-112">
         <name>GpioDataRegsFile</name>
         <uninitialized>true</uninitialized>
         <run_address>0x6fc0</run_address>
         <size>0x20</size>
         <input_file_ref idref="fl-21"/>
      </object_component>
      <object_component id="oc-105">
         <name>GpioIntRegsFile</name>
         <uninitialized>true</uninitialized>
         <run_address>0x6fe0</run_address>
         <size>0xc</size>
         <input_file_ref idref="fl-21"/>
      </object_component>
      <object_component id="oc-113">
         <name>SysCtrlRegsFile</name>
         <uninitialized>true</uninitialized>
         <run_address>0x7010</run_address>
         <size>0x20</size>
         <input_file_ref idref="fl-21"/>
      </object_component>
      <object_component id="oc-109">
         <name>SpiaRegsFile</name>
         <uninitialized>true</uninitialized>
         <run_address>0x7040</run_address>
         <size>0x10</size>
         <input_file_ref idref="fl-21"/>
      </object_component>
      <object_component id="oc-10a">
         <name>SpibRegsFile</name>
         <uninitialized>true</uninitialized>
         <run_address>0x7740</run_address>
         <size>0x10</size>
         <input_file_ref idref="fl-21"/>
      </object_component>
      <object_component id="oc-108">
         <name>SciaRegsFile</name>
         <uninitialized>true</uninitialized>
         <run_address>0x7050</run_address>
         <size>0x10</size>
         <input_file_ref idref="fl-21"/>
      </object_component>
      <object_component id="oc-107">
         <name>NmiIntruptRegsFile</name>
         <uninitialized>true</uninitialized>
         <run_address>0x7060</run_address>
         <size>0x10</size>
         <input_file_ref idref="fl-21"/>
      </object_component>
      <object_component id="oc-10b">
         <name>XIntruptRegsFile</name>
         <uninitialized>true</uninitialized>
         <run_address>0x7070</run_address>
         <size>0x10</size>
         <input_file_ref idref="fl-21"/>
      </object_component>
      <object_component id="oc-124">
         <name>AdcRegsFile</name>
         <uninitialized>true</uninitialized>
         <run_address>0x7100</run_address>
         <size>0x50</size>
         <input_file_ref idref="fl-21"/>
      </object_component>
      <object_component id="oc-114">
         <name>I2caRegsFile</name>
         <uninitialized>true</uninitialized>
         <run_address>0x7900</run_address>
         <size>0x22</size>
         <input_file_ref idref="fl-21"/>
      </object_component>
      <object_component id="oc-10c">
         <name>Comp1RegsFile</name>
         <uninitialized>true</uninitialized>
         <run_address>0x6400</run_address>
         <size>0x11</size>
         <input_file_ref idref="fl-21"/>
      </object_component>
      <object_component id="oc-10d">
         <name>Comp2RegsFile</name>
         <uninitialized>true</uninitialized>
         <run_address>0x6420</run_address>
         <size>0x11</size>
         <input_file_ref idref="fl-21"/>
      </object_component>
      <object_component id="oc-10e">
         <name>Comp3RegsFile</name>
         <uninitialized>true</uninitialized>
         <run_address>0x6440</run_address>
         <size>0x11</size>
         <input_file_ref idref="fl-21"/>
      </object_component>
      <object_component id="oc-116">
         <name>EPwm1RegsFile</name>
         <uninitialized>true</uninitialized>
         <run_address>0x6800</run_address>
         <size>0x3a</size>
         <input_file_ref idref="fl-21"/>
      </object_component>
      <object_component id="oc-117">
         <name>EPwm2RegsFile</name>
         <uninitialized>true</uninitialized>
         <run_address>0x6840</run_address>
         <size>0x3a</size>
         <input_file_ref idref="fl-21"/>
      </object_component>
      <object_component id="oc-118">
         <name>EPwm3RegsFile</name>
         <uninitialized>true</uninitialized>
         <run_address>0x6880</run_address>
         <size>0x3a</size>
         <input_file_ref idref="fl-21"/>
      </object_component>
      <object_component id="oc-119">
         <name>EPwm4RegsFile</name>
         <uninitialized>true</uninitialized>
         <run_address>0x68c0</run_address>
         <size>0x3a</size>
         <input_file_ref idref="fl-21"/>
      </object_component>
      <object_component id="oc-11a">
         <name>EPwm5RegsFile</name>
         <uninitialized>true</uninitialized>
         <run_address>0x6900</run_address>
         <size>0x3a</size>
         <input_file_ref idref="fl-21"/>
      </object_component>
      <object_component id="oc-11b">
         <name>EPwm6RegsFile</name>
         <uninitialized>true</uninitialized>
         <run_address>0x6940</run_address>
         <size>0x3a</size>
         <input_file_ref idref="fl-21"/>
      </object_component>
      <object_component id="oc-11c">
         <name>EPwm7RegsFile</name>
         <uninitialized>true</uninitialized>
         <run_address>0x6980</run_address>
         <size>0x3a</size>
         <input_file_ref idref="fl-21"/>
      </object_component>
      <object_component id="oc-103">
         <name>CsmPwlFile</name>
         <uninitialized>true</uninitialized>
         <run_address>0x3f7ff8</run_address>
         <size>0x8</size>
         <input_file_ref idref="fl-21"/>
      </object_component>
      <object_component id="oc-fb">
         <name>PartIdRegsFile</name>
         <uninitialized>true</uninitialized>
         <run_address>0x3d7e80</run_address>
         <size>0x1</size>
         <input_file_ref idref="fl-21"/>
      </object_component>
      <object_component id="oc-51">
         <name>.debug_info</name>
         <load_address>0x0</load_address>
         <run_address>0x0</run_address>
         <size>0x2036</size>
         <input_file_ref idref="fl-2"/>
      </object_component>
      <object_component id="oc-56">
         <name>.debug_info</name>
         <load_address>0x2036</load_address>
         <run_address>0x2036</run_address>
         <size>0x450d</size>
         <input_file_ref idref="fl-3"/>
      </object_component>
      <object_component id="oc-5d">
         <name>.debug_info</name>
         <load_address>0x6543</load_address>
         <run_address>0x6543</run_address>
         <size>0x4e7e</size>
         <input_file_ref idref="fl-4"/>
      </object_component>
      <object_component id="oc-63">
         <name>.debug_info</name>
         <load_address>0xb3c1</load_address>
         <run_address>0xb3c1</run_address>
         <size>0x34a2</size>
         <input_file_ref idref="fl-5"/>
      </object_component>
      <object_component id="oc-69">
         <name>.debug_info</name>
         <load_address>0xe863</load_address>
         <run_address>0xe863</run_address>
         <size>0x2ec</size>
         <input_file_ref idref="fl-6"/>
      </object_component>
      <object_component id="oc-6e">
         <name>.debug_info</name>
         <load_address>0xeb4f</load_address>
         <run_address>0xeb4f</run_address>
         <size>0x21f6</size>
         <input_file_ref idref="fl-7"/>
      </object_component>
      <object_component id="oc-75">
         <name>.debug_info</name>
         <load_address>0x10d45</load_address>
         <run_address>0x10d45</run_address>
         <size>0x1d31</size>
         <input_file_ref idref="fl-8"/>
      </object_component>
      <object_component id="oc-7d">
         <name>.debug_info</name>
         <load_address>0x12a76</load_address>
         <run_address>0x12a76</run_address>
         <size>0x1499</size>
         <input_file_ref idref="fl-9"/>
      </object_component>
      <object_component id="oc-82">
         <name>.debug_info</name>
         <load_address>0x13f0f</load_address>
         <run_address>0x13f0f</run_address>
         <size>0x348</size>
         <input_file_ref idref="fl-a"/>
      </object_component>
      <object_component id="oc-88">
         <name>.debug_info</name>
         <load_address>0x14257</load_address>
         <run_address>0x14257</run_address>
         <size>0x30b</size>
         <input_file_ref idref="fl-b"/>
      </object_component>
      <object_component id="oc-8d">
         <name>.debug_info</name>
         <load_address>0x14562</load_address>
         <run_address>0x14562</run_address>
         <size>0x3abb</size>
         <input_file_ref idref="fl-c"/>
      </object_component>
      <object_component id="oc-95">
         <name>.debug_info</name>
         <load_address>0x1801d</load_address>
         <run_address>0x1801d</run_address>
         <size>0x1a3</size>
         <input_file_ref idref="fl-d"/>
      </object_component>
      <object_component id="oc-98">
         <name>.debug_info</name>
         <load_address>0x181c0</load_address>
         <run_address>0x181c0</run_address>
         <size>0x14cd</size>
         <input_file_ref idref="fl-e"/>
      </object_component>
      <object_component id="oc-9d">
         <name>.debug_info</name>
         <load_address>0x1968d</load_address>
         <run_address>0x1968d</run_address>
         <size>0x9e8</size>
         <input_file_ref idref="fl-f"/>
      </object_component>
      <object_component id="oc-a5">
         <name>.debug_info</name>
         <load_address>0x1a075</load_address>
         <run_address>0x1a075</run_address>
         <size>0x141</size>
         <input_file_ref idref="fl-10"/>
      </object_component>
      <object_component id="oc-a8">
         <name>.debug_info</name>
         <load_address>0x1a1b6</load_address>
         <run_address>0x1a1b6</run_address>
         <size>0x35a2</size>
         <input_file_ref idref="fl-11"/>
      </object_component>
      <object_component id="oc-b0">
         <name>.debug_info</name>
         <load_address>0x1d758</load_address>
         <run_address>0x1d758</run_address>
         <size>0x147</size>
         <input_file_ref idref="fl-12"/>
      </object_component>
      <object_component id="oc-b3">
         <name>.debug_info</name>
         <load_address>0x1d89f</load_address>
         <run_address>0x1d89f</run_address>
         <size>0x5683</size>
         <input_file_ref idref="fl-13"/>
      </object_component>
      <object_component id="oc-b8">
         <name>.debug_info</name>
         <load_address>0x22f22</load_address>
         <run_address>0x22f22</run_address>
         <size>0x14cd</size>
         <input_file_ref idref="fl-14"/>
      </object_component>
      <object_component id="oc-bd">
         <name>.debug_info</name>
         <load_address>0x243ef</load_address>
         <run_address>0x243ef</run_address>
         <size>0x14cd</size>
         <input_file_ref idref="fl-15"/>
      </object_component>
      <object_component id="oc-c2">
         <name>.debug_info</name>
         <load_address>0x258bc</load_address>
         <run_address>0x258bc</run_address>
         <size>0x14cd</size>
         <input_file_ref idref="fl-16"/>
      </object_component>
      <object_component id="oc-c7">
         <name>.debug_info</name>
         <load_address>0x26d89</load_address>
         <run_address>0x26d89</run_address>
         <size>0x14cd</size>
         <input_file_ref idref="fl-17"/>
      </object_component>
      <object_component id="oc-cc">
         <name>.debug_info</name>
         <load_address>0x28256</load_address>
         <run_address>0x28256</run_address>
         <size>0x14cc</size>
         <input_file_ref idref="fl-18"/>
      </object_component>
      <object_component id="oc-d1">
         <name>.debug_info</name>
         <load_address>0x29722</load_address>
         <run_address>0x29722</run_address>
         <size>0x35f5</size>
         <input_file_ref idref="fl-19"/>
      </object_component>
      <object_component id="oc-d7">
         <name>.debug_info</name>
         <load_address>0x2cd17</load_address>
         <run_address>0x2cd17</run_address>
         <size>0x304</size>
         <input_file_ref idref="fl-1a"/>
      </object_component>
      <object_component id="oc-dc">
         <name>.debug_info</name>
         <load_address>0x2d01b</load_address>
         <run_address>0x2d01b</run_address>
         <size>0xb77</size>
         <input_file_ref idref="fl-1b"/>
      </object_component>
      <object_component id="oc-e1">
         <name>.debug_info</name>
         <load_address>0x2db92</load_address>
         <run_address>0x2db92</run_address>
         <size>0x220c</size>
         <input_file_ref idref="fl-1c"/>
      </object_component>
      <object_component id="oc-e6">
         <name>.debug_info</name>
         <load_address>0x2fd9e</load_address>
         <run_address>0x2fd9e</run_address>
         <size>0x14cc</size>
         <input_file_ref idref="fl-1d"/>
      </object_component>
      <object_component id="oc-eb">
         <name>.debug_info</name>
         <load_address>0x3126a</load_address>
         <run_address>0x3126a</run_address>
         <size>0x14cc</size>
         <input_file_ref idref="fl-1e"/>
      </object_component>
      <object_component id="oc-f0">
         <name>.debug_info</name>
         <load_address>0x32736</load_address>
         <run_address>0x32736</run_address>
         <size>0x340d</size>
         <input_file_ref idref="fl-1f"/>
      </object_component>
      <object_component id="oc-f7">
         <name>.debug_info</name>
         <load_address>0x35b43</load_address>
         <run_address>0x35b43</run_address>
         <size>0x143</size>
         <input_file_ref idref="fl-20"/>
      </object_component>
      <object_component id="oc-fa">
         <name>.debug_info</name>
         <load_address>0x35c86</load_address>
         <run_address>0x35c86</run_address>
         <size>0x13340</size>
         <input_file_ref idref="fl-21"/>
      </object_component>
      <object_component id="oc-129">
         <name>.debug_info</name>
         <load_address>0x48fc6</load_address>
         <run_address>0x48fc6</run_address>
         <size>0x1f3c</size>
         <input_file_ref idref="fl-22"/>
      </object_component>
      <object_component id="oc-131">
         <name>.debug_info</name>
         <load_address>0x4af02</load_address>
         <run_address>0x4af02</run_address>
         <size>0x183</size>
         <input_file_ref idref="fl-23"/>
      </object_component>
      <object_component id="oc-133">
         <name>.debug_info</name>
         <load_address>0x4b085</load_address>
         <run_address>0x4b085</run_address>
         <size>0xc012</size>
         <input_file_ref idref="fl-24"/>
      </object_component>
      <object_component id="oc-138">
         <name>.debug_info</name>
         <load_address>0x57097</load_address>
         <run_address>0x57097</run_address>
         <size>0x1a1</size>
         <input_file_ref idref="fl-25"/>
      </object_component>
      <object_component id="oc-13a">
         <name>.debug_info</name>
         <load_address>0x57238</load_address>
         <run_address>0x57238</run_address>
         <size>0x837b</size>
         <input_file_ref idref="fl-26"/>
      </object_component>
      <object_component id="oc-13f">
         <name>.debug_info</name>
         <load_address>0x5f5b3</load_address>
         <run_address>0x5f5b3</run_address>
         <size>0x89a7</size>
         <input_file_ref idref="fl-27"/>
      </object_component>
      <object_component id="oc-149">
         <name>.debug_info</name>
         <load_address>0x67f5a</load_address>
         <run_address>0x67f5a</run_address>
         <size>0x174</size>
         <input_file_ref idref="fl-43"/>
      </object_component>
      <object_component id="oc-14e">
         <name>.debug_info</name>
         <load_address>0x680ce</load_address>
         <run_address>0x680ce</run_address>
         <size>0x163</size>
         <input_file_ref idref="fl-44"/>
      </object_component>
      <object_component id="oc-153">
         <name>.debug_info</name>
         <load_address>0x68231</load_address>
         <run_address>0x68231</run_address>
         <size>0x115</size>
         <input_file_ref idref="fl-45"/>
      </object_component>
      <object_component id="oc-158">
         <name>.debug_info</name>
         <load_address>0x68346</load_address>
         <run_address>0x68346</run_address>
         <size>0x115</size>
         <input_file_ref idref="fl-46"/>
      </object_component>
      <object_component id="oc-15d">
         <name>.debug_info</name>
         <load_address>0x6845b</load_address>
         <run_address>0x6845b</run_address>
         <size>0x115</size>
         <input_file_ref idref="fl-47"/>
      </object_component>
      <object_component id="oc-162">
         <name>.debug_info</name>
         <load_address>0x68570</load_address>
         <run_address>0x68570</run_address>
         <size>0x115</size>
         <input_file_ref idref="fl-48"/>
      </object_component>
      <object_component id="oc-167">
         <name>.debug_info</name>
         <load_address>0x68685</load_address>
         <run_address>0x68685</run_address>
         <size>0x115</size>
         <input_file_ref idref="fl-49"/>
      </object_component>
      <object_component id="oc-16c">
         <name>.debug_info</name>
         <load_address>0x6879a</load_address>
         <run_address>0x6879a</run_address>
[...]
         <name>_drawChar__12Adafruit_GFXFiT1UcUiT4T3</name>
         <value>0x3e8387</value>
         <object_component_ref idref="oc-208"/>
      </symbol>
      <symbol id="sm-619">
         <name>_drawRGBBitmap__12Adafruit_GFXFiT1PCUiN21</name>
         <value>0x3e8c90</value>
         <object_component_ref idref="oc-208"/>
      </symbol>
      <symbol id="sm-61a">
         <name>_drawGrayscaleBitmap__12Adafruit_GFXFiT1PUcN21</name>
         <value>0x3e8d4a</value>
         <object_component_ref idref="oc-208"/>
      </symbol>
      <symbol id="sm-61b">
         <name>_drawBitmap__12Adafruit_GFXFiT1PUcN21UiT6</name>
         <value>0x3e8f94</value>
         <object_component_ref idref="oc-208"/>
      </symbol>
      <symbol id="sm-61c">
         <name>_justPressed__19Adafruit_GFX_ButtonFv</name>
         <value>0x3e8583</value>
         <object_component_ref idref="oc-208"/>
      </symbol>
      <symbol id="sm-61d">
         <name>_drawGrayscaleBitmap__12Adafruit_GFXFiT1PCUcT3N21</name>
         <value>0x3e8d97</value>
         <object_component_ref idref="oc-208"/>
      </symbol>
      <symbol id="sm-61e">
         <name>_initButton__19Adafruit_GFX_ButtonFP12Adafruit_GFXiT2UiN44PcUc</name>
         <value>0x3e85a9</value>
         <object_component_ref idref="oc-208"/>
      </symbol>
      <symbol id="sm-61f">
         <name>_invertDisplay__12Adafruit_GFXFb</name>
         <value>0x3e814b</value>
         <object_component_ref idref="oc-208"/>
      </symbol>
      <symbol id="sm-620">
         <name>_fillCircleHelper__12Adafruit_GFXFiN21UcT1Ui</name>
         <value>0x3e8847</value>
         <object_component_ref idref="oc-208"/>
      </symbol>
      <symbol id="sm-621">
         <name>_setTextColor__12Adafruit_GFXFUiT1</name>
         <value>0x3e854f</value>
         <object_component_ref idref="oc-208"/>
      </symbol>
      <symbol id="sm-622">
         <name>_drawBitmap__12Adafruit_GFXFiT1PCUcN21Ui</name>
         <value>0x3e90cd</value>
         <object_component_ref idref="oc-208"/>
      </symbol>
      <symbol id="sm-623">
         <name>_fillScreen__10GFXcanvas1FUi</name>
         <value>0x3e80e2</value>
         <object_component_ref idref="oc-208"/>
      </symbol>
      <symbol id="sm-624">
         <name>___dt__10GFXcanvas1Fv</name>
         <value>0x3e9178</value>
         <object_component_ref idref="oc-208"/>
      </symbol>
      <symbol id="sm-625">
         <name>_getCursorX__12Adafruit_GFXCFv</name>
         <value>0x3e8726</value>
         <object_component_ref idref="oc-208"/>
      </symbol>
      <symbol id="sm-626">
         <name>_getCursorY__12Adafruit_GFXCFv</name>
         <value>0x3e8723</value>
         <object_component_ref idref="oc-208"/>
      </symbol>
      <symbol id="sm-627">
         <name>_drawTriangle__12Adafruit_GFXFiN51Ui</name>
         <value>0x3e89d9</value>
         <object_component_ref idref="oc-208"/>
      </symbol>
      <symbol id="sm-628">
         <name>_fillTriangle__12Adafruit_GFXFiN51Ui</name>
         <value>0x3e8732</value>
         <object_component_ref idref="oc-208"/>
      </symbol>
      <symbol id="sm-629">
         <name>_drawRoundRect__12Adafruit_GFXFiN41Ui</name>
         <value>0x3e8acd</value>
         <object_component_ref idref="oc-208"/>
      </symbol>
      <symbol id="sm-62a">
         <name>___vtbl__11GFXcanvas16</name>
         <value>0x3f66a0</value>
         <object_component_ref idref="oc-219"/>
      </symbol>
      <symbol id="sm-62b">
         <name>_writeFastHLine__12Adafruit_GFXFiN21Ui</name>
         <value>0x3e8195</value>
         <object_component_ref idref="oc-208"/>
      </symbol>
      <symbol id="sm-62c">
         <name>_setTextColor__12Adafruit_GFXFUi</name>
         <value>0x3e8554</value>
         <object_component_ref idref="oc-208"/>
      </symbol>
      <symbol id="sm-62d">
         <name>_fillScreen__12Adafruit_GFXFUi</name>
         <value>0x3e82b5</value>
         <object_component_ref idref="oc-208"/>
      </symbol>
      <symbol id="sm-62e">
         <name>_getRotation__12Adafruit_GFXCFv</name>
         <value>0x3e8720</value>
         <object_component_ref idref="oc-208"/>
      </symbol>
      <symbol id="sm-62f">
         <name>_writeLine__12Adafruit_GFXFiN31Ui</name>
         <value>0x3e81a7</value>
         <object_component_ref idref="oc-208"/>
      </symbol>
      <symbol id="sm-630">
         <name>_charBounds__12Adafruit_GFXFcPiN52</name>
         <value>0x3e85cc</value>
         <object_component_ref idref="oc-208"/>
      </symbol>
      <symbol id="sm-631">
         <name>_getTextBounds__12Adafruit_GFXFPC19__FlashStringHelperiT2PiT4PUiT6</name>
         <value>0x3e86c6</value>
         <object_component_ref idref="oc-208"/>
      </symbol>
      <symbol id="sm-632">
         <name>_setTextWrap__12Adafruit_GFXFb</name>
         <value>0x3e8546</value>
         <object_component_ref idref="oc-208"/>
      </symbol>
      <symbol id="sm-633">
         <name>___ct__10GFXcanvas1FUiT1</name>
         <value>0x3e921f</value>
         <object_component_ref idref="oc-208"/>
      </symbol>
      <symbol id="sm-634">
         <name>_startWrite__12Adafruit_GFXFv</name>
         <value>0x3e8160</value>
         <object_component_ref idref="oc-208"/>
      </symbol>
      <symbol id="sm-635">
         <name>___ct__10GFXcanvas8FUiT1</name>
         <value>0x3e91f6</value>
         <object_component_ref idref="oc-208"/>
      </symbol>
      <symbol id="sm-6bc">
         <name>_drawPixel__16Adafruit_SSD1306FiT1Ui</name>
         <value>0x3e98c0</value>
         <object_component_ref idref="oc-209"/>
      </symbol>
      <symbol id="sm-6bd">
         <name>_stopscroll__16Adafruit_SSD1306Fv</name>
         <value>0x3e9800</value>
         <object_component_ref idref="oc-209"/>
      </symbol>
      <symbol id="sm-6be">
         <name>_dim__16Adafruit_SSD1306Fb</name>
         <value>0x3e9bb5</value>
         <object_component_ref idref="oc-209"/>
      </symbol>
      <symbol id="sm-6bf">
         <name>_begin__16Adafruit_SSD1306FUcT1b</name>
         <value>0x3e9bd6</value>
         <object_component_ref idref="oc-209"/>
      </symbol>
      <symbol id="sm-6c0">
         <name>_startscrolldiagright__16Adafruit_SSD1306FUcT1</name>
         <value>0x3e9856</value>
         <object_component_ref idref="oc-209"/>
      </symbol>
      <symbol id="sm-6c1">
         <name>_startscrolldiagleft__16Adafruit_SSD1306FUcT1</name>
         <value>0x3e9887</value>
         <object_component_ref idref="oc-209"/>
      </symbol>
      <symbol id="sm-6c2">
         <name>___ct__16Adafruit_SSD1306FSc</name>
         <value>0x3e9cec</value>
         <object_component_ref idref="oc-209"/>
      </symbol>
      <symbol id="sm-6c3">
         <name>_startscrollright__16Adafruit_SSD1306FUcT1</name>
         <value>0x3e9804</value>
         <object_component_ref idref="oc-209"/>
      </symbol>
      <symbol id="sm-6c4">
         <name>___ct__16Adafruit_SSD1306FScN21</name>
         <value>0x3e9cc6</value>
         <object_component_ref idref="oc-209"/>
      </symbol>
      <symbol id="sm-6c5">
         <name>_drawFastVLine__16Adafruit_SSD1306FiN21Ui</name>
         <value>0x3e9949</value>
         <object_component_ref idref="oc-209"/>
      </symbol>
      <symbol id="sm-6c6">
         <name>_clearDisplay__16Adafruit_SSD1306Fv</name>
         <value>0x3e9bcd</value>
         <object_component_ref idref="oc-209"/>
      </symbol>
      <symbol id="sm-6c7">
         <name>_display__16Adafruit_SSD1306Fv</name>
         <value>0x3e9b35</value>
         <object_component_ref idref="oc-209"/>
      </symbol>
      <symbol id="sm-6c8">
         <name>_drawFastHLine__16Adafruit_SSD1306FiN21Ui</name>
         <value>0x3e9a3a</value>
         <object_component_ref idref="oc-209"/>
      </symbol>
      <symbol id="sm-6c9">
         <name>___ct__16Adafruit_SSD1306FScN41</name>
         <value>0x3e9c99</value>
         <object_component_ref idref="oc-209"/>
      </symbol>
      <symbol id="sm-6ca">
         <name>_startscrollleft__16Adafruit_SSD1306FUcT1</name>
         <value>0x3e982d</value>
         <object_component_ref idref="oc-209"/>
      </symbol>
      <symbol id="sm-6cb">
         <name>_ssd1306_command__16Adafruit_SSD1306FUc</name>
         <value>0x3e97b0</value>
         <object_component_ref idref="oc-209"/>
      </symbol>
      <symbol id="sm-6cc">
         <name>___vtbl__16Adafruit_SSD1306</name>
         <value>0x3f6740</value>
         <object_component_ref idref="oc-223"/>
      </symbol>
      <symbol id="sm-6cd">
         <name>_invertDisplay__16Adafruit_SSD1306Fb</name>
         <value>0x3e98b8</value>
         <object_component_ref idref="oc-209"/>
      </symbol>
      <symbol id="sm-712">
         <name>_main</name>
         <value>0x3e9797</value>
         <object_component_ref idref="oc-1fc"/>
      </symbol>
      <symbol id="sm-713">
         <name>_testdrawrect__Fv</name>
         <value>0x3e9439</value>
         <object_component_ref idref="oc-1fc"/>
      </symbol>
      <symbol id="sm-714">
         <name>_testdrawcircle__Fv</name>
         <value>0x3e9579</value>
         <object_component_ref idref="oc-1fc"/>
      </symbol>
      <symbol id="sm-715">
         <name>_testdrawchar__Fv</name>
         <value>0x3e95a6</value>
         <object_component_ref idref="oc-1fc"/>
      </symbol>
      <symbol id="sm-716">
         <name>_testfillrect__Fv</name>
         <value>0x3e935e</value>
         <object_component_ref idref="oc-1fc"/>
      </symbol>
      <symbol id="sm-717">
         <name>_testfilltriangle__Fv</name>
         <value>0x3e92a6</value>
         <object_component_ref idref="oc-1fc"/>
      </symbol>
      <symbol id="sm-718">
         <name>_testdrawbitmap__FPCUcUcT2</name>
         <value>0x3e95d5</value>
         <object_component_ref idref="oc-1fc"/>
      </symbol>
      <symbol id="sm-719">
         <name>_testscrolltext__Fv</name>
         <value>0x3e924b</value>
         <object_component_ref idref="oc-1fc"/>
      </symbol>
      <symbol id="sm-71a">
         <name>_testdrawroundrect__Fv</name>
         <value>0x3e93fd</value>
         <object_component_ref idref="oc-1fc"/>
      </symbol>
      <symbol id="sm-71b">
         <name>_testdrawline__Fv</name>
         <value>0x3e9469</value>
         <object_component_ref idref="oc-1fc"/>
      </symbol>
      <symbol id="sm-71c">
         <name>_testfillroundrect__Fv</name>
         <value>0x3e931a</value>
         <object_component_ref idref="oc-1fc"/>
      </symbol>
      <symbol id="sm-71d">
         <name>_loop__Fv</name>
         <value>0x3e97a8</value>
         <object_component_ref idref="oc-1fc"/>
      </symbol>
      <symbol id="sm-71e">
         <name>___sti___8_main_cpp_display</name>
         <value>0x3e97a9</value>
         <object_component_ref idref="oc-1fc"/>
      </symbol>
      <symbol id="sm-71f">
         <name>_display</name>
         <value>0x9550</value>
         <object_component_ref idref="oc-140"/>
      </symbol>
      <symbol id="sm-720">
         <name>_testdrawtriangle__Fv</name>
         <value>0x3e9392</value>
         <object_component_ref idref="oc-1fc"/>
      </symbol>
      <symbol id="sm-721">
         <name>_setup__Fv</name>
         <value>0x3e9664</value>
         <object_component_ref idref="oc-1fc"/>
      </symbol>
      <symbol id="sm-73c">
         <name>_c_int00</name>
         <value>0x3ead19</value>
         <object_component_ref idref="oc-42"/>
      </symbol>
      <symbol id="sm-73d">
         <name>__stack</name>
         <value>0x50</value>
         <object_component_ref idref="oc-147"/>
      </symbol>
      <symbol id="sm-749">
         <name>_epilog_c28x_1</name>
         <value>0x3eb122</value>
         <object_component_ref idref="oc-14d"/>
      </symbol>
      <symbol id="sm-74a">
         <name>_epilog_c28x_2</name>
         <value>0x3eb126</value>
         <object_component_ref idref="oc-14d"/>
      </symbol>
      <symbol id="sm-764">
         <name>FS$$ADD</name>
         <value>0x3eab74</value>
         <object_component_ref idref="oc-152"/>
      </symbol>
      <symbol id="sm-765">
         <name>FS$$SUB</name>
         <value>0x3eab6f</value>
         <object_component_ref idref="oc-152"/>
      </symbol>
      <symbol id="sm-777">
         <name>FS$$CMP</name>
         <value>0x3eb0a3</value>
         <object_component_ref idref="oc-157"/>
      </symbol>
      <symbol id="sm-788">
         <name>FS$$DIV</name>
         <value>0x3eaaec</value>
         <object_component_ref idref="oc-15c"/>
      </symbol>
      <symbol id="sm-799">
         <name>FS$$MPY</name>
         <value>0x3eacbf</value>
         <object_component_ref idref="oc-161"/>
      </symbol>
      <symbol id="sm-7a6">
         <name>FS$$NEG</name>
         <value>0x3eb165</value>
         <object_component_ref idref="oc-166"/>
      </symbol>
      <symbol id="sm-7b7">
         <name>FS$$TOI</name>
         <value>0x3eaea4</value>
         <object_component_ref idref="oc-16b"/>
      </symbol>
      <symbol id="sm-7ca">
         <name>FS$$TOL</name>
         <value>0x3eae53</value>
         <object_component_ref idref="oc-170"/>
      </symbol>
      <symbol id="sm-7d8">
         <name>ULL$$CMP</name>
         <value>0x3eafa7</value>
         <object_component_ref idref="oc-175"/>
      </symbol>
      <symbol id="sm-7d9">
         <name>LL$$CMP</name>
         <value>0x3eaf95</value>
         <object_component_ref idref="oc-175"/>
      </symbol>
      <symbol id="sm-805">
         <name>ULL$$MOD</name>
         <value>0x3ea78f</value>
         <object_component_ref idref="oc-17a"/>
      </symbol>
      <symbol id="sm-806">
         <name>ULL$$DIV</name>
         <value>0x3ea760</value>
         <object_component_ref idref="oc-17a"/>
      </symbol>
      <symbol id="sm-807">
         <name>LL$$MOD</name>
         <value>0x3ea726</value>
         <object_component_ref idref="oc-17a"/>
      </symbol>
      <symbol id="sm-808">
         <name>LL$$DIV</name>
         <value>0x3ea6ea</value>
         <object_component_ref idref="oc-17a"/>
      </symbol>
      <symbol id="sm-816">
         <name>I$$MOD</name>
         <value>0x3eaf22</value>
         <object_component_ref idref="oc-17f"/>
      </symbol>
      <symbol id="sm-817">
         <name>I$$DIV</name>
         <value>0x3eaf11</value>
         <object_component_ref idref="oc-17f"/>
      </symbol>
      <symbol id="sm-826">
         <name>I$$TOFS</name>
         <value>0x3eb025</value>
         <object_component_ref idref="oc-184"/>
      </symbol>
      <symbol id="sm-832">
         <name>U$$MOD</name>
         <value>0x3eb133</value>
         <object_component_ref idref="oc-189"/>
      </symbol>
      <symbol id="sm-833">
         <name>U$$DIV</name>
         <value>0x3eb12e</value>
         <object_component_ref idref="oc-189"/>
      </symbol>
      <symbol id="sm-842">
         <name>L$$TOFS</name>
         <value>0x3eb03f</value>
         <object_component_ref idref="oc-18e"/>
      </symbol>
      <symbol id="sm-84e">
         <name>UL$$MOD</name>
         <value>0x3eae24</value>
         <object_component_ref idref="oc-193"/>
      </symbol>
      <symbol id="sm-84f">
         <name>L$$MOD</name>
         <value>0x3eae0f</value>
         <object_component_ref idref="oc-193"/>
      </symbol>
      <symbol id="sm-850">
         <name>L$$DIV</name>
         <value>0x3eae00</value>
         <object_component_ref idref="oc-193"/>
      </symbol>
      <symbol id="sm-851">
         <name>UL$$DIV</name>
         <value>0x3eae1d</value>
         <object_component_ref idref="oc-193"/>
      </symbol>
      <symbol id="sm-85d">
         <name>_prolog_c28x_1</name>
         <value>0x3eb072</value>
         <object_component_ref idref="oc-198"/>
      </symbol>
      <symbol id="sm-85e">
         <name>_prolog_c28x_2</name>
         <value>0x3eb076</value>
         <object_component_ref idref="oc-198"/>
      </symbol>
      <symbol id="sm-85f">
         <name>_prolog_c28x_3</name>
         <value>0x3eb07e</value>
         <object_component_ref idref="oc-198"/>
      </symbol>
      <symbol id="sm-871">
         <name>FS$$TOLL</name>
         <value>0x3eaeed</value>
         <object_component_ref idref="oc-19d"/>
      </symbol>
      <symbol id="sm-880">
         <name>LL$$TOFS</name>
         <value>0x3eaf33</value>
         <object_component_ref idref="oc-1a2"/>
      </symbol>
      <symbol id="sm-88d">
         <name>__system_post_cinit</name>
         <value>0x3eb176</value>
         <object_component_ref idref="oc-1f6"/>
      </symbol>
      <symbol id="sm-8a1">
         <name>C$$EXIT</name>
         <value>0x3eae2a</value>
         <object_component_ref idref="oc-1f8"/>
      </symbol>
      <symbol id="sm-8a2">
         <name>_exit</name>
         <value>0x3eae2c</value>
         <object_component_ref idref="oc-1f8"/>
      </symbol>
      <symbol id="sm-8a3">
         <name>___TI_cleanup_ptr</name>
         <value>0x9574</value>
         <object_component_ref idref="oc-1ae"/>
      </symbol>
      <symbol id="sm-8a4">
         <name>___TI_enable_exit_profile_output</name>
         <value>0x9572</value>
         <object_component_ref idref="oc-1ae"/>
      </symbol>
      <symbol id="sm-8a5">
         <name>_abort</name>
         <value>0x3eae2a</value>
         <object_component_ref idref="oc-1f8"/>
      </symbol>
      <symbol id="sm-8a6">
         <name>___TI_dtors_ptr</name>
         <value>0x9576</value>
         <object_component_ref idref="oc-1ae"/>
      </symbol>
      <symbol id="sm-8b5">
         <name>__args_main</name>
         <value>0x3eb059</value>
         <object_component_ref idref="oc-1f7"/>
      </symbol>
      <symbol id="sm-8c5">
         <name>FD$$CMP</name>
         <value>0x3eadd6</value>
         <object_component_ref idref="oc-1b8"/>
      </symbol>
      <symbol id="sm-8d7">
         <name>FD$$MPY</name>
         <value>0x3eaa69</value>
         <object_component_ref idref="oc-1bd"/>
      </symbol>
      <symbol id="sm-8e4">
         <name>FD$$NEG</name>
         <value>0x3eb139</value>
         <object_component_ref idref="oc-1c2"/>
      </symbol>
      <symbol id="sm-8f0">
         <name>FD$$SUB</name>
         <value>0x3eb106</value>
         <object_component_ref idref="oc-1c7"/>
      </symbol>
      <symbol id="sm-8ff">
         <name>FD$$TOI</name>
         <value>0x3eaf55</value>
         <object_component_ref idref="oc-1cc"/>
      </symbol>
      <symbol id="sm-90e">
         <name>FD$$TOL</name>
         <value>0x3eaf76</value>
         <object_component_ref idref="oc-1d1"/>
      </symbol>
      <symbol id="sm-91a">
         <name>LL$$AND</name>
         <value>0x3eb08b</value>
         <object_component_ref idref="oc-1d6"/>
      </symbol>
      <symbol id="sm-91b">
         <name>LL$$OR</name>
         <value>0x3eb093</value>
         <object_component_ref idref="oc-1d6"/>
      </symbol>
      <symbol id="sm-91c">
         <name>LL$$XOR</name>
         <value>0x3eb09b</value>
         <object_component_ref idref="oc-1d6"/>
      </symbol>
      <symbol id="sm-92c">
         <name>I$$TOFD</name>
         <value>0x3eafb3</value>
         <object_component_ref idref="oc-1db"/>
      </symbol>
      <symbol id="sm-93c">
         <name>L$$TOFD</name>
         <value>0x3eb009</value>
         <object_component_ref idref="oc-1e0"/>
      </symbol>
      <symbol id="sm-94c">
         <name>FS$$TOFD</name>
         <value>0x3eafed</value>
         <object_component_ref idref="oc-1e5"/>
      </symbol>
      <symbol id="sm-963">
         <name>FD$$DIV</name>
         <value>0x3ea9de</value>
         <object_component_ref idref="oc-1ea"/>
      </symbol>
      <symbol id="sm-97e">
         <name>FD$$ADD</name>
         <value>0x3ea942</value>
         <object_component_ref idref="oc-1ef"/>
      </symbol>
   </symbol_table>
   <title>Link successful</title>
</link_info>
