<?xml version="1.0" encoding="ISO-8859-1" ?>
<link_info>
   <banner>TMS320C2000 Linker PC v18.12.2.LTS</banner>
   <copyright>Copyright (c) 1996-2018 Texas Instruments Incorporated</copyright>
   <link_time>0x5e017d54</link_time>
   <link_errors>0x2</link_errors>
   <output_file>_DSPduino(TMS320F28035).out</output_file>
   <entry_point>
      <name>_c_int00</name>
      <address>0x1194</address>
   </entry_point>
   <input_file_list>
      <input_file id="fl-38">
         <path>C:\ti\ccs910\ccs\tools\compiler\ti-cgt-c2000_18.12.2.LTS\lib\</path>
         <kind>archive</kind>
         <file>rts2800_ml.lib</file>
         <name>delete.c.obj</name>
      </input_file>
      <input_file id="fl-39">
         <path>C:\ti\ccs910\ccs\tools\compiler\ti-cgt-c2000_18.12.2.LTS\lib\</path>
         <kind>archive</kind>
         <file>rts2800_ml.lib</file>
         <name>dtor_list.c.obj</name>
      </input_file>
      <input_file id="fl-3a">
         <path>C:\ti\ccs910\ccs\tools\compiler\ti-cgt-c2000_18.12.2.LTS\lib\</path>
         <kind>archive</kind>
         <file>rts2800_ml.lib</file>
         <name>error.c.obj</name>
      </input_file>
      <input_file id="fl-3b">
         <path>C:\ti\ccs910\ccs\tools\compiler\ti-cgt-c2000_18.12.2.LTS\lib\</path>
         <kind>archive</kind>
         <file>rts2800_ml.lib</file>
         <name>new.c.obj</name>
      </input_file>
      <input_file id="fl-3c">
         <path>C:\ti\ccs910\ccs\tools\compiler\ti-cgt-c2000_18.12.2.LTS\lib\</path>
         <kind>archive</kind>
         <file>rts2800_ml.lib</file>
         <name>newhandler.c.obj</name>
      </input_file>
      <input_file id="fl-3d">
         <path>C:\ti\ccs910\ccs\tools\compiler\ti-cgt-c2000_18.12.2.LTS\lib\</path>
         <kind>archive</kind>
         <file>rts2800_ml.lib</file>
         <name>pure_virt.c.obj</name>
      </input_file>
      <input_file id="fl-3e">
         <path>C:\ti\ccs910\ccs\tools\compiler\ti-cgt-c2000_18.12.2.LTS\lib\</path>
         <kind>archive</kind>
         <file>rts2800_ml.lib</file>
         <name>vars.c.obj</name>
      </input_file>
      <input_file id="fl-3f">
         <path>C:\ti\ccs910\ccs\tools\compiler\ti-cgt-c2000_18.12.2.LTS\lib\</path>
         <kind>archive</kind>
         <file>rts2800_ml.lib</file>
         <name>sprintf.c.obj</name>
      </input_file>
      <input_file id="fl-40">
         <path>C:\ti\ccs910\ccs\tools\compiler\ti-cgt-c2000_18.12.2.LTS\lib\</path>
         <kind>archive</kind>
         <file>rts2800_ml.lib</file>
         <name>vsnprintf.c.obj</name>
      </input_file>
      <input_file id="fl-51">
         <path>C:\ti\ccs910\ccs\tools\compiler\ti-cgt-c2000_18.12.2.LTS\lib\</path>
         <kind>archive</kind>
         <file>rts2800_ml.lib</file>
         <name>cpy_tbl.c.obj</name>
      </input_file>
      <input_file id="fl-52">
         <path>C:\ti\ccs910\ccs\tools\compiler\ti-cgt-c2000_18.12.2.LTS\lib\</path>
         <kind>archive</kind>
         <file>rts2800_ml.lib</file>
         <name>memcpy.c.obj</name>
      </input_file>
      <input_file id="fl-53">
         <path>C:\ti\ccs910\ccs\tools\compiler\ti-cgt-c2000_18.12.2.LTS\lib\</path>
         <kind>archive</kind>
         <file>rts2800_ml.lib</file>
         <name>pre_init.c.obj</name>
      </input_file>
      <input_file id="fl-56">
         <path>C:\ti\ccs910\ccs\tools\compiler\ti-cgt-c2000_18.12.2.LTS\lib\</path>
         <kind>archive</kind>
         <file>rts2800_ml.lib</file>
         <name>_lock.c.obj</name>
      </input_file>
      <input_file id="fl-58">
         <path>C:\ti\ccs910\ccs\tools\compiler\ti-cgt-c2000_18.12.2.LTS\lib\</path>
         <kind>archive</kind>
         <file>rts2800_ml.lib</file>
         <name>atof.c.obj</name>
      </input_file>
      <input_file id="fl-59">
         <path>C:\ti\ccs910\ccs\tools\compiler\ti-cgt-c2000_18.12.2.LTS\lib\</path>
         <kind>archive</kind>
         <file>rts2800_ml.lib</file>
         <name>atol.c.obj</name>
      </input_file>
      <input_file id="fl-5a">
         <path>C:\ti\ccs910\ccs\tools\compiler\ti-cgt-c2000_18.12.2.LTS\lib\</path>
         <kind>archive</kind>
         <file>rts2800_ml.lib</file>
         <name>ctype.c.obj</name>
      </input_file>
      <input_file id="fl-5b">
         <path>C:\ti\ccs910\ccs\tools\compiler\ti-cgt-c2000_18.12.2.LTS\lib\</path>
         <kind>archive</kind>
         <file>rts2800_ml.lib</file>
         <name>isspace.c.obj</name>
      </input_file>
      <input_file id="fl-5c">
         <path>C:\ti\ccs910\ccs\tools\compiler\ti-cgt-c2000_18.12.2.LTS\lib\</path>
         <kind>archive</kind>
         <file>rts2800_ml.lib</file>
         <name>ltoa.c.obj</name>
      </input_file>
      <input_file id="fl-5d">
         <path>C:\ti\ccs910\ccs\tools\compiler\ti-cgt-c2000_18.12.2.LTS\lib\</path>
         <kind>archive</kind>
         <file>rts2800_ml.lib</file>
         <name>memmov.c.obj</name>
      </input_file>
      <input_file id="fl-5e">
         <path>C:\ti\ccs910\ccs\tools\compiler\ti-cgt-c2000_18.12.2.LTS\lib\</path>
         <kind>archive</kind>
         <file>rts2800_ml.lib</file>
         <name>memory.c.obj</name>
      </input_file>
      <input_file id="fl-5f">
         <path>C:\ti\ccs910\ccs\tools\compiler\ti-cgt-c2000_18.12.2.LTS\lib\</path>
         <kind>archive</kind>
         <file>rts2800_ml.lib</file>
         <name>memset.c.obj</name>
      </input_file>
      <input_file id="fl-60">
         <path>C:\ti\ccs910\ccs\tools\compiler\ti-cgt-c2000_18.12.2.LTS\lib\</path>
         <kind>archive</kind>
         <file>rts2800_ml.lib</file>
         <name>rand.c.obj</name>
      </input_file>
      <input_file id="fl-61">
         <path>C:\ti\ccs910\ccs\tools\compiler\ti-cgt-c2000_18.12.2.LTS\lib\</path>
         <kind>archive</kind>
         <file>rts2800_ml.lib</file>
         <name>strchr.c.obj</name>
      </input_file>
      <input_file id="fl-62">
         <path>C:\ti\ccs910\ccs\tools\compiler\ti-cgt-c2000_18.12.2.LTS\lib\</path>
         <kind>archive</kind>
         <file>rts2800_ml.lib</file>
         <name>strcmp.c.obj</name>
      </input_file>
      <input_file id="fl-63">
         <path>C:\ti\ccs910\ccs\tools\compiler\ti-cgt-c2000_18.12.2.LTS\lib\</path>
         <kind>archive</kind>
         <file>rts2800_ml.lib</file>
         <name>strcpy.c.obj</name>
      </input_file>
      <input_file id="fl-64">
         <path>C:\ti\ccs910\ccs\tools\compiler\ti-cgt-c2000_18.12.2.LTS\lib\</path>
         <kind>archive</kind>
         <file>rts2800_ml.lib</file>
         <name>strlen.c.obj</name>
      </input_file>
      <input_file id="fl-65">
         <path>C:\ti\ccs910\ccs\tools\compiler\ti-cgt-c2000_18.12.2.LTS\lib\</path>
         <kind>archive</kind>
         <file>rts2800_ml.lib</file>
         <name>strncmp.c.obj</name>
      </input_file>
      <input_file id="fl-66">
         <path>C:\ti\ccs910\ccs\tools\compiler\ti-cgt-c2000_18.12.2.LTS\lib\</path>
         <kind>archive</kind>
         <file>rts2800_ml.lib</file>
         <name>strncpy.c.obj</name>
      </input_file>
      <input_file id="fl-67">
         <path>C:\ti\ccs910\ccs\tools\compiler\ti-cgt-c2000_18.12.2.LTS\lib\</path>
         <kind>archive</kind>
         <file>rts2800_ml.lib</file>
         <name>strrchr.c.obj</name>
      </input_file>
      <input_file id="fl-68">
         <path>C:\ti\ccs910\ccs\tools\compiler\ti-cgt-c2000_18.12.2.LTS\lib\</path>
         <kind>archive</kind>
         <file>rts2800_ml.lib</file>
         <name>strstr.c.obj</name>
      </input_file>
      <input_file id="fl-69">
         <path>C:\ti\ccs910\ccs\tools\compiler\ti-cgt-c2000_18.12.2.LTS\lib\</path>
         <kind>archive</kind>
         <file>rts2800_ml.lib</file>
         <name>strtod.c.obj</name>
      </input_file>
      <input_file id="fl-6a">
         <path>C:\ti\ccs910\ccs\tools\compiler\ti-cgt-c2000_18.12.2.LTS\lib\</path>
         <kind>archive</kind>
         <file>rts2800_ml.lib</file>
         <name>tolower.c.obj</name>
      </input_file>
      <input_file id="fl-6b">
         <path>C:\ti\ccs910\ccs\tools\compiler\ti-cgt-c2000_18.12.2.LTS\lib\</path>
         <kind>archive</kind>
         <file>rts2800_ml.lib</file>
         <name>toupper.c.obj</name>
      </input_file>
      <input_file id="fl-6c">
         <path>C:\ti\ccs910\ccs\tools\compiler\ti-cgt-c2000_18.12.2.LTS\lib\</path>
         <kind>archive</kind>
         <file>rts2800_ml.lib</file>
         <name>errno.c.obj</name>
      </input_file>
      <input_file id="fl-6d">
         <path>C:\ti\ccs910\ccs\tools\compiler\ti-cgt-c2000_18.12.2.LTS\lib\</path>
         <kind>archive</kind>
         <file>rts2800_ml.lib</file>
         <name>_printfi.c.obj</name>
      </input_file>
      <input_file id="fl-6e">
         <path>C:\ti\ccs910\ccs\tools\compiler\ti-cgt-c2000_18.12.2.LTS\lib\</path>
         <kind>archive</kind>
         <file>rts2800_ml.lib</file>
         <name>s_scalbnf.c.obj</name>
      </input_file>
      <input_file id="fl-6f">
         <path>C:\ti\ccs910\ccs\tools\compiler\ti-cgt-c2000_18.12.2.LTS\lib\</path>
         <kind>archive</kind>
         <file>rts2800_ml.lib</file>
         <name>s_copysignf.c.obj</name>
      </input_file>
      <input_file id="fl-70">
         <path>C:\ti\ccs910\ccs\tools\compiler\ti-cgt-c2000_18.12.2.LTS\lib\</path>
         <kind>archive</kind>
         <file>rts2800_ml.lib</file>
         <name>wcslen.c.obj</name>
      </input_file>
      <input_file id="fl-7c">
         <path>C:\ti\ccs910\ccs\tools\compiler\ti-cgt-c2000_18.12.2.LTS\lib\</path>
         <kind>archive</kind>
         <file>rts2800_ml.lib</file>
         <name>atoi.c.obj</name>
      </input_file>
      <input_file id="fl-7d">
         <path>C:\ti\ccs910\ccs\tools\compiler\ti-cgt-c2000_18.12.2.LTS\lib\</path>
         <kind>archive</kind>
         <file>rts2800_ml.lib</file>
         <name>memccpy.c.obj</name>
      </input_file>
      <input_file id="fl-7e">
         <path>C:\ti\ccs910\ccs\tools\compiler\ti-cgt-c2000_18.12.2.LTS\lib\</path>
         <kind>archive</kind>
         <file>rts2800_ml.lib</file>
         <name>s_frexp.c.obj</name>
      </input_file>
      <input_file id="fl-7f">
         <path>C:\ti\ccs910\ccs\tools\compiler\ti-cgt-c2000_18.12.2.LTS\lib\</path>
         <kind>archive</kind>
         <file>rts2800_ml.lib</file>
         <name>s_scalbn.c.obj</name>
      </input_file>
      <input_file id="fl-81">
         <path>C:\ti\ccs910\ccs\tools\compiler\ti-cgt-c2000_18.12.2.LTS\lib\</path>
         <kind>archive</kind>
         <file>rts2800_ml.lib</file>
         <name>s_copysign.c.obj</name>
      </input_file>
      <input_file id="fl-82">
         <path>C:\Users\_VIFEX~1\AppData\Local\Temp\</path>
         <kind>object</kind>
         <file>{73BBD8C4-22F3-4602-91DA-1755CC37A344}</file>
         <name>{73BBD8C4-22F3-4602-91DA-1755CC37A344}</name>
      </input_file>
      <input_file id="fl-2">
         <path>.\ArduinoAPI\</path>
         <kind>object</kind>
         <file>Arduino.obj</file>
         <name>Arduino.obj</name>
      </input_file>
      <input_file id="fl-3">
         <path>.\ArduinoAPI\</path>
         <kind>object</kind>
         <file>HardwareSerial.obj</file>
         <name>HardwareSerial.obj</name>
      </input_file>
      <input_file id="fl-4">
         <path>.\ArduinoAPI\</path>
         <kind>object</kind>
         <file>Print.obj</file>
         <name>Print.obj</name>
      </input_file>
      <input_file id="fl-5">
         <path>.\ArduinoAPI\</path>
         <kind>object</kind>
         <file>Stream.obj</file>
         <name>Stream.obj</name>
      </input_file>
      <input_file id="fl-6">
         <path>.\ArduinoAPI\</path>
         <kind>object</kind>
         <file>WMath.obj</file>
         <name>WMath.obj</name>
      </input_file>
      <input_file id="fl-7">
         <path>.\ArduinoAPI\</path>
         <kind>object</kind>
         <file>WString.obj</file>
         <name>WString.obj</name>
      </input_file>
      <input_file id="fl-8">
         <path>.\ArduinoAPI\</path>
         <kind>object</kind>
         <file>Wire.obj</file>
         <name>Wire.obj</name>
      </input_file>
      <input_file id="fl-9">
         <path>.\ArduinoAPI\</path>
         <kind>object</kind>
         <file>WireBase.obj</file>
         <name>WireBase.obj</name>
      </input_file>
      <input_file id="fl-a">
         <path>.\ArduinoAPI\</path>
         <kind>object</kind>
         <file>dtostrf.obj</file>
         <name>dtostrf.obj</name>
      </input_file>
      <input_file id="fl-b">
         <path>.\ArduinoAPI\</path>
         <kind>object</kind>
         <file>itoa.obj</file>
         <name>itoa.obj</name>
      </input_file>
      <input_file id="fl-c">
         <path>.\ArduinoAPI\avr\</path>
         <kind>object</kind>
         <file>dtostrf.obj</file>
         <name>dtostrf.obj</name>
      </input_file>
      <input_file id="fl-d">
         <path>.\Core\28035_source\DSP2803x_common\source\</path>
         <kind>object</kind>
         <file>DSP2803x_Adc.obj</file>
         <name>DSP2803x_Adc.obj</name>
      </input_file>
      <input_file id="fl-e">
         <path>.\Core\28035_source\DSP2803x_common\source\</path>
         <kind>object</kind>
         <file>DSP2803x_CodeStartBranch.obj</file>
         <name>DSP2803x_CodeStartBranch.obj</name>
      </input_file>
      <input_file id="fl-f">
         <path>.\Core\28035_source\DSP2803x_common\source\</path>
         <kind>object</kind>
         <file>DSP2803x_Comp.obj</file>
         <name>DSP2803x_Comp.obj</name>
      </input_file>
      <input_file id="fl-10">
         <path>.\Core\28035_source\DSP2803x_common\source\</path>
         <kind>object</kind>
         <file>DSP2803x_CpuTimers.obj</file>
         <name>DSP2803x_CpuTimers.obj</name>
      </input_file>
      <input_file id="fl-11">
         <path>.\Core\28035_source\DSP2803x_common\source\</path>
         <kind>object</kind>
         <file>DSP2803x_DBGIER.obj</file>
         <name>DSP2803x_DBGIER.obj</name>
      </input_file>
      <input_file id="fl-12">
         <path>.\Core\28035_source\DSP2803x_common\source\</path>
         <kind>object</kind>
         <file>DSP2803x_DefaultIsr.obj</file>
         <name>DSP2803x_DefaultIsr.obj</name>
      </input_file>
      <input_file id="fl-13">
         <path>.\Core\28035_source\DSP2803x_common\source\</path>
         <kind>object</kind>
         <file>DSP2803x_DisInt.obj</file>
         <name>DSP2803x_DisInt.obj</name>
      </input_file>
      <input_file id="fl-14">
         <path>.\Core\28035_source\DSP2803x_common\source\</path>
         <kind>object</kind>
         <file>DSP2803x_ECan.obj</file>
         <name>DSP2803x_ECan.obj</name>
      </input_file>
      <input_file id="fl-15">
         <path>.\Core\28035_source\DSP2803x_common\source\</path>
         <kind>object</kind>
         <file>DSP2803x_ECap.obj</file>
         <name>DSP2803x_ECap.obj</name>
      </input_file>
      <input_file id="fl-16">
         <path>.\Core\28035_source\DSP2803x_common\source\</path>
         <kind>object</kind>
         <file>DSP2803x_EPwm.obj</file>
         <name>DSP2803x_EPwm.obj</name>
      </input_file>
      <input_file id="fl-17">
         <path>.\Core\28035_source\DSP2803x_common\source\</path>
         <kind>object</kind>
         <file>DSP2803x_EQep.obj</file>
         <name>DSP2803x_EQep.obj</name>
      </input_file>
      <input_file id="fl-18">
         <path>.\Core\28035_source\DSP2803x_common\source\</path>
         <kind>object</kind>
         <file>DSP2803x_Gpio.obj</file>
         <name>DSP2803x_Gpio.obj</name>
      </input_file>
      <input_file id="fl-19">
         <path>.\Core\28035_source\DSP2803x_common\source\</path>
         <kind>object</kind>
         <file>DSP2803x_I2C.obj</file>
         <name>DSP2803x_I2C.obj</name>
      </input_file>
      <input_file id="fl-1a">
         <path>.\Core\28035_source\DSP2803x_common\source\</path>
         <kind>object</kind>
         <file>DSP2803x_Lin.obj</file>
         <name>DSP2803x_Lin.obj</name>
      </input_file>
      <input_file id="fl-1b">
         <path>.\Core\28035_source\DSP2803x_common\source\</path>
         <kind>object</kind>
         <file>DSP2803x_MemCopy.obj</file>
         <name>DSP2803x_MemCopy.obj</name>
      </input_file>
      <input_file id="fl-1c">
         <path>.\Core\28035_source\DSP2803x_common\source\</path>
         <kind>object</kind>
         <file>DSP2803x_PieCtrl.obj</file>
         <name>DSP2803x_PieCtrl.obj</name>
      </input_file>
      <input_file id="fl-1d">
         <path>.\Core\28035_source\DSP2803x_common\source\</path>
         <kind>object</kind>
         <file>DSP2803x_PieVect.obj</file>
         <name>DSP2803x_PieVect.obj</name>
      </input_file>
      <input_file id="fl-1e">
         <path>.\Core\28035_source\DSP2803x_common\source\</path>
         <kind>object</kind>
         <file>DSP2803x_Sci.obj</file>
         <name>DSP2803x_Sci.obj</name>
      </input_file>
      <input_file id="fl-1f">
         <path>.\Core\28035_source\DSP2803x_common\source\</path>
         <kind>object</kind>
         <file>DSP2803x_Spi.obj</file>
         <name>DSP2803x_Spi.obj</name>
      </input_file>
      <input_file id="fl-20">
         <path>.\Core\28035_source\DSP2803x_common\source\</path>
         <kind>object</kind>
         <file>DSP2803x_SysCtrl.obj</file>
         <name>DSP2803x_SysCtrl.obj</name>
      </input_file>
      <input_file id="fl-21">
         <path>.\Core\28035_source\DSP2803x_common\source\</path>
         <kind>object</kind>
         <file>DSP2803x_usDelay.obj</file>
         <name>DSP2803x_usDelay.obj</name>
      </input_file>
      <input_file id="fl-22">
         <path>.\Core\28035_source\DSP2803x_headers\source\</path>
         <kind>object</kind>
         <file>DSP2803x_GlobalVariableDefs.obj</file>
         <name>DSP2803x_GlobalVariableDefs.obj</name>
      </input_file>
      <input_file id="fl-23">
         <path>.\Core\</path>
         <kind>object</kind>
         <file>delay.obj</file>
         <name>delay.obj</name>
      </input_file>
      <input_file id="fl-24">
         <path>.\Core\</path>
         <kind>object</kind>
         <file>gpio.obj</file>
         <name>gpio.obj</name>
      </input_file>
      <input_file id="fl-25">
         <path>.\USER\</path>
         <kind>object</kind>
         <file>main.obj</file>
         <name>main.obj</name>
      </input_file>
      <input_file id="fl-2c">
         <kind>object</kind>
         <file>&lt;internal&gt;</file>
         <name>&lt;internal&gt;</name>
      </input_file>
      <input_file id="fl-41">
         <path>C:\ti\ccs910\ccs\tools\compiler\ti-cgt-c2000_18.12.2.LTS\lib\</path>
         <kind>archive</kind>
         <file>rts2800_ml.lib</file>
         <name>boot28.asm.obj</name>
      </input_file>
      <input_file id="fl-42">
         <path>C:\ti\ccs910\ccs\tools\compiler\ti-cgt-c2000_18.12.2.LTS\lib\</path>
         <kind>archive</kind>
         <file>rts2800_ml.lib</file>
         <name>fs_add28.asm.obj</name>
      </input_file>
      <input_file id="fl-43">
         <path>C:\ti\ccs910\ccs\tools\compiler\ti-cgt-c2000_18.12.2.LTS\lib\</path>
         <kind>archive</kind>
         <file>rts2800_ml.lib</file>
         <name>fs_cmp28.asm.obj</name>
      </input_file>
      <input_file id="fl-44">
         <path>C:\ti\ccs910\ccs\tools\compiler\ti-cgt-c2000_18.12.2.LTS\lib\</path>
         <kind>archive</kind>
         <file>rts2800_ml.lib</file>
         <name>fs_div28.asm.obj</name>
      </input_file>
      <input_file id="fl-45">
         <path>C:\ti\ccs910\ccs\tools\compiler\ti-cgt-c2000_18.12.2.LTS\lib\</path>
         <kind>archive</kind>
         <file>rts2800_ml.lib</file>
         <name>fs_mpy28.asm.obj</name>
      </input_file>
      <input_file id="fl-46">
         <path>C:\ti\ccs910\ccs\tools\compiler\ti-cgt-c2000_18.12.2.LTS\lib\</path>
         <kind>archive</kind>
         <file>rts2800_ml.lib</file>
         <name>fs_neg28.asm.obj</name>
      </input_file>
      <input_file id="fl-47">
         <path>C:\ti\ccs910\ccs\tools\compiler\ti-cgt-c2000_18.12.2.LTS\lib\</path>
         <kind>archive</kind>
         <file>rts2800_ml.lib</file>
         <name>fs_toi28.asm.obj</name>
      </input_file>
      <input_file id="fl-48">
         <path>C:\ti\ccs910\ccs\tools\compiler\ti-cgt-c2000_18.12.2.LTS\lib\</path>
         <kind>archive</kind>
         <file>rts2800_ml.lib</file>
         <name>fs_tol28.asm.obj</name>
      </input_file>
      <input_file id="fl-49">
         <path>C:\ti\ccs910\ccs\tools\compiler\ti-cgt-c2000_18.12.2.LTS\lib\</path>
         <kind>archive</kind>
         <file>rts2800_ml.lib</file>
         <name>ll_cmp28.asm.obj</name>
      </input_file>
      <input_file id="fl-4a">
         <path>C:\ti\ccs910\ccs\tools\compiler\ti-cgt-c2000_18.12.2.LTS\lib\</path>
         <kind>archive</kind>
         <file>rts2800_ml.lib</file>
         <name>ll_div28.asm.obj</name>
      </input_file>
      <input_file id="fl-4b">
         <path>C:\ti\ccs910\ccs\tools\compiler\ti-cgt-c2000_18.12.2.LTS\lib\</path>
         <kind>archive</kind>
         <file>rts2800_ml.lib</file>
         <name>i_tofs28.asm.obj</name>
      </input_file>
      <input_file id="fl-4c">
         <path>C:\ti\ccs910\ccs\tools\compiler\ti-cgt-c2000_18.12.2.LTS\lib\</path>
         <kind>archive</kind>
         <file>rts2800_ml.lib</file>
         <name>u_div28.asm.obj</name>
      </input_file>
      <input_file id="fl-4d">
         <path>C:\ti\ccs910\ccs\tools\compiler\ti-cgt-c2000_18.12.2.LTS\lib\</path>
         <kind>archive</kind>
         <file>rts2800_ml.lib</file>
         <name>l_tofs28.asm.obj</name>
      </input_file>
      <input_file id="fl-4e">
         <path>C:\ti\ccs910\ccs\tools\compiler\ti-cgt-c2000_18.12.2.LTS\lib\</path>
         <kind>archive</kind>
         <file>rts2800_ml.lib</file>
         <name>l_div28.asm.obj</name>
      </input_file>
      <input_file id="fl-4f">
         <path>C:\ti\ccs910\ccs\tools\compiler\ti-cgt-c2000_18.12.2.LTS\lib\</path>
         <kind>archive</kind>
         <file>rts2800_ml.lib</file>
         <name>fs_toll28.asm.obj</name>
      </input_file>
      <input_file id="fl-50">
         <path>C:\ti\ccs910\ccs\tools\compiler\ti-cgt-c2000_18.12.2.LTS\lib\</path>
         <kind>archive</kind>
         <file>rts2800_ml.lib</file>
         <name>ll_tofs28.asm.obj</name>
      </input_file>
      <input_file id="fl-54">
         <path>C:\ti\ccs910\ccs\tools\compiler\ti-cgt-c2000_18.12.2.LTS\lib\</path>
         <kind>archive</kind>
         <file>rts2800_ml.lib</file>
         <name>startup.c.obj</name>
      </input_file>
      <input_file id="fl-55">
         <path>C:\ti\ccs910\ccs\tools\compiler\ti-cgt-c2000_18.12.2.LTS\lib\</path>
         <kind>archive</kind>
         <file>rts2800_ml.lib</file>
         <name>exit.c.obj</name>
      </input_file>
      <input_file id="fl-57">
         <path>C:\ti\ccs910\ccs\tools\compiler\ti-cgt-c2000_18.12.2.LTS\lib\</path>
         <kind>archive</kind>
         <file>rts2800_ml.lib</file>
         <name>args_main.c.obj</name>
      </input_file>
      <input_file id="fl-71">
         <path>C:\ti\ccs910\ccs\tools\compiler\ti-cgt-c2000_18.12.2.LTS\lib\</path>
         <kind>archive</kind>
         <file>rts2800_ml.lib</file>
         <name>fd_cmp28.asm.obj</name>
      </input_file>
      <input_file id="fl-72">
         <path>C:\ti\ccs910\ccs\tools\compiler\ti-cgt-c2000_18.12.2.LTS\lib\</path>
         <kind>archive</kind>
         <file>rts2800_ml.lib</file>
         <name>fd_mpy28.asm.obj</name>
      </input_file>
      <input_file id="fl-73">
         <path>C:\ti\ccs910\ccs\tools\compiler\ti-cgt-c2000_18.12.2.LTS\lib\</path>
         <kind>archive</kind>
         <file>rts2800_ml.lib</file>
         <name>fd_neg28.asm.obj</name>
      </input_file>
      <input_file id="fl-74">
         <path>C:\ti\ccs910\ccs\tools\compiler\ti-cgt-c2000_18.12.2.LTS\lib\</path>
         <kind>archive</kind>
         <file>rts2800_ml.lib</file>
         <name>fd_sub28.asm.obj</name>
      </input_file>
      <input_file id="fl-75">
         <path>C:\ti\ccs910\ccs\tools\compiler\ti-cgt-c2000_18.12.2.LTS\lib\</path>
         <kind>archive</kind>
         <file>rts2800_ml.lib</file>
         <name>fd_toi28.asm.obj</name>
      </input_file>
      <input_file id="fl-76">
         <path>C:\ti\ccs910\ccs\tools\compiler\ti-cgt-c2000_18.12.2.LTS\lib\</path>
         <kind>archive</kind>
         <file>rts2800_ml.lib</file>
         <name>fd_tol28.asm.obj</name>
      </input_file>
      <input_file id="fl-77">
         <path>C:\ti\ccs910\ccs\tools\compiler\ti-cgt-c2000_18.12.2.LTS\lib\</path>
         <kind>archive</kind>
         <file>rts2800_ml.lib</file>
         <name>ll_aox28.asm.obj</name>
      </input_file>
      <input_file id="fl-78">
         <path>C:\ti\ccs910\ccs\tools\compiler\ti-cgt-c2000_18.12.2.LTS\lib\</path>
         <kind>archive</kind>
         <file>rts2800_ml.lib</file>
         <name>i_tofd28.asm.obj</name>
      </input_file>
      <input_file id="fl-79">
         <path>C:\ti\ccs910\ccs\tools\compiler\ti-cgt-c2000_18.12.2.LTS\lib\</path>
         <kind>archive</kind>
         <file>rts2800_ml.lib</file>
         <name>l_tofd28.asm.obj</name>
      </input_file>
      <input_file id="fl-7a">
         <path>C:\ti\ccs910\ccs\tools\compiler\ti-cgt-c2000_18.12.2.LTS\lib\</path>
         <kind>archive</kind>
         <file>rts2800_ml.lib</file>
         <name>fs_tofd28.asm.obj</name>
      </input_file>
      <input_file id="fl-7b">
         <path>C:\ti\ccs910\ccs\tools\compiler\ti-cgt-c2000_18.12.2.LTS\lib\</path>
         <kind>archive</kind>
         <file>rts2800_ml.lib</file>
         <name>fd_div28.asm.obj</name>
      </input_file>
      <input_file id="fl-80">
         <path>C:\ti\ccs910\ccs\tools\compiler\ti-cgt-c2000_18.12.2.LTS\lib\</path>
         <kind>archive</kind>
         <file>rts2800_ml.lib</file>
         <name>fd_add28.asm.obj</name>
      </input_file>
   </input_file_list>
   <object_component_list>
      <object_component id="oc-96">
         <name>codestart</name>
         <load_address>0x0</load_address>
         <run_address>0x0</run_address>
         <size>0x2</size>
         <input_file_ref idref="fl-e"/>
      </object_component>
      <object_component id="oc-f8">
         <name>ramfuncs</name>
         <load_address>0x98</load_address>
         <run_address>0x98</run_address>
         <size>0x4</size>
         <input_file_ref idref="fl-21"/>
      </object_component>
      <object_component id="oc-1ea">
         <name>.text</name>
         <load_address>0x10d2</load_address>
         <run_address>0x10d2</run_address>
         <size>0x68</size>
         <input_file_ref idref="fl-2"/>
      </object_component>
      <object_component id="oc-1de">
         <name>.text</name>
         <load_address>0xd4e</load_address>
         <run_address>0xd4e</run_address>
         <size>0xdf</size>
         <input_file_ref idref="fl-3"/>
      </object_component>
      <object_component id="oc-1f1">
         <name>.text</name>
         <load_address>0x0</load_address>
         <run_address>0x0</run_address>
         <size>0x4c6</size>
         <input_file_ref idref="fl-4"/>
      </object_component>
      <object_component id="oc-1df">
         <name>.text</name>
         <load_address>0x6ab</load_address>
         <run_address>0x6ab</run_address>
         <size>0x1bd</size>
         <input_file_ref idref="fl-8"/>
      </object_component>
      <object_component id="oc-1f2">
         <name>.text</name>
         <load_address>0x9da</load_address>
         <run_address>0x9da</run_address>
         <size>0x137</size>
         <input_file_ref idref="fl-9"/>
      </object_component>
      <object_component id="oc-95">
         <name>.text</name>
         <load_address>0x14f5</load_address>
         <run_address>0x14f5</run_address>
         <size>0x8</size>
         <input_file_ref idref="fl-e"/>
      </object_component>
      <object_component id="oc-a6">
         <name>.text</name>
         <load_address>0x150e</load_address>
         <run_address>0x150e</run_address>
         <size>0x3</size>
         <input_file_ref idref="fl-11"/>
      </object_component>
      <object_component id="oc-ac">
         <name>.text:retain</name>
         <load_address>0x868</load_address>
         <run_address>0x868</run_address>
         <size>0x172</size>
         <input_file_ref idref="fl-12"/>
      </object_component>
      <object_component id="oc-b1">
         <name>.text</name>
         <load_address>0x14fd</load_address>
         <run_address>0x14fd</run_address>
         <size>0x7</size>
         <input_file_ref idref="fl-13"/>
      </object_component>
      <object_component id="oc-1ec">
         <name>.text</name>
         <load_address>0xb11</load_address>
         <run_address>0xb11</run_address>
         <size>0x136</size>
         <input_file_ref idref="fl-20"/>
      </object_component>
      <object_component id="oc-1ed">
         <name>.text</name>
         <load_address>0x13af</load_address>
         <run_address>0x13af</run_address>
         <size>0x1d</size>
         <input_file_ref idref="fl-23"/>
      </object_component>
      <object_component id="oc-1e1">
         <name>.text</name>
         <load_address>0x14d6</load_address>
         <run_address>0x14d6</run_address>
         <size>0xb</size>
         <input_file_ref idref="fl-25"/>
      </object_component>
      <object_component id="oc-3f">
         <name>.text</name>
         <load_address>0x1194</load_address>
         <run_address>0x1194</run_address>
         <size>0x54</size>
         <input_file_ref idref="fl-41"/>
      </object_component>
      <object_component id="oc-140">
         <name>.text</name>
         <load_address>0x105a</load_address>
         <run_address>0x105a</run_address>
         <size>0x78</size>
         <input_file_ref idref="fl-42"/>
      </object_component>
      <object_component id="oc-145">
         <name>.text</name>
         <load_address>0x14a3</load_address>
         <run_address>0x14a3</run_address>
         <size>0x17</size>
         <input_file_ref idref="fl-43"/>
      </object_component>
      <object_component id="oc-14a">
         <name>.text</name>
         <load_address>0xfd7</load_address>
         <run_address>0xfd7</run_address>
         <size>0x83</size>
         <input_file_ref idref="fl-44"/>
      </object_component>
      <object_component id="oc-14f">
         <name>.text</name>
         <load_address>0x113a</load_address>
         <run_address>0x113a</run_address>
         <size>0x5a</size>
         <input_file_ref idref="fl-45"/>
      </object_component>
      <object_component id="oc-154">
         <name>.text</name>
         <load_address>0x1509</load_address>
         <run_address>0x1509</run_address>
         <size>0x5</size>
         <input_file_ref idref="fl-46"/>
      </object_component>
      <object_component id="oc-159">
         <name>.text</name>
         <load_address>0x12c2</load_address>
         <run_address>0x12c2</run_address>
         <size>0x25</size>
         <input_file_ref idref="fl-47"/>
      </object_component>
      <object_component id="oc-15e">
         <name>.text</name>
         <load_address>0x1299</load_address>
         <run_address>0x1299</run_address>
         <size>0x29</size>
         <input_file_ref idref="fl-48"/>
      </object_component>
      <object_component id="oc-163">
         <name>.text</name>
         <load_address>0x1391</load_address>
         <run_address>0x1391</run_address>
         <size>0x1e</size>
         <input_file_ref idref="fl-49"/>
      </object_component>
      <object_component id="oc-168">
         <name>.text</name>
         <load_address>0xc47</load_address>
         <run_address>0xc47</run_address>
         <size>0x107</size>
         <input_file_ref idref="fl-4a"/>
      </object_component>
      <object_component id="oc-16d">
         <name>.text</name>
         <load_address>0x143e</load_address>
         <run_address>0x143e</run_address>
         <size>0x1a</size>
         <input_file_ref idref="fl-4b"/>
      </object_component>
      <object_component id="oc-172">
         <name>.text</name>
         <load_address>0x14e1</load_address>
         <run_address>0x14e1</run_address>
         <size>0xb</size>
         <input_file_ref idref="fl-4c"/>
      </object_component>
      <object_component id="oc-177">
         <name>.text</name>
         <load_address>0x1458</load_address>
         <run_address>0x1458</run_address>
         <size>0x1a</size>
         <input_file_ref idref="fl-4d"/>
      </object_component>
      <object_component id="oc-17c">
         <name>.text</name>
         <load_address>0x1246</load_address>
         <run_address>0x1246</run_address>
         <size>0x2a</size>
         <input_file_ref idref="fl-4e"/>
      </object_component>
      <object_component id="oc-181">
         <name>.text</name>
         <load_address>0x130b</load_address>
         <run_address>0x130b</run_address>
         <size>0x24</size>
         <input_file_ref idref="fl-4f"/>
      </object_component>
      <object_component id="oc-186">
         <name>.text</name>
         <load_address>0x132f</load_address>
         <run_address>0x132f</run_address>
         <size>0x22</size>
         <input_file_ref idref="fl-50"/>
      </object_component>
      <object_component id="oc-1da">
         <name>.text</name>
         <load_address>0x151a</load_address>
         <run_address>0x151a</run_address>
         <size>0x1</size>
         <input_file_ref idref="fl-54"/>
      </object_component>
      <object_component id="oc-1dc">
         <name>.text</name>
         <load_address>0x1270</load_address>
         <run_address>0x1270</run_address>
         <size>0x29</size>
         <input_file_ref idref="fl-55"/>
      </object_component>
      <object_component id="oc-1db">
         <name>.text</name>
         <load_address>0x1472</load_address>
         <run_address>0x1472</run_address>
         <size>0x19</size>
         <input_file_ref idref="fl-57"/>
      </object_component>
      <object_component id="oc-19c">
         <name>.text</name>
         <load_address>0x121c</load_address>
         <run_address>0x121c</run_address>
         <size>0x2a</size>
         <input_file_ref idref="fl-71"/>
      </object_component>
      <object_component id="oc-1a1">
         <name>.text</name>
         <load_address>0xf54</load_address>
         <run_address>0xf54</run_address>
         <size>0x83</size>
         <input_file_ref idref="fl-72"/>
      </object_component>
      <object_component id="oc-1a6">
         <name>.text</name>
         <load_address>0x14ec</load_address>
         <run_address>0x14ec</run_address>
         <size>0x9</size>
         <input_file_ref idref="fl-73"/>
      </object_component>
      <object_component id="oc-1ab">
         <name>.text</name>
         <load_address>0x14ba</load_address>
         <run_address>0x14ba</run_address>
         <size>0xe</size>
         <input_file_ref idref="fl-74"/>
      </object_component>
      <object_component id="oc-1b0">
         <name>.text</name>
         <load_address>0x1351</load_address>
         <run_address>0x1351</run_address>
         <size>0x21</size>
         <input_file_ref idref="fl-75"/>
      </object_component>
      <object_component id="oc-1b5">
         <name>.text</name>
         <load_address>0x1372</load_address>
         <run_address>0x1372</run_address>
         <size>0x1f</size>
         <input_file_ref idref="fl-76"/>
      </object_component>
      <object_component id="oc-1ba">
         <name>.text</name>
         <load_address>0x148b</load_address>
         <run_address>0x148b</run_address>
         <size>0x18</size>
         <input_file_ref idref="fl-77"/>
      </object_component>
      <object_component id="oc-1bf">
         <name>.text</name>
         <load_address>0x13cc</load_address>
         <run_address>0x13cc</run_address>
         <size>0x1d</size>
         <input_file_ref idref="fl-78"/>
      </object_component>
      <object_component id="oc-1c4">
         <name>.text</name>
         <load_address>0x1422</load_address>
         <run_address>0x1422</run_address>
         <size>0x1c</size>
         <input_file_ref idref="fl-79"/>
      </object_component>
      <object_component id="oc-1c9">
         <name>.text</name>
         <load_address>0x1406</load_address>
         <run_address>0x1406</run_address>
         <size>0x1c</size>
         <input_file_ref idref="fl-7a"/>
      </object_component>
      <object_component id="oc-1ce">
         <name>.text</name>
         <load_address>0xec9</load_address>
         <run_address>0xec9</run_address>
         <size>0x8b</size>
         <input_file_ref idref="fl-7b"/>
      </object_component>
      <object_component id="oc-1d3">
         <name>.text</name>
         <load_address>0xe2d</load_address>
         <run_address>0xe2d</run_address>
         <size>0x9c</size>
         <input_file_ref idref="fl-80"/>
      </object_component>
      <object_component id="oc-1e0">
         <name>.text</name>
         <load_address>0x13e9</load_address>
         <run_address>0x13e9</run_address>
         <size>0x1d</size>
         <input_file_ref idref="fl-52"/>
      </object_component>
      <object_component id="oc-1ee">
         <name>.text</name>
         <load_address>0x1519</load_address>
         <run_address>0x1519</run_address>
         <size>0x1</size>
         <input_file_ref idref="fl-56"/>
      </object_component>
      <object_component id="oc-1dd">
         <name>.text</name>
         <load_address>0x11e8</load_address>
         <run_address>0x11e8</run_address>
         <size>0x34</size>
         <input_file_ref idref="fl-39"/>
      </object_component>
      <object_component id="oc-1ef">
         <name>.text</name>
         <load_address>0x4c6</load_address>
         <run_address>0x4c6</run_address>
         <size>0x1e5</size>
         <input_file_ref idref="fl-5e"/>
      </object_component>
      <object_component id="oc-1d9">
         <name>.text</name>
         <load_address>0x12e7</load_address>
         <run_address>0x12e7</run_address>
         <size>0x24</size>
         <input_file_ref idref="fl-51"/>
      </object_component>
      <object_component id="oc-1d8">
         <name>.text</name>
         <load_address>0x1517</load_address>
         <run_address>0x1517</run_address>
         <size>0x2</size>
         <input_file_ref idref="fl-53"/>
      </object_component>
      <object_component id="oc-1e3">
         <name>.text</name>
         <load_address>0x1511</load_address>
         <run_address>0x1511</run_address>
         <size>0x3</size>
         <input_file_ref idref="fl-3a"/>
      </object_component>
      <object_component id="oc-1f0">
         <name>.text</name>
         <load_address>0x1514</load_address>
         <run_address>0x1514</run_address>
         <size>0x3</size>
         <input_file_ref idref="fl-3d"/>
      </object_component>
      <object_component id="oc-1e4">
         <name>.text</name>
         <load_address>0x14c8</load_address>
         <run_address>0x14c8</run_address>
         <size>0xe</size>
         <input_file_ref idref="fl-3b"/>
      </object_component>
      <object_component id="oc-1e9">
         <name>.text</name>
         <load_address>0x1504</load_address>
         <run_address>0x1504</run_address>
         <size>0x5</size>
         <input_file_ref idref="fl-38"/>
      </object_component>
      <object_component id="oc-41">
         <name>.cinit</name>
         <load_address>0x50</load_address>
         <run_address>0x50</run_address>
         <size>0x24</size>
         <input_file_ref idref="fl-82"/>
      </object_component>
      <object_component id="oc-191">
         <name>.cinit</name>
         <load_address>0x74</load_address>
         <run_address>0x74</run_address>
         <size>0xe</size>
         <input_file_ref idref="fl-55"/>
      </object_component>
      <object_component id="oc-73">
         <name>.cinit</name>
         <load_address>0x82</load_address>
         <run_address>0x82</run_address>
         <size>0x9</size>
         <input_file_ref idref="fl-8"/>
      </object_component>
      <object_component id="oc-12d">
         <name>.cinit</name>
         <load_address>0x8b</load_address>
         <run_address>0x8b</run_address>
         <size>0x5</size>
         <input_file_ref idref="fl-23"/>
      </object_component>
      <object_component id="oc-55">
         <name>.pinit</name>
         <load_address>0x92</load_address>
         <run_address>0x92</run_address>
         <size>0x2</size>
         <input_file_ref idref="fl-3"/>
      </object_component>
      <object_component id="oc-75">
         <name>.pinit</name>
         <load_address>0x94</load_address>
         <run_address>0x94</run_address>
         <size>0x2</size>
         <input_file_ref idref="fl-8"/>
      </object_component>
      <object_component id="oc-13b">
         <name>.reset</name>
         <load_address>0x3fffc0</load_address>
         <run_address>0x3fffc0</run_address>
         <size>0x2</size>
         <input_file_ref idref="fl-41"/>
      </object_component>
      <object_component id="oc-13a">
         <name>.stack</name>
         <uninitialized>true</uninitialized>
         <run_address>0x480</run_address>
         <size>0x0</size>
         <input_file_ref idref="fl-41"/>
      </object_component>
      <object_component id="oc-23a">
         <name>.stack</name>
         <uninitialized>true</uninitialized>
         <run_address>0x480</run_address>
         <size>0x0</size>
      </object_component>
      <object_component id="oc-54">
         <name>.ebss</name>
         <uninitialized>true</uninitialized>
         <run_address>0x9000</run_address>
         <size>0xac</size>
         <input_file_ref idref="fl-3"/>
      </object_component>
      <object_component id="oc-6c">
         <name>.ebss</name>
         <uninitialized>true</uninitialized>
         <run_address>0x9170</run_address>
         <size>0x1</size>
         <input_file_ref idref="fl-7"/>
      </object_component>
      <object_component id="oc-74">
         <name>.ebss</name>
         <uninitialized>true</uninitialized>
         <run_address>0x90c0</run_address>
         <size>0x90</size>
         <input_file_ref idref="fl-8"/>
      </object_component>
      <object_component id="oc-a1">
         <name>.ebss</name>
         <uninitialized>true</uninitialized>
         <run_address>0x9150</run_address>
         <size>0x18</size>
         <input_file_ref idref="fl-10"/>
      </object_component>
      <object_component id="oc-d5">
         <name>.ebss</name>
         <uninitialized>true</uninitialized>
         <run_address>0x90be</run_address>
         <size>0x2</size>
         <input_file_ref idref="fl-1a"/>
      </object_component>
      <object_component id="oc-12e">
         <name>.ebss</name>
         <uninitialized>true</uninitialized>
         <run_address>0x916c</run_address>
         <size>0x2</size>
         <input_file_ref idref="fl-23"/>
      </object_component>
      <object_component id="oc-192">
         <name>.ebss</name>
         <uninitialized>true</uninitialized>
         <run_address>0x90b8</run_address>
         <size>0x6</size>
         <input_file_ref idref="fl-55"/>
      </object_component>
      <object_component id="oc-42">
         <name>.ebss</name>
         <uninitialized>true</uninitialized>
         <run_address>0x90ac</run_address>
         <size>0xc</size>
         <input_file_ref idref="fl-39"/>
      </object_component>
      <object_component id="oc-43">
         <name>.ebss</name>
         <uninitialized>true</uninitialized>
         <run_address>0x9168</run_address>
         <size>0x4</size>
         <input_file_ref idref="fl-5e"/>
      </object_component>
      <object_component id="oc-44">
         <name>.ebss</name>
         <uninitialized>true</uninitialized>
         <run_address>0x9171</run_address>
         <size>0x1</size>
         <input_file_ref idref="fl-6c"/>
      </object_component>
      <object_component id="oc-46">
         <name>.ebss</name>
         <uninitialized>true</uninitialized>
         <run_address>0x916e</run_address>
         <size>0x2</size>
         <input_file_ref idref="fl-60"/>
      </object_component>
      <object_component id="oc-49">
         <name>.econst:.string</name>
         <load_address>0x9172</load_address>
         <run_address>0x9172</run_address>
         <size>0x26</size>
         <input_file_ref idref="fl-82"/>
      </object_component>
      <object_component id="oc-48">
         <name>.econst</name>
         <load_address>0x9198</load_address>
         <run_address>0x9198</run_address>
         <size>0x24</size>
         <input_file_ref idref="fl-82"/>
      </object_component>
      <object_component id="oc-1e7">
         <name>.econst:___vtbl__14HardwareSerial</name>
         <load_address>0x91bc</load_address>
         <run_address>0x91bc</run_address>
         <size>0x20</size>
         <input_file_ref idref="fl-3"/>
      </object_component>
      <object_component id="oc-1e6">
         <name>.econst:___vtbl__6Stream</name>
         <load_address>0x91dc</load_address>
         <run_address>0x91dc</run_address>
         <size>0x20</size>
         <input_file_ref idref="fl-3"/>
      </object_component>
      <object_component id="oc-5b">
         <name>.econst:.string</name>
         <load_address>0x91fc</load_address>
         <run_address>0x91fc</run_address>
         <size>0x19</size>
         <input_file_ref idref="fl-4"/>
      </object_component>
      <object_component id="oc-1e5">
         <name>.econst:___vtbl__5Print</name>
         <load_address>0x9216</load_address>
         <run_address>0x9216</run_address>
         <size>0x10</size>
         <input_file_ref idref="fl-4"/>
      </object_component>
      <object_component id="oc-1eb">
         <name>.econst:___vtbl__7TwoWire</name>
         <load_address>0x9226</load_address>
         <run_address>0x9226</run_address>
         <size>0xc</size>
         <input_file_ref idref="fl-8"/>
      </object_component>
      <object_component id="oc-1e8">
         <name>.econst:___vtbl__8WireBase</name>
         <load_address>0x9232</load_address>
         <run_address>0x9232</run_address>
         <size>0xc</size>
         <input_file_ref idref="fl-9"/>
      </object_component>
      <object_component id="oc-8b">
         <name>.econst:.string</name>
         <load_address>0x923e</load_address>
         <run_address>0x923e</run_address>
         <size>0x9</size>
         <input_file_ref idref="fl-c"/>
      </object_component>
      <object_component id="oc-80">
         <name>.econst:.string</name>
         <load_address>0x9248</load_address>
         <run_address>0x9248</run_address>
         <size>0x9</size>
         <input_file_ref idref="fl-a"/>
      </object_component>
      <object_component id="oc-1e2">
         <name>.econst:__lock</name>
         <load_address>0x9252</load_address>
         <run_address>0x9252</run_address>
         <size>0x2</size>
         <input_file_ref idref="fl-56"/>
      </object_component>
      <object_component id="oc-45">
         <name>.econst</name>
         <load_address>0x9254</load_address>
         <run_address>0x9254</run_address>
         <size>0x2</size>
         <input_file_ref idref="fl-3e"/>
      </object_component>
      <object_component id="oc-61">
         <name>.econst:.string</name>
         <load_address>0x9256</load_address>
         <run_address>0x9256</run_address>
         <size>0x1</size>
         <input_file_ref idref="fl-5"/>
      </object_component>
      <object_component id="oc-6d">
         <name>.econst:.string</name>
         <load_address>0x9258</load_address>
         <run_address>0x9258</run_address>
         <size>0x1</size>
         <input_file_ref idref="fl-7"/>
      </object_component>
      <object_component id="oc-47">
         <name>.esysmem</name>
         <uninitialized>true</uninitialized>
         <run_address>0x8c00</run_address>
         <size>0x4</size>
         <input_file_ref idref="fl-5e"/>
      </object_component>
      <object_component id="oc-23b">
         <name>.esysmem</name>
         <uninitialized>true</uninitialized>
         <run_address>0x8c00</run_address>
         <size>0x0</size>
      </object_component>
      <object_component id="oc-129">
         <name>PieVectTableFile</name>
         <uninitialized>true</uninitialized>
         <run_address>0xd00</run_address>
         <size>0x100</size>
         <input_file_ref idref="fl-22"/>
      </object_component>
      <object_component id="oc-ff">
         <name>EmuKeyVar</name>
         <uninitialized>true</uninitialized>
         <run_address>0xd00</run_address>
         <size>0x1</size>
         <input_file_ref idref="fl-22"/>
      </object_component>
      <object_component id="oc-100">
         <name>EmuBModeVar</name>
         <uninitialized>true</uninitialized>
         <run_address>0xd01</run_address>
         <size>0x1</size>
         <input_file_ref idref="fl-22"/>
      </object_component>
      <object_component id="oc-102">
         <name>FlashCallbackVar</name>
         <uninitialized>true</uninitialized>
         <run_address>0xd02</run_address>
         <size>0x2</size>
         <input_file_ref idref="fl-22"/>
      </object_component>
      <object_component id="oc-101">
         <name>FlashScalingVar</name>
         <uninitialized>true</uninitialized>
         <run_address>0xd04</run_address>
         <size>0x2</size>
         <input_file_ref idref="fl-22"/>
      </object_component>
      <object_component id="oc-12a">
         <name>DevEmuRegsFile</name>
         <uninitialized>true</uninitialized>
         <run_address>0x880</run_address>
         <size>0x106</size>
         <input_file_ref idref="fl-22"/>
      </object_component>
      <object_component id="oc-107">
         <name>FlashRegsFile</name>
         <uninitialized>true</uninitialized>
         <run_address>0xa80</run_address>
         <size>0x8</size>
         <input_file_ref idref="fl-22"/>
      </object_component>
      <object_component id="oc-109">
         <name>CsmRegsFile</name>
         <uninitialized>true</uninitialized>
         <run_address>0xae0</run_address>
         <size>0x10</size>
         <input_file_ref idref="fl-22"/>
      </object_component>
      <object_component id="oc-113">
         <name>AdcResultFile</name>
         <uninitialized>true</uninitialized>
         <run_address>0xb00</run_address>
         <size>0x20</size>
         <input_file_ref idref="fl-22"/>
      </object_component>
      <object_component id="oc-103">
         <name>CpuTimer0RegsFile</name>
         <uninitialized>true</uninitialized>
         <run_address>0xc00</run_address>
         <size>0x8</size>
         <input_file_ref idref="fl-22"/>
      </object_component>
      <object_component id="oc-104">
         <name>CpuTimer1RegsFile</name>
         <uninitialized>true</uninitialized>
         <run_address>0xc08</run_address>
         <size>0x8</size>
         <input_file_ref idref="fl-22"/>
      </object_component>
      <object_component id="oc-105">
         <name>CpuTimer2RegsFile</name>
         <uninitialized>true</uninitialized>
         <run_address>0xc10</run_address>
         <size>0x8</size>
         <input_file_ref idref="fl-22"/>
      </object_component>
      <object_component id="oc-112">
         <name>PieCtrlRegsFile</name>
         <uninitialized>true</uninitialized>
         <run_address>0xce0</run_address>
         <size>0x1a</size>
         <input_file_ref idref="fl-22"/>
      </object_component>
      <object_component id="oc-123">
         <name>Cla1RegsFile</name>
         <uninitialized>true</uninitialized>
         <run_address>0x1400</run_address>
         <size>0x40</size>
         <input_file_ref idref="fl-22"/>
      </object_component>
      <object_component id="oc-118">
         <name>ECanaRegsFile</name>
         <uninitialized>true</uninitialized>
         <run_address>0x6000</run_address>
         <size>0x34</size>
         <input_file_ref idref="fl-22"/>
      </object_component>
      <object_component id="oc-120">
         <name>ECanaLAMRegsFile</name>
         <uninitialized>true</uninitialized>
         <run_address>0x6040</run_address>
         <size>0x40</size>
         <input_file_ref idref="fl-22"/>
      </object_component>
      <object_component id="oc-128">
         <name>ECanaMboxesFile</name>
         <uninitialized>true</uninitialized>
         <run_address>0x6100</run_address>
         <size>0x100</size>
         <input_file_ref idref="fl-22"/>
      </object_component>
      <object_component id="oc-121">
         <name>ECanaMOTSRegsFile</name>
         <uninitialized>true</uninitialized>
         <run_address>0x6080</run_address>
         <size>0x40</size>
         <input_file_ref idref="fl-22"/>
      </object_component>
      <object_component id="oc-122">
         <name>ECanaMOTORegsFile</name>
         <uninitialized>true</uninitialized>
         <run_address>0x60c0</run_address>
         <size>0x40</size>
         <input_file_ref idref="fl-22"/>
      </object_component>
      <object_component id="oc-114">
         <name>ECap1RegsFile</name>
         <uninitialized>true</uninitialized>
         <run_address>0x6a00</run_address>
         <size>0x20</size>
         <input_file_ref idref="fl-22"/>
      </object_component>
      <object_component id="oc-124">
         <name>EQep1RegsFile</name>
         <uninitialized>true</uninitialized>
         <run_address>0x6b00</run_address>
         <size>0x40</size>
         <input_file_ref idref="fl-22"/>
      </object_component>
      <object_component id="oc-126">
         <name>LinaRegsFile</name>
         <uninitialized>true</uninitialized>
         <run_address>0x6c00</run_address>
         <size>0x4a</size>
         <input_file_ref idref="fl-22"/>
      </object_component>
      <object_component id="oc-125">
         <name>GpioCtrlRegsFile</name>
         <uninitialized>true</uninitialized>
         <run_address>0x6f80</run_address>
         <size>0x40</size>
         <input_file_ref idref="fl-22"/>
      </object_component>
      <object_component id="oc-115">
         <name>GpioDataRegsFile</name>
         <uninitialized>true</uninitialized>
         <run_address>0x6fc0</run_address>
         <size>0x20</size>
         <input_file_ref idref="fl-22"/>
      </object_component>
      <object_component id="oc-108">
         <name>GpioIntRegsFile</name>
         <uninitialized>true</uninitialized>
         <run_address>0x6fe0</run_address>
         <size>0xc</size>
         <input_file_ref idref="fl-22"/>
      </object_component>
      <object_component id="oc-116">
         <name>SysCtrlRegsFile</name>
         <uninitialized>true</uninitialized>
         <run_address>0x7010</run_address>
         <size>0x20</size>
         <input_file_ref idref="fl-22"/>
      </object_component>
      <object_component id="oc-10c">
         <name>SpiaRegsFile</name>
         <uninitialized>true</uninitialized>
         <run_address>0x7040</run_address>
         <size>0x10</size>
         <input_file_ref idref="fl-22"/>
      </object_component>
      <object_component id="oc-10d">
         <name>SpibRegsFile</name>
         <uninitialized>true</uninitialized>
         <run_address>0x7740</run_address>
         <size>0x10</size>
         <input_file_ref idref="fl-22"/>
      </object_component>
      <object_component id="oc-10b">
         <name>SciaRegsFile</name>
         <uninitialized>true</uninitialized>
         <run_address>0x7050</run_address>
         <size>0x10</size>
         <input_file_ref idref="fl-22"/>
      </object_component>
      <object_component id="oc-10a">
         <name>NmiIntruptRegsFile</name>
         <uninitialized>true</uninitialized>
         <run_address>0x7060</run_address>
         <size>0x10</size>
         <input_file_ref idref="fl-22"/>
      </object_component>
      <object_component id="oc-10e">
         <name>XIntruptRegsFile</name>
         <uninitialized>true</uninitialized>
         <run_address>0x7070</run_address>
         <size>0x10</size>
         <input_file_ref idref="fl-22"/>
      </object_component>
      <object_component id="oc-127">
         <name>AdcRegsFile</name>
         <uninitialized>true</uninitialized>
         <run_address>0x7100</run_address>
         <size>0x50</size>
         <input_file_ref idref="fl-22"/>
      </object_component>
      <object_component id="oc-117">
         <name>I2caRegsFile</name>
         <uninitialized>true</uninitialized>
         <run_address>0x7900</run_address>
         <size>0x22</size>
         <input_file_ref idref="fl-22"/>
      </object_component>
      <object_component id="oc-10f">
         <name>Comp1RegsFile</name>
         <uninitialized>true</uninitialized>
         <run_address>0x6400</run_address>
         <size>0x11</size>
         <input_file_ref idref="fl-22"/>
      </object_component>
      <object_component id="oc-110">
         <name>Comp2RegsFile</name>
         <uninitialized>true</uninitialized>
         <run_address>0x6420</run_address>
         <size>0x11</size>
         <input_file_ref idref="fl-22"/>
      </object_component>
      <object_component id="oc-111">
         <name>Comp3RegsFile</name>
         <uninitialized>true</uninitialized>
         <run_address>0x6440</run_address>
         <size>0x11</size>
         <input_file_ref idref="fl-22"/>
      </object_component>
      <object_component id="oc-119">
         <name>EPwm1RegsFile</name>
         <uninitialized>true</uninitialized>
         <run_address>0x6800</run_address>
         <size>0x3a</size>
         <input_file_ref idref="fl-22"/>
      </object_component>
      <object_component id="oc-11a">
         <name>EPwm2RegsFile</name>
         <uninitialized>true</uninitialized>
         <run_address>0x6840</run_address>
         <size>0x3a</size>
         <input_file_ref idref="fl-22"/>
      </object_component>
      <object_component id="oc-11b">
         <name>EPwm3RegsFile</name>
         <uninitialized>true</uninitialized>
         <run_address>0x6880</run_address>
         <size>0x3a</size>
         <input_file_ref idref="fl-22"/>
      </object_component>
      <object_component id="oc-11c">
         <name>EPwm4RegsFile</name>
         <uninitialized>true</uninitialized>
         <run_address>0x68c0</run_address>
         <size>0x3a</size>
         <input_file_ref idref="fl-22"/>
      </object_component>
      <object_component id="oc-11d">
         <name>EPwm5RegsFile</name>
         <uninitialized>true</uninitialized>
         <run_address>0x6900</run_address>
         <size>0x3a</size>
         <input_file_ref idref="fl-22"/>
      </object_component>
      <object_component id="oc-11e">
         <name>EPwm6RegsFile</name>
         <uninitialized>true</uninitialized>
         <run_address>0x6940</run_address>
         <size>0x3a</size>
         <input_file_ref idref="fl-22"/>
      </object_component>
      <object_component id="oc-11f">
         <name>EPwm7RegsFile</name>
         <uninitialized>true</uninitialized>
         <run_address>0x6980</run_address>
         <size>0x3a</size>
         <input_file_ref idref="fl-22"/>
      </object_component>
      <object_component id="oc-106">
         <name>CsmPwlFile</name>
         <uninitialized>true</uninitialized>
         <run_address>0x3f7ff8</run_address>
         <size>0x8</size>
         <input_file_ref idref="fl-22"/>
      </object_component>
      <object_component id="oc-fe">
         <name>PartIdRegsFile</name>
         <uninitialized>true</uninitialized>
         <run_address>0x3d7e80</run_address>
         <size>0x1</size>
         <input_file_ref idref="fl-22"/>
      </object_component>
      <object_component id="oc-4e">
         <name>.debug_info</name>
         <load_address>0x0</load_address>
         <run_address>0x0</run_address>
         <size>0xbd0</size>
         <input_file_ref idref="fl-2"/>
      </object_component>
      <object_component id="oc-53">
         <name>.debug_info</name>
         <load_address>0xbd0</load_address>
         <run_address>0xbd0</run_address>
         <size>0x4725</size>
         <input_file_ref idref="fl-3"/>
      </object_component>
      <object_component id="oc-5a">
         <name>.debug_info</name>
         <load_address>0x52f5</load_address>
         <run_address>0x52f5</run_address>
         <size>0x5486</size>
         <input_file_ref idref="fl-4"/>
      </object_component>
      <object_component id="oc-60">
         <name>.debug_info</name>
         <load_address>0xa77b</load_address>
         <run_address>0xa77b</run_address>
         <size>0x34aa</size>
         <input_file_ref idref="fl-5"/>
      </object_component>
      <object_component id="oc-66">
         <name>.debug_info</name>
         <load_address>0xdc25</load_address>
         <run_address>0xdc25</run_address>
         <size>0x2ea</size>
         <input_file_ref idref="fl-6"/>
      </object_component>
      <object_component id="oc-6b">
         <name>.debug_info</name>
         <load_address>0xdf0f</load_address>
         <run_address>0xdf0f</run_address>
         <size>0x220d</size>
         <input_file_ref idref="fl-7"/>
      </object_component>
      <object_component id="oc-72">
         <name>.debug_info</name>
         <load_address>0x1011c</load_address>
         <run_address>0x1011c</run_address>
         <size>0x1ecd</size>
         <input_file_ref idref="fl-8"/>
      </object_component>
      <object_component id="oc-7a">
         <name>.debug_info</name>
         <load_address>0x11fe9</load_address>
         <run_address>0x11fe9</run_address>
         <size>0x166a</size>
         <input_file_ref idref="fl-9"/>
      </object_component>
      <object_component id="oc-7f">
         <name>.debug_info</name>
         <load_address>0x13653</load_address>
         <run_address>0x13653</run_address>
         <size>0x31e</size>
         <input_file_ref idref="fl-a"/>
      </object_component>
      <object_component id="oc-85">
         <name>.debug_info</name>
         <load_address>0x13971</load_address>
         <run_address>0x13971</run_address>
         <size>0x2e1</size>
         <input_file_ref idref="fl-b"/>
      </object_component>
      <object_component id="oc-8a">
         <name>.debug_info</name>
         <load_address>0x13c52</load_address>
         <run_address>0x13c52</run_address>
         <size>0x322</size>
         <input_file_ref idref="fl-c"/>
      </object_component>
      <object_component id="oc-90">
         <name>.debug_info</name>
         <load_address>0x13f74</load_address>
         <run_address>0x13f74</run_address>
         <size>0x3ab9</size>
         <input_file_ref idref="fl-d"/>
      </object_component>
      <object_component id="oc-98">
         <name>.debug_info</name>
         <load_address>0x17a2d</load_address>
         <run_address>0x17a2d</run_address>
         <size>0x1a1</size>
         <input_file_ref idref="fl-e"/>
      </object_component>
      <object_component id="oc-9b">
         <name>.debug_info</name>
         <load_address>0x17bce</load_address>
         <run_address>0x17bce</run_address>
         <size>0x14cb</size>
         <input_file_ref idref="fl-f"/>
      </object_component>
      <object_component id="oc-a0">
         <name>.debug_info</name>
         <load_address>0x19099</load_address>
         <run_address>0x19099</run_address>
         <size>0x7c9</size>
         <input_file_ref idref="fl-10"/>
      </object_component>
      <object_component id="oc-a8">
         <name>.debug_info</name>
         <load_address>0x19862</load_address>
         <run_address>0x19862</run_address>
         <size>0x13f</size>
         <input_file_ref idref="fl-11"/>
      </object_component>
      <object_component id="oc-ab">
         <name>.debug_info</name>
         <load_address>0x199a1</load_address>
         <run_address>0x199a1</run_address>
         <size>0x35a0</size>
         <input_file_ref idref="fl-12"/>
      </object_component>
      <object_component id="oc-b3">
         <name>.debug_info</name>
         <load_address>0x1cf41</load_address>
         <run_address>0x1cf41</run_address>
         <size>0x145</size>
         <input_file_ref idref="fl-13"/>
      </object_component>
      <object_component id="oc-b6">
         <name>.debug_info</name>
         <load_address>0x1d086</load_address>
         <run_address>0x1d086</run_address>
         <size>0x5681</size>
         <input_file_ref idref="fl-14"/>
      </object_component>
      <object_component id="oc-bb">
         <name>.debug_info</name>
         <load_address>0x22707</load_address>
         <run_address>0x22707</run_address>
         <size>0x14cb</size>
         <input_file_ref idref="fl-15"/>
      </object_component>
      <object_component id="oc-c0">
         <name>.debug_info</name>
         <load_address>0x23bd2</load_address>
         <run_address>0x23bd2</run_address>
         <size>0x14cb</size>
         <input_file_ref idref="fl-16"/>
      </object_component>
      <object_component id="oc-c5">
         <name>.debug_info</name>
         <load_address>0x2509d</load_address>
         <run_address>0x2509d</run_address>
         <size>0x14cb</size>
         <input_file_ref idref="fl-17"/>
      </object_component>
      <object_component id="oc-ca">
         <name>.debug_info</name>
         <load_address>0x26568</load_address>
         <run_address>0x26568</run_address>
         <size>0x14cb</size>
         <input_file_ref idref="fl-18"/>
      </object_component>
      <object_component id="oc-cf">
         <name>.debug_info</name>
         <load_address>0x27a33</load_address>
         <run_address>0x27a33</run_address>
         <size>0x14ca</size>
         <input_file_ref idref="fl-19"/>
      </object_component>
      <object_component id="oc-d4">
         <name>.debug_info</name>
         <load_address>0x28efd</load_address>
         <run_address>0x28efd</run_address>
         <size>0x35e9</size>
         <input_file_ref idref="fl-1a"/>
      </object_component>
      <object_component id="oc-da">
         <name>.debug_info</name>
         <load_address>0x2c4e6</load_address>
         <run_address>0x2c4e6</run_address>
         <size>0x2f8</size>
         <input_file_ref idref="fl-1b"/>
      </object_component>
      <object_component id="oc-df">
         <name>.debug_info</name>
         <load_address>0x2c7de</load_address>
         <run_address>0x2c7de</run_address>
         <size>0xa09</size>
         <input_file_ref idref="fl-1c"/>
      </object_component>
      <object_component id="oc-e4">
         <name>.debug_info</name>
         <load_address>0x2d1e7</load_address>
         <run_address>0x2d1e7</run_address>
         <size>0x20f8</size>
         <input_file_ref idref="fl-1d"/>
      </object_component>
      <object_component id="oc-e9">
         <name>.debug_info</name>
         <load_address>0x2f2df</load_address>
         <run_address>0x2f2df</run_address>
         <size>0x14ca</size>
         <input_file_ref idref="fl-1e"/>
      </object_component>
      <object_component id="oc-ee">
         <name>.debug_info</name>
         <load_address>0x307a9</load_address>
         <run_address>0x307a9</run_address>
         <size>0x14ca</size>
         <input_file_ref idref="fl-1f"/>
      </object_component>
      <object_component id="oc-f3">
         <name>.debug_info</name>
         <load_address>0x31c73</load_address>
         <run_address>0x31c73</run_address>
         <size>0x3403</size>
         <input_file_ref idref="fl-20"/>
      </object_component>
      <object_component id="oc-fa">
         <name>.debug_info</name>
         <load_address>0x35076</load_address>
         <run_address>0x35076</run_address>
         <size>0x141</size>
         <input_file_ref idref="fl-21"/>
      </object_component>
      <object_component id="oc-fd">
         <name>.debug_info</name>
         <load_address>0x351b7</load_address>
         <run_address>0x351b7</run_address>
         <size>0x1333e</size>
         <input_file_ref idref="fl-22"/>
      </object_component>
      <object_component id="oc-12c">
         <name>.debug_info</name>
         <load_address>0x484f5</load_address>
         <run_address>0x484f5</run_address>
         <size>0x541</size>
         <input_file_ref idref="fl-23"/>
      </object_component>
      <object_component id="oc-133">
         <name>.debug_info</name>
         <load_address>0x48a36</load_address>
         <run_address>0x48a36</run_address>
         <size>0x181</size>
         <input_file_ref idref="fl-24"/>
      </object_component>
      <object_component id="oc-135">
         <name>.debug_info</name>
         <load_address>0x48bb7</load_address>
         <run_address>0x48bb7</run_address>
         <size>0x40c</size>
         <input_file_ref idref="fl-25"/>
      </object_component>
      <object_component id="oc-13c">
         <name>.debug_info</name>
         <load_address>0x48fc3</load_address>
         <run_address>0x48fc3</run_address>
         <size>0x174</size>
         <input_file_ref idref="fl-41"/>
      </object_component>
      <object_component id="oc-141">
         <name>.debug_info</name>
         <load_address>0x49137</load_address>
         <run_address>0x49137</run_address>
         <size>0x115</size>
         <input_file_ref idref="fl-42"/>
      </object_component>
      <object_component id="oc-146">
         <name>.debug_info</name>
         <load_address>0x4924c</load_address>
         <run_address>0x4924c</run_address>
         <size>0x115</size>
         <input_file_ref idref="fl-43"/>
      </object_component>
      <object_component id="oc-14b">
         <name>.debug_info</name>
         <load_address>0x49361</load_address>
         <run_address>0x49361</run_address>
         <size>0x115</size>
         <input_file_ref idref="fl-44"/>
      </object_component>
      <object_component id="oc-150">
         <name>.debug_info</name>
         <load_address>0x49476</load_address>
         <run_address>0x49476</run_address>
         <size>0x115</size>
         <input_file_ref idref="fl-45"/>
      </object_component>
      <object_component id="oc-155">
         <name>.debug_info</name>
         <load_address>0x4958b</load_address>
         <run_address>0x4958b</run_address>
         <size>0x115</size>
         <input_file_ref idref="fl-46"/>
      </object_component>
      <object_component id="oc-15a">
         <name>.debug_info</name>
         <load_address>0x496a0</load_address>
         <run_address>0x496a0</run_address>
         <size>0x121</size>
         <input_file_ref idref="fl-47"/>
      </object_component>
      <object_component id="oc-15f">
         <name>.debug_info</name>
         <load_address>0x497c1</load_address>
         <run_address>0x497c1</run_address>
         <size>0x121</size>
         <input_file_ref idref="fl-48"/>
      </object_component>
      <object_component id="oc-164">
         <name>.debug_info</name>
         <load_address>0x498e2</load_address>
         <run_address>0x498e2</run_address>
         <size>0x14f</size>
         <input_file_ref idref="fl-49"/>
      </object_component>
      <object_component id="oc-169">
         <name>.debug_info</name>
         <load_address>0x49a31</load_address>
         <run_address>0x49a31</run_address>
         <size>0x232</size>
         <input_file_ref idref="fl-4a"/>
      </object_component>
      <object_component id="oc-16e">
         <name>.debug_info</name>
         <load_address>0x49c63</load_address>
         <run_address>0x49c63</run_address>
         <size>0x11f</size>
         <input_file_ref idref="fl-4b"/>
      </object_component>
      <object_component id="oc-173">
         <name>.debug_info</name>
         <load_address>0x49d82</load_address>
         <run_address>0x49d82</run_address>
         <size>0x142</size>
         <input_file_ref idref="fl-4c"/>
      </object_component>
      <object_component id="oc-178">
         <name>.debug_info</name>
         <load_address>0x49ec4</load_address>
         <run_address>0x49ec4</run_address>
         <size>0x11f</size>
         <input_file_ref idref="fl-4d"/>
      </object_component>
      <object_component id="oc-17d">
         <name>.debug_info</name>
         <load_address>0x49fe3</load_address>
         <run_address>0x49fe3</run_address>
         <size>0x1a6</size>
         <input_file_ref idref="fl-4e"/>
      </object_component>
      <object_component id="oc-182">
         <name>.debug_info</name>
         <load_address>0x4a189</load_address>
         <run_address>0x4a189</run_address>
         <size>0x124</size>
         <input_file_ref idref="fl-4f"/>
      </object_component>
      <object_component id="oc-187">
         <name>.debug_info</name>
         <load_address>0x4a2ad</load_address>
         <run_address>0x4a2ad</run_address>
         <size>0x11c</size>
         <input_file_ref idref="fl-50"/>
      </object_component>
      <object_component id="oc-18b">
         <name>.debug_info</name>
         <load_address>0x4a3c9</load_address>
         <run_address>0x4a3c9</run_address>
         <size>0x344</size>
         <input_file_ref idref="fl-54"/>
      </object_component>
      <object_component id="oc-190">
         <name>.debug_info</name>
         <load_address>0x4a70d</load_address>
         <run_address>0x4a70d</run_address>
         <size>0x4de</size>
         <input_file_ref idref="fl-55"/>
      </object_component>
      <object_component id="oc-197">
         <name>.debug_info</name>
         <load_address>0x4abeb</load_address>
         <run_address>0x4abeb</run_address>
         <size>0x401</size>
         <input_file_ref idref="fl-57"/>
      </object_component>
      <object_component id="oc-19d">
         <name>.debug_info</name>
         <load_address>0x4afec</load_address>
         <run_address>0x4afec</run_address>
         <size>0x121</size>
         <input_file_ref idref="fl-71"/>
      </object_component>
      <object_component id="oc-1a2">
         <name>.debug_info</name>
         <load_address>0x4b10d</load_address>
         <run_address>0x4b10d</run_address>
         <size>0x115</size>
         <input_file_ref idref="fl-72"/>
      </object_component>
      <object_component id="oc-1a7">
         <name>.debug_info</name>
         <load_address>0x4b222</load_address>
         <run_address>0x4b222</run_address>
         <size>0x115</size>
         <input_file_ref idref="fl-73"/>
      </object_component>
      <object_component id="oc-1ac">
         <name>.debug_info</name>
         <load_address>0x4b337</load_address>
         <run_address>0x4b337</run_address>
         <size>0x123</size>
         <input_file_ref idref="fl-74"/>
      </object_component>
      <object_component id="oc-1b1">
         <name>.debug_info</name>
         <load_address>0x4b45a</load_address>
         <run_address>0x4b45a</run_address>
         <size>0x115</size>
         <input_file_ref idref="fl-75"/>
      </object_component>
      <object_component id="oc-1b6">
         <name>.debug_info</name>
         <load_address>0x4b56f</load_address>
         <run_address>0x4b56f</run_address>
         <size>0x115</size>
         <input_file_ref idref="fl-76"/>
      </object_component>
      <object_component id="oc-1bb">
         <name>.debug_info</name>
         <load_address>0x4b684</load_address>
         <run_address>0x4b684</run_address>
         <size>0x177</size>
         <input_file_ref idref="fl-77"/>
      </object_component>
      <object_component id="oc-1c0">
         <name>.debug_info</name>
         <load_address>0x4b7fb</load_address>
         <run_address>0x4b7fb</run_address>
         <size>0x119</size>
         <input_file_ref idref="fl-78"/>
      </object_component>
      <object_component id="oc-1c5">
         <name>.debug_info</name>
         <load_address>0x4b914</load_address>
         <run_address>0x4b914</run_address>
         <size>0x119</size>
         <input_file_ref idref="fl-79"/>
      </object_component>
      <object_component id="oc-1ca">
         <name>.debug_info</name>
         <load_address>0x4ba2d</load_address>
         <run_address>0x4ba2d</run_address>
         <size>0x118</size>
         <input_file_ref idref="fl-7a"/>
      </object_component>
      <object_component id="oc-1cf">
         <name>.debug_info</name>
         <load_address>0x4bb45</load_address>
         <run_address>0x4bb45</run_address>
         <size>0x115</size>
         <input_file_ref idref="fl-7b"/>
      </object_component>
      <object_component id="oc-1d4">
         <name>.debug_info</name>
         <load_address>0x4bc5a</load_address>
         <run_address>0x4bc5a</run_address>
         <size>0x115</size>
         <input_file_ref idref="fl-80"/>
      </object_component>
      <object_component id="oc-40">
         <name>.debug_info</name>
         <load_address>0x4bd6f</load_address>
         <run_address>0x4bd6f</run_address>
         <size>0x1ded</size>
         <input_file_ref idref="fl-82"/>
      </object_component>
      <object_component id="oc-23c">
         <name>.debug_info</name>
         <load_address>0x4db5c</load_address>
         <run_address>0x4db5c</run_address>
         <size>0xa8</size>
      </object_component>
      <object_component id="oc-4f">
         <name>.debug_frame</name>
         <load_address>0x0</load_address>
         <run_address>0x0</run_address>
         <size>0x174</size>
         <input_file_ref idref="fl-2"/>
      </object_component>
      <object_component id="oc-56">
         <name>.debug_frame</name>
         <load_address>0x174</load_address>
         <run_address>0x174</run_address>
         <size>0x1c0</size>
         <input_file_ref idref="fl-3"/>
      </object_component>
      <object_component id="oc-5c">
         <name>.debug_frame</name>
         <load_address>0x334</load_address>
         <run_address>0x334</run_address>
         <size>0x4a4</size>
         <input_file_ref idref="fl-4"/>
      </object_component>
      <object_component id="oc-62">
         <name>.debug_frame</name>
         <load_address>0x7d8</load_address>
         <run_address>0x7d8</run_address>
         <size>0x20</size>
         <input_file_ref idref="fl-5"/>
      </object_component>
      <object_component id="oc-67">
         <name>.debug_frame</name>
         <load_address>0x7f8</load_address>
         <run_address>0x7f8</run_address>
         <size>0x20</size>
         <input_file_ref idref="fl-6"/>
      </object_component>
      <object_component id="oc-6e">
         <name>.debug_frame</name>
         <load_address>0x818</load_address>
         <run_address>0x818</run_address>
         <size>0x20</size>
         <input_file_ref idref="fl-7"/>
      </object_component>
      <object_component id="oc-76">
         <name>.debug_frame</name>
         <load_address>0x838</load_address>
         <run_address>0x838</run_address>
         <size>0x1f0</size>
         <input_file_ref idref="fl-8"/>
      </object_component>
      <object_component id="oc-7b">
         <name>.debug_frame</name>
         <load_address>0xa28</load_address>
         <run_address>0xa28</run_address>
         <size>0x1a8</size>
         <input_file_ref idref="fl-9"/>
      </object_component>
      <object_component id="oc-81">
         <name>.debug_frame</name>
         <load_address>0xbd0</load_address>
         <run_address>0xbd0</run_address>
         <size>0x20</size>
         <input_file_ref idref="fl-a"/>
      </object_component>
      <object_component id="oc-86">
         <name>.debug_frame</name>
         <load_address>0xbf0</load_address>
         <run_address>0xbf0</run_address>
[...]
         <object_component_ref idref="oc-ac"/>
      </symbol>
      <symbol id="sm-373">
         <name>_CLA1_INT4_ISR</name>
         <value>0x9a3</value>
         <object_component_ref idref="oc-ac"/>
      </symbol>
      <symbol id="sm-374">
         <name>_EQEP1_INT_ISR</name>
         <value>0x935</value>
         <object_component_ref idref="oc-ac"/>
      </symbol>
      <symbol id="sm-375">
         <name>_USER8_ISR</name>
         <value>0x8ae</value>
         <object_component_ref idref="oc-ac"/>
      </symbol>
      <symbol id="sm-376">
         <name>_EPWM1_INT_ISR</name>
         <value>0x90d</value>
         <object_component_ref idref="oc-ac"/>
      </symbol>
      <symbol id="sm-377">
         <name>_USER2_ISR</name>
         <value>0x890</value>
         <object_component_ref idref="oc-ac"/>
      </symbol>
      <symbol id="sm-378">
         <name>_CLA1_INT5_ISR</name>
         <value>0x9a8</value>
         <object_component_ref idref="oc-ac"/>
      </symbol>
      <symbol id="sm-379">
         <name>_LUF_ISR</name>
         <value>0x9c6</value>
         <object_component_ref idref="oc-ac"/>
      </symbol>
      <symbol id="sm-37a">
         <name>_LVF_ISR</name>
         <value>0x9c1</value>
         <object_component_ref idref="oc-ac"/>
      </symbol>
      <symbol id="sm-37b">
         <name>_SCITXINTA_ISR</name>
         <value>0x95d</value>
         <object_component_ref idref="oc-ac"/>
      </symbol>
      <symbol id="sm-37c">
         <name>_SCIRXINTA_ISR</name>
         <value>0x958</value>
         <object_component_ref idref="oc-ac"/>
      </symbol>
      <symbol id="sm-37d">
         <name>_rsvd_ISR</name>
         <value>0x9d5</value>
         <object_component_ref idref="oc-ac"/>
      </symbol>
      <symbol id="sm-389">
         <name>_DSP28x_DisableInt</name>
         <value>0x14fd</value>
         <object_component_ref idref="oc-b1"/>
      </symbol>
      <symbol id="sm-38a">
         <name>_DSP28x_RestoreInt</name>
         <value>0x1501</value>
         <object_component_ref idref="oc-b1"/>
      </symbol>
      <symbol id="sm-3cc">
         <name>_P1</name>
         <value>0x90bf</value>
         <object_component_ref idref="oc-d5"/>
      </symbol>
      <symbol id="sm-3cd">
         <name>_P0</name>
         <value>0x90be</value>
         <object_component_ref idref="oc-d5"/>
      </symbol>
      <symbol id="sm-40f">
         <name>_InitPll</name>
         <value>0xb3d</value>
         <object_component_ref idref="oc-1ec"/>
      </symbol>
      <symbol id="sm-410">
         <name>_IntOsc1Sel</name>
         <value>0xbff</value>
         <object_component_ref idref="oc-1ec"/>
      </symbol>
      <symbol id="sm-411">
         <name>_ExtOscSel</name>
         <value>0xc34</value>
         <object_component_ref idref="oc-1ec"/>
      </symbol>
      <symbol id="sm-412">
         <name>_DisableDog</name>
         <value>0xb35</value>
         <object_component_ref idref="oc-1ec"/>
      </symbol>
      <symbol id="sm-413">
         <name>_InitPeripheralClocks</name>
         <value>0xb92</value>
         <object_component_ref idref="oc-1ec"/>
      </symbol>
      <symbol id="sm-414">
         <name>_IntOsc2Sel</name>
         <value>0xc0f</value>
         <object_component_ref idref="oc-1ec"/>
      </symbol>
      <symbol id="sm-415">
         <name>_CsmUnlock</name>
         <value>0xbce</value>
         <object_component_ref idref="oc-1ec"/>
      </symbol>
      <symbol id="sm-416">
         <name>_ServiceDog</name>
         <value>0xb2b</value>
         <object_component_ref idref="oc-1ec"/>
      </symbol>
      <symbol id="sm-417">
         <name>_XtalOscSel</name>
         <value>0xc23</value>
         <object_component_ref idref="oc-1ec"/>
      </symbol>
      <symbol id="sm-418">
         <name>_InitSysCtrl</name>
         <value>0xb11</value>
         <object_component_ref idref="oc-1ec"/>
      </symbol>
      <symbol id="sm-424">
         <name>_DSP28x_usDelay</name>
         <value>0x98</value>
         <object_component_ref idref="oc-f8"/>
      </symbol>
      <symbol id="sm-484">
         <name>_GpioCtrlRegs</name>
         <value>0x6f80</value>
         <object_component_ref idref="oc-125"/>
      </symbol>
      <symbol id="sm-485">
         <name>_PieVectTable</name>
         <value>0xd00</value>
         <object_component_ref idref="oc-129"/>
      </symbol>
      <symbol id="sm-486">
         <name>_EmuBMode</name>
         <value>0xd01</value>
         <object_component_ref idref="oc-100"/>
      </symbol>
      <symbol id="sm-487">
         <name>_CsmRegs</name>
         <value>0xae0</value>
         <object_component_ref idref="oc-109"/>
      </symbol>
      <symbol id="sm-488">
         <name>_ECanaLAMRegs</name>
         <value>0x6040</value>
         <object_component_ref idref="oc-120"/>
      </symbol>
      <symbol id="sm-489">
         <name>_AdcResult</name>
         <value>0xb00</value>
         <object_component_ref idref="oc-113"/>
      </symbol>
      <symbol id="sm-48a">
         <name>_EPwm4Regs</name>
         <value>0x68c0</value>
         <object_component_ref idref="oc-11c"/>
      </symbol>
      <symbol id="sm-48b">
         <name>_CpuTimer1Regs</name>
         <value>0xc08</value>
         <object_component_ref idref="oc-104"/>
      </symbol>
      <symbol id="sm-48c">
         <name>_SysCtrlRegs</name>
         <value>0x7010</value>
         <object_component_ref idref="oc-116"/>
      </symbol>
      <symbol id="sm-48d">
         <name>_EPwm5Regs</name>
         <value>0x6900</value>
         <object_component_ref idref="oc-11d"/>
      </symbol>
      <symbol id="sm-48e">
         <name>_SpiaRegs</name>
         <value>0x7040</value>
         <object_component_ref idref="oc-10c"/>
      </symbol>
      <symbol id="sm-48f">
         <name>_ECanaMOTSRegs</name>
         <value>0x6080</value>
         <object_component_ref idref="oc-121"/>
      </symbol>
      <symbol id="sm-490">
         <name>_FlashRegs</name>
         <value>0xa80</value>
         <object_component_ref idref="oc-107"/>
      </symbol>
      <symbol id="sm-491">
         <name>_CpuTimer0Regs</name>
         <value>0xc00</value>
         <object_component_ref idref="oc-103"/>
      </symbol>
      <symbol id="sm-492">
         <name>_DevEmuRegs</name>
         <value>0x880</value>
         <object_component_ref idref="oc-12a"/>
      </symbol>
      <symbol id="sm-493">
         <name>_EPwm6Regs</name>
         <value>0x6940</value>
         <object_component_ref idref="oc-11e"/>
      </symbol>
      <symbol id="sm-494">
         <name>_Comp1Regs</name>
         <value>0x6400</value>
         <object_component_ref idref="oc-10f"/>
      </symbol>
      <symbol id="sm-495">
         <name>_SciaRegs</name>
         <value>0x7050</value>
         <object_component_ref idref="oc-10b"/>
      </symbol>
      <symbol id="sm-496">
         <name>_GpioDataRegs</name>
         <value>0x6fc0</value>
         <object_component_ref idref="oc-115"/>
      </symbol>
      <symbol id="sm-497">
         <name>_CsmPwl</name>
         <value>0x3f7ff8</value>
         <object_component_ref idref="oc-106"/>
      </symbol>
      <symbol id="sm-498">
         <name>_AdcRegs</name>
         <value>0x7100</value>
         <object_component_ref idref="oc-127"/>
      </symbol>
      <symbol id="sm-499">
         <name>_EPwm7Regs</name>
         <value>0x6980</value>
         <object_component_ref idref="oc-11f"/>
      </symbol>
      <symbol id="sm-49a">
         <name>_Comp2Regs</name>
         <value>0x6420</value>
         <object_component_ref idref="oc-110"/>
      </symbol>
      <symbol id="sm-49b">
         <name>_XIntruptRegs</name>
         <value>0x7070</value>
         <object_component_ref idref="oc-10e"/>
      </symbol>
      <symbol id="sm-49c">
         <name>_CpuTimer2Regs</name>
         <value>0xc10</value>
         <object_component_ref idref="oc-105"/>
      </symbol>
      <symbol id="sm-49d">
         <name>_PieCtrlRegs</name>
         <value>0xce0</value>
         <object_component_ref idref="oc-112"/>
      </symbol>
      <symbol id="sm-49e">
         <name>_SpibRegs</name>
         <value>0x7740</value>
         <object_component_ref idref="oc-10d"/>
      </symbol>
      <symbol id="sm-49f">
         <name>_ECanaRegs</name>
         <value>0x6000</value>
         <object_component_ref idref="oc-118"/>
      </symbol>
      <symbol id="sm-4a0">
         <name>_Comp3Regs</name>
         <value>0x6440</value>
         <object_component_ref idref="oc-111"/>
      </symbol>
      <symbol id="sm-4a1">
         <name>_ECap1Regs</name>
         <value>0x6a00</value>
         <object_component_ref idref="oc-114"/>
      </symbol>
      <symbol id="sm-4a2">
         <name>_EmuKey</name>
         <value>0xd00</value>
         <object_component_ref idref="oc-ff"/>
      </symbol>
      <symbol id="sm-4a3">
         <name>_LinaRegs</name>
         <value>0x6c00</value>
         <object_component_ref idref="oc-126"/>
      </symbol>
      <symbol id="sm-4a4">
         <name>_Cla1Regs</name>
         <value>0x1400</value>
         <object_component_ref idref="oc-123"/>
      </symbol>
      <symbol id="sm-4a5">
         <name>_EQep1Regs</name>
         <value>0x6b00</value>
         <object_component_ref idref="oc-124"/>
      </symbol>
      <symbol id="sm-4a6">
         <name>_EPwm1Regs</name>
         <value>0x6800</value>
         <object_component_ref idref="oc-119"/>
      </symbol>
      <symbol id="sm-4a7">
         <name>_GpioIntRegs</name>
         <value>0x6fe0</value>
         <object_component_ref idref="oc-108"/>
      </symbol>
      <symbol id="sm-4a8">
         <name>_PartIdRegs</name>
         <value>0x3d7e80</value>
         <object_component_ref idref="oc-fe"/>
      </symbol>
      <symbol id="sm-4a9">
         <name>_Flash_CPUScaleFactor</name>
         <value>0xd04</value>
         <object_component_ref idref="oc-101"/>
      </symbol>
      <symbol id="sm-4aa">
         <name>_EPwm2Regs</name>
         <value>0x6840</value>
         <object_component_ref idref="oc-11a"/>
      </symbol>
      <symbol id="sm-4ab">
         <name>_ECanaMboxes</name>
         <value>0x6100</value>
         <object_component_ref idref="oc-128"/>
      </symbol>
      <symbol id="sm-4ac">
         <name>_NmiIntruptRegs</name>
         <value>0x7060</value>
         <object_component_ref idref="oc-10a"/>
      </symbol>
      <symbol id="sm-4ad">
         <name>_ECanaMOTORegs</name>
         <value>0x60c0</value>
         <object_component_ref idref="oc-122"/>
      </symbol>
      <symbol id="sm-4ae">
         <name>_Flash_CallbackPtr</name>
         <value>0xd02</value>
         <object_component_ref idref="oc-102"/>
      </symbol>
      <symbol id="sm-4af">
         <name>_EPwm3Regs</name>
         <value>0x6880</value>
         <object_component_ref idref="oc-11b"/>
      </symbol>
      <symbol id="sm-4b0">
         <name>_I2caRegs</name>
         <value>0x7900</value>
         <object_component_ref idref="oc-117"/>
      </symbol>
      <symbol id="sm-4c3">
         <name>_micros</name>
         <value>0x13ba</value>
         <object_component_ref idref="oc-1ed"/>
      </symbol>
      <symbol id="sm-4c4">
         <name>_SysTick_Handler</name>
         <value>0x13b0</value>
         <object_component_ref idref="oc-1ed"/>
      </symbol>
      <symbol id="sm-4c5">
         <name>_millis</name>
         <value>0x13b6</value>
         <object_component_ref idref="oc-1ed"/>
      </symbol>
      <symbol id="sm-4c6">
         <name>_delay_ms</name>
         <value>0x13bc</value>
         <object_component_ref idref="oc-1ed"/>
      </symbol>
      <symbol id="sm-4c7">
         <name>_Delay_Init</name>
         <value>0x13af</value>
         <object_component_ref idref="oc-1ed"/>
      </symbol>
      <symbol id="sm-4c8">
         <name>_delay_us</name>
         <value>0x13c8</value>
         <object_component_ref idref="oc-1ed"/>
      </symbol>
      <symbol id="sm-4d8">
         <name>_main</name>
         <value>0x14d8</value>
         <object_component_ref idref="oc-1e1"/>
      </symbol>
      <symbol id="sm-4d9">
         <name>_loop__Fv</name>
         <value>0x14d7</value>
         <object_component_ref idref="oc-1e1"/>
      </symbol>
      <symbol id="sm-4da">
         <name>_setup__Fv</name>
         <value>0x14d6</value>
         <object_component_ref idref="oc-1e1"/>
      </symbol>
      <symbol id="sm-4f5">
         <name>_c_int00</name>
         <value>0x1194</value>
         <object_component_ref idref="oc-3f"/>
      </symbol>
      <symbol id="sm-4f6">
         <name>__stack</name>
         <value>0x480</value>
         <object_component_ref idref="oc-13a"/>
      </symbol>
      <symbol id="sm-510">
         <name>FS$$ADD</name>
         <value>0x105f</value>
         <object_component_ref idref="oc-140"/>
      </symbol>
      <symbol id="sm-511">
         <name>FS$$SUB</name>
         <value>0x105a</value>
         <object_component_ref idref="oc-140"/>
      </symbol>
      <symbol id="sm-523">
         <name>FS$$CMP</name>
         <value>0x14a3</value>
         <object_component_ref idref="oc-145"/>
      </symbol>
      <symbol id="sm-534">
         <name>FS$$DIV</name>
         <value>0xfd7</value>
         <object_component_ref idref="oc-14a"/>
      </symbol>
      <symbol id="sm-545">
         <name>FS$$MPY</name>
         <value>0x113a</value>
         <object_component_ref idref="oc-14f"/>
      </symbol>
      <symbol id="sm-552">
         <name>FS$$NEG</name>
         <value>0x1509</value>
         <object_component_ref idref="oc-154"/>
      </symbol>
      <symbol id="sm-563">
         <name>FS$$TOI</name>
         <value>0x12c2</value>
         <object_component_ref idref="oc-159"/>
      </symbol>
      <symbol id="sm-576">
         <name>FS$$TOL</name>
         <value>0x1299</value>
         <object_component_ref idref="oc-15e"/>
      </symbol>
      <symbol id="sm-584">
         <name>ULL$$CMP</name>
         <value>0x13a3</value>
         <object_component_ref idref="oc-163"/>
      </symbol>
      <symbol id="sm-585">
         <name>LL$$CMP</name>
         <value>0x1391</value>
         <object_component_ref idref="oc-163"/>
      </symbol>
      <symbol id="sm-5b1">
         <name>ULL$$MOD</name>
         <value>0xcec</value>
         <object_component_ref idref="oc-168"/>
      </symbol>
      <symbol id="sm-5b2">
         <name>ULL$$DIV</name>
         <value>0xcbd</value>
         <object_component_ref idref="oc-168"/>
      </symbol>
      <symbol id="sm-5b3">
         <name>LL$$MOD</name>
         <value>0xc83</value>
         <object_component_ref idref="oc-168"/>
      </symbol>
      <symbol id="sm-5b4">
         <name>LL$$DIV</name>
         <value>0xc47</value>
         <object_component_ref idref="oc-168"/>
      </symbol>
      <symbol id="sm-5c3">
         <name>I$$TOFS</name>
         <value>0x143e</value>
         <object_component_ref idref="oc-16d"/>
      </symbol>
      <symbol id="sm-5cf">
         <name>U$$MOD</name>
         <value>0x14e6</value>
         <object_component_ref idref="oc-172"/>
      </symbol>
      <symbol id="sm-5d0">
         <name>U$$DIV</name>
         <value>0x14e1</value>
         <object_component_ref idref="oc-172"/>
      </symbol>
      <symbol id="sm-5df">
         <name>L$$TOFS</name>
         <value>0x1458</value>
         <object_component_ref idref="oc-177"/>
      </symbol>
      <symbol id="sm-5eb">
         <name>UL$$MOD</name>
         <value>0x126a</value>
         <object_component_ref idref="oc-17c"/>
      </symbol>
      <symbol id="sm-5ec">
         <name>L$$MOD</name>
         <value>0x1255</value>
         <object_component_ref idref="oc-17c"/>
      </symbol>
      <symbol id="sm-5ed">
         <name>L$$DIV</name>
         <value>0x1246</value>
         <object_component_ref idref="oc-17c"/>
      </symbol>
      <symbol id="sm-5ee">
         <name>UL$$DIV</name>
         <value>0x1263</value>
         <object_component_ref idref="oc-17c"/>
      </symbol>
      <symbol id="sm-600">
         <name>FS$$TOLL</name>
         <value>0x130b</value>
         <object_component_ref idref="oc-181"/>
      </symbol>
      <symbol id="sm-60f">
         <name>LL$$TOFS</name>
         <value>0x132f</value>
         <object_component_ref idref="oc-186"/>
      </symbol>
      <symbol id="sm-61c">
         <name>__system_post_cinit</name>
         <value>0x151a</value>
         <object_component_ref idref="oc-1da"/>
      </symbol>
      <symbol id="sm-630">
         <name>C$$EXIT</name>
         <value>0x1270</value>
         <object_component_ref idref="oc-1dc"/>
      </symbol>
      <symbol id="sm-631">
         <name>_exit</name>
         <value>0x1272</value>
         <object_component_ref idref="oc-1dc"/>
      </symbol>
      <symbol id="sm-632">
         <name>___TI_cleanup_ptr</name>
         <value>0x90ba</value>
         <object_component_ref idref="oc-192"/>
      </symbol>
      <symbol id="sm-633">
         <name>___TI_enable_exit_profile_output</name>
         <value>0x90b8</value>
         <object_component_ref idref="oc-192"/>
      </symbol>
      <symbol id="sm-634">
         <name>_abort</name>
         <value>0x1270</value>
         <object_component_ref idref="oc-1dc"/>
      </symbol>
      <symbol id="sm-635">
         <name>___TI_dtors_ptr</name>
         <value>0x90bc</value>
         <object_component_ref idref="oc-192"/>
      </symbol>
      <symbol id="sm-644">
         <name>__args_main</name>
         <value>0x1472</value>
         <object_component_ref idref="oc-1db"/>
      </symbol>
      <symbol id="sm-654">
         <name>FD$$CMP</name>
         <value>0x121c</value>
         <object_component_ref idref="oc-19c"/>
      </symbol>
      <symbol id="sm-666">
         <name>FD$$MPY</name>
         <value>0xf54</value>
         <object_component_ref idref="oc-1a1"/>
      </symbol>
      <symbol id="sm-673">
         <name>FD$$NEG</name>
         <value>0x14ec</value>
         <object_component_ref idref="oc-1a6"/>
      </symbol>
      <symbol id="sm-67f">
         <name>FD$$SUB</name>
         <value>0x14ba</value>
         <object_component_ref idref="oc-1ab"/>
      </symbol>
      <symbol id="sm-68e">
         <name>FD$$TOI</name>
         <value>0x1351</value>
         <object_component_ref idref="oc-1b0"/>
      </symbol>
      <symbol id="sm-69d">
         <name>FD$$TOL</name>
         <value>0x1372</value>
         <object_component_ref idref="oc-1b5"/>
      </symbol>
      <symbol id="sm-6a9">
         <name>LL$$AND</name>
         <value>0x148b</value>
         <object_component_ref idref="oc-1ba"/>
      </symbol>
      <symbol id="sm-6aa">
         <name>LL$$OR</name>
         <value>0x1493</value>
         <object_component_ref idref="oc-1ba"/>
      </symbol>
      <symbol id="sm-6ab">
         <name>LL$$XOR</name>
         <value>0x149b</value>
         <object_component_ref idref="oc-1ba"/>
      </symbol>
      <symbol id="sm-6bb">
         <name>I$$TOFD</name>
         <value>0x13cc</value>
         <object_component_ref idref="oc-1bf"/>
      </symbol>
      <symbol id="sm-6cb">
         <name>L$$TOFD</name>
         <value>0x1422</value>
         <object_component_ref idref="oc-1c4"/>
      </symbol>
      <symbol id="sm-6db">
         <name>FS$$TOFD</name>
         <value>0x1406</value>
         <object_component_ref idref="oc-1c9"/>
      </symbol>
      <symbol id="sm-6f2">
         <name>FD$$DIV</name>
         <value>0xec9</value>
         <object_component_ref idref="oc-1ce"/>
      </symbol>
      <symbol id="sm-70d">
         <name>FD$$ADD</name>
         <value>0xe2d</value>
         <object_component_ref idref="oc-1d3"/>
      </symbol>
   </symbol_table>
   <title>Link errors: red sections failed placement,available memory ranges in purple</title>
</link_info>
